Archive member included to satisfy reference by file (symbol)

/usr/lib/gcc/arm-none-eabi/13.2.1/../../../arm-none-eabi/lib/thumb/v7e-m/nofp/libg.a(libc_a-memset.o)
                              /usr/lib/gcc/arm-none-eabi/13.2.1/../../../arm-none-eabi/lib/thumb/v7e-m/nofp/crt0.o (memset)
/usr/lib/gcc/arm-none-eabi/13.2.1/../../../arm-none-eabi/lib/thumb/v7e-m/nofp/libg.a(libc_a-errno.o)
                              objdir-CW308_STM32F4/stm32f4_sysmem.o (__errno)
/usr/lib/gcc/arm-none-eabi/13.2.1/../../../arm-none-eabi/lib/thumb/v7e-m/nofp/libg.a(libc_a-impure.o)
                              /usr/lib/gcc/arm-none-eabi/13.2.1/../../../arm-none-eabi/lib/thumb/v7e-m/nofp/libg.a(libc_a-errno.o) (_impure_ptr)
/usr/lib/gcc/arm-none-eabi/13.2.1/../../../arm-none-eabi/lib/thumb/v7e-m/nofp/libg.a(libc_a-memcpy.o)
                              objdir-CW308_STM32F4/simpleserial-hqc-pqclean.o (memcpy)
/usr/lib/gcc/arm-none-eabi/13.2.1/../../../arm-none-eabi/lib/thumb/v7e-m/nofp/libg.a(libc_a-init.o)
                              /usr/lib/gcc/arm-none-eabi/13.2.1/../../../arm-none-eabi/lib/thumb/v7e-m/nofp/crt0.o (__libc_init_array)
/usr/lib/gcc/arm-none-eabi/13.2.1/../../../arm-none-eabi/lib/thumb/v7e-m/nofp/libg.a(libc_a-findfp.o)
                              /usr/lib/gcc/arm-none-eabi/13.2.1/../../../arm-none-eabi/lib/thumb/v7e-m/nofp/libg.a(libc_a-impure.o) (__sf)
/usr/lib/gcc/arm-none-eabi/13.2.1/../../../arm-none-eabi/lib/thumb/v7e-m/nofp/libg.a(libc_a-exit.o)
                              /usr/lib/gcc/arm-none-eabi/13.2.1/../../../arm-none-eabi/lib/thumb/v7e-m/nofp/crt0.o (exit)
/usr/lib/gcc/arm-none-eabi/13.2.1/../../../arm-none-eabi/lib/thumb/v7e-m/nofp/libg.a(libc_a-atexit.o)
                              /usr/lib/gcc/arm-none-eabi/13.2.1/../../../arm-none-eabi/lib/thumb/v7e-m/nofp/crt0.o (atexit)
/usr/lib/gcc/arm-none-eabi/13.2.1/../../../arm-none-eabi/lib/thumb/v7e-m/nofp/libg.a(libc_a-fini.o)
                              /usr/lib/gcc/arm-none-eabi/13.2.1/../../../arm-none-eabi/lib/thumb/v7e-m/nofp/crt0.o (__libc_fini_array)
/usr/lib/gcc/arm-none-eabi/13.2.1/../../../arm-none-eabi/lib/thumb/v7e-m/nofp/libg.a(libc_a-fwalk.o)
                              /usr/lib/gcc/arm-none-eabi/13.2.1/../../../arm-none-eabi/lib/thumb/v7e-m/nofp/libg.a(libc_a-findfp.o) (_fwalk_sglue)
/usr/lib/gcc/arm-none-eabi/13.2.1/../../../arm-none-eabi/lib/thumb/v7e-m/nofp/libg.a(libc_a-mallocr.o)
                              /usr/lib/gcc/arm-none-eabi/13.2.1/../../../arm-none-eabi/lib/thumb/v7e-m/nofp/libg.a(libc_a-findfp.o) (_malloc_r)
/usr/lib/gcc/arm-none-eabi/13.2.1/../../../arm-none-eabi/lib/thumb/v7e-m/nofp/libg.a(libc_a-freer.o)
                              /usr/lib/gcc/arm-none-eabi/13.2.1/../../../arm-none-eabi/lib/thumb/v7e-m/nofp/libg.a(libc_a-mallocr.o) (_free_r)
/usr/lib/gcc/arm-none-eabi/13.2.1/../../../arm-none-eabi/lib/thumb/v7e-m/nofp/libg.a(libc_a-fclose.o)
                              /usr/lib/gcc/arm-none-eabi/13.2.1/../../../arm-none-eabi/lib/thumb/v7e-m/nofp/libg.a(libc_a-findfp.o) (_fclose_r)
/usr/lib/gcc/arm-none-eabi/13.2.1/../../../arm-none-eabi/lib/thumb/v7e-m/nofp/libg.a(libc_a-__call_atexit.o)
                              /usr/lib/gcc/arm-none-eabi/13.2.1/../../../arm-none-eabi/lib/thumb/v7e-m/nofp/libg.a(libc_a-exit.o) (__call_exitprocs)
/usr/lib/gcc/arm-none-eabi/13.2.1/../../../arm-none-eabi/lib/thumb/v7e-m/nofp/libg.a(libc_a-sysconf.o)
                              /usr/lib/gcc/arm-none-eabi/13.2.1/../../../arm-none-eabi/lib/thumb/v7e-m/nofp/libg.a(libc_a-mallocr.o) (sysconf)
/usr/lib/gcc/arm-none-eabi/13.2.1/../../../arm-none-eabi/lib/thumb/v7e-m/nofp/libg.a(libc_a-stdio.o)
                              /usr/lib/gcc/arm-none-eabi/13.2.1/../../../arm-none-eabi/lib/thumb/v7e-m/nofp/libg.a(libc_a-findfp.o) (__sread)
/usr/lib/gcc/arm-none-eabi/13.2.1/../../../arm-none-eabi/lib/thumb/v7e-m/nofp/libg.a(libc_a-__atexit.o)
                              /usr/lib/gcc/arm-none-eabi/13.2.1/../../../arm-none-eabi/lib/thumb/v7e-m/nofp/libg.a(libc_a-atexit.o) (__register_exitproc)
/usr/lib/gcc/arm-none-eabi/13.2.1/../../../arm-none-eabi/lib/thumb/v7e-m/nofp/libg.a(libc_a-writer.o)
                              /usr/lib/gcc/arm-none-eabi/13.2.1/../../../arm-none-eabi/lib/thumb/v7e-m/nofp/libg.a(libc_a-stdio.o) (_write_r)
/usr/lib/gcc/arm-none-eabi/13.2.1/../../../arm-none-eabi/lib/thumb/v7e-m/nofp/libg.a(libc_a-mlock.o)
                              /usr/lib/gcc/arm-none-eabi/13.2.1/../../../arm-none-eabi/lib/thumb/v7e-m/nofp/libg.a(libc_a-mallocr.o) (__malloc_lock)
/usr/lib/gcc/arm-none-eabi/13.2.1/../../../arm-none-eabi/lib/thumb/v7e-m/nofp/libg.a(libc_a-sbrkr.o)
                              /usr/lib/gcc/arm-none-eabi/13.2.1/../../../arm-none-eabi/lib/thumb/v7e-m/nofp/libg.a(libc_a-mallocr.o) (_sbrk_r)
/usr/lib/gcc/arm-none-eabi/13.2.1/../../../arm-none-eabi/lib/thumb/v7e-m/nofp/libg.a(libc_a-closer.o)
[...]
Memory Configuration

Name             Origin             Length             Attributes
RAM              0x20000000         0x00020000         xrw
ROM              0x08000000         0x00100000         xr
*default*        0x00000000         0xffffffff

Linker script and memory map

LOAD /usr/lib/gcc/arm-none-eabi/13.2.1/thumb/v7e-m/nofp/crti.o
LOAD /usr/lib/gcc/arm-none-eabi/13.2.1/thumb/v7e-m/nofp/crtbegin.o
LOAD /usr/lib/gcc/arm-none-eabi/13.2.1/../../../arm-none-eabi/lib/thumb/v7e-m/nofp/crt0.o
LOAD objdir-CW308_STM32F4/simpleserial-hqc-pqclean.o
LOAD objdir-CW308_STM32F4/code.o
LOAD objdir-CW308_STM32F4/reed_muller.o
LOAD objdir-CW308_STM32F4/reed_solomon.o
LOAD objdir-CW308_STM32F4/fft.o
LOAD objdir-CW308_STM32F4/gf.o
LOAD objdir-CW308_STM32F4/simpleserial.o
LOAD objdir-CW308_STM32F4/hal.o
LOAD objdir-CW308_STM32F4/stm32f4_hal.o
LOAD objdir-CW308_STM32F4/stm32f4_hal_lowlevel.o
LOAD objdir-CW308_STM32F4/stm32f4_sysmem.o
LOAD objdir-CW308_STM32F4/stm32f4xx_hal_rng.o
LOAD objdir-CW308_STM32F4/stm32f4_startup.o
LOAD /usr/lib/gcc/arm-none-eabi/13.2.1/../../../arm-none-eabi/lib/thumb/v7e-m/nofp/libm.a
LOAD /usr/lib/gcc/arm-none-eabi/13.2.1/../../../arm-none-eabi/lib/thumb/v7e-m/nofp/libm.a
START GROUP
LOAD /usr/lib/gcc/arm-none-eabi/13.2.1/thumb/v7e-m/nofp/libgcc.a
LOAD /usr/lib/gcc/arm-none-eabi/13.2.1/../../../arm-none-eabi/lib/thumb/v7e-m/nofp/libg.a
LOAD /usr/lib/gcc/arm-none-eabi/13.2.1/../../../arm-none-eabi/lib/thumb/v7e-m/nofp/libc.a
END GROUP
START GROUP
LOAD /usr/lib/gcc/arm-none-eabi/13.2.1/thumb/v7e-m/nofp/libgcc.a
LOAD /usr/lib/gcc/arm-none-eabi/13.2.1/../../../arm-none-eabi/lib/thumb/v7e-m/nofp/libc.a
LOAD /usr/lib/gcc/arm-none-eabi/13.2.1/../../../arm-none-eabi/lib/thumb/v7e-m/nofp/libnosys.a
END GROUP
LOAD /usr/lib/gcc/arm-none-eabi/13.2.1/thumb/v7e-m/nofp/crtend.o
LOAD /usr/lib/gcc/arm-none-eabi/13.2.1/thumb/v7e-m/nofp/crtn.o
                0x20020000                        _estack = 0x20020000
                0x00000000                        _Min_Heap_Size = 0x0
                0x00000400                        _Min_Stack_Size = 0x400

.isr_vector     0x08000000      0x188
                0x08000000                        . = ALIGN (0x4)
 *(.isr_vector)
 .isr_vector    0x08000000      0x188 objdir-CW308_STM32F4/stm32f4_startup.o
                0x08000000                g_pfnVectors
                0x08000188                        . = ALIGN (0x4)

.text           0x08000188     0x1aec
                0x08000188                        . = ALIGN (0x4)
 *(.text)
 .text          0x08000188       0x88 /usr/lib/gcc/arm-none-eabi/13.2.1/thumb/v7e-m/nofp/crtbegin.o
 .text          0x08000210       0xa4 /usr/lib/gcc/arm-none-eabi/13.2.1/../../../arm-none-eabi/lib/thumb/v7e-m/nofp/libg.a(libc_a-memset.o)
                0x08000210                memset
 .text          0x080002b4      0x134 /usr/lib/gcc/arm-none-eabi/13.2.1/../../../arm-none-eabi/lib/thumb/v7e-m/nofp/libg.a(libc_a-memcpy.o)
                0x080002b4                memcpy
 .text          0x080003e8       0x50 /usr/lib/gcc/arm-none-eabi/13.2.1/../../../arm-none-eabi/lib/thumb/v7e-m/nofp/libg.a(libc_a-init.o)
                0x080003e8                __libc_init_array
 .text          0x08000438        0xc /usr/lib/gcc/arm-none-eabi/13.2.1/../../../arm-none-eabi/lib/thumb/v7e-m/nofp/libg.a(libc_a-atexit.o)
                0x08000438                atexit
 .text          0x08000444       0x28 /usr/lib/gcc/arm-none-eabi/13.2.1/../../../arm-none-eabi/lib/thumb/v7e-m/nofp/libg.a(libc_a-fini.o)
                0x08000444                __libc_fini_array
 .text          0x0800046c       0x64 /usr/lib/gcc/arm-none-eabi/13.2.1/../../../arm-none-eabi/lib/thumb/v7e-m/nofp/libg.a(libc_a-__atexit.o)
                0x0800046c                __register_exitproc
 *(.text*)
 .text.set_single_byte
                0x080004d0       0x10 objdir-CW308_STM32F4/simpleserial-hqc-pqclean.o
                0x080004d0                set_single_byte
 .text.set_original_msg
                0x080004e0       0x1c objdir-CW308_STM32F4/simpleserial-hqc-pqclean.o
                0x080004e0                set_original_msg
 .text.set_msg  0x080004fc       0x34 objdir-CW308_STM32F4/simpleserial-hqc-pqclean.o
                0x080004fc                set_msg
 .text.encode_single
                0x08000530       0x28 objdir-CW308_STM32F4/simpleserial-hqc-pqclean.o
                0x08000530                encode_single
 .text.encode_full_triggered
                0x08000558       0x54 objdir-CW308_STM32F4/simpleserial-hqc-pqclean.o
                0x08000558                encode_full_triggered
 .text.get_codeword
                0x080005ac       0x28 objdir-CW308_STM32F4/simpleserial-hqc-pqclean.o
                0x080005ac                get_codeword
 .text.encode_full
                0x080005d4       0x38 objdir-CW308_STM32F4/simpleserial-hqc-pqclean.o
                0x080005d4                encode_full
 .text.encode_code
                0x0800060c       0x2c objdir-CW308_STM32F4/simpleserial-hqc-pqclean.o
                0x0800060c                encode_code
 .text.reset    0x08000638       0x3c objdir-CW308_STM32F4/simpleserial-hqc-pqclean.o
                0x08000638                reset
 .text.encode_code_triggered
                0x08000674       0x70 objdir-CW308_STM32F4/simpleserial-hqc-pqclean.o
                0x08000674                encode_code_triggered
 .text.startup.main
                0x080006e4       0xc4 objdir-CW308_STM32F4/simpleserial-hqc-pqclean.o
                0x080006e4                main
 .text.PQCLEAN_HQC128_CLEAN_code_encode
                0x080007a8       0x28 objdir-CW308_STM32F4/code.o
                0x080007a8                PQCLEAN_HQC128_CLEAN_code_encode
 .text.encode   0x080007d0       0x58 objdir-CW308_STM32F4/reed_muller.o
                0x080007d0                encode
 .text.PQCLEAN_HQC128_CLEAN_reed_muller_encode
                0x08000828       0xa4 objdir-CW308_STM32F4/reed_muller.o
                0x08000828                PQCLEAN_HQC128_CLEAN_reed_muller_encode
 .text.PQCLEAN_HQC128_CLEAN_reed_solomon_encode
                0x080008cc       0xb0 objdir-CW308_STM32F4/reed_solomon.o
                0x080008cc                PQCLEAN_HQC128_CLEAN_reed_solomon_encode
 .text.PQCLEAN_HQC128_CLEAN_gf_mul
                0x0800097c      0x194 objdir-CW308_STM32F4/gf.o
                0x0800097c                PQCLEAN_HQC128_CLEAN_gf_mul
 .text.check_version
                0x08000b10        0x4 objdir-CW308_STM32F4/simpleserial.o
                0x08000b10                check_version
 .text.ss_num_commands
                0x08000b14       0x34 objdir-CW308_STM32F4/simpleserial.o
                0x08000b14                ss_num_commands
 .text.ss_get_commands
                0x08000b48       0x78 objdir-CW308_STM32F4/simpleserial.o
                0x08000b48                ss_get_commands
 .text.hex_decode
                0x08000bc0       0xa0 objdir-CW308_STM32F4/simpleserial.o
                0x08000bc0                hex_decode
 .text.simpleserial_init
                0x08000c60       0x6c objdir-CW308_STM32F4/simpleserial.o
                0x08000c60                simpleserial_init
 .text.simpleserial_addcmd
                0x08000ccc       0x38 objdir-CW308_STM32F4/simpleserial.o
                0x08000ccc                simpleserial_addcmd
 .text.simpleserial_get
                0x08000d04      0x140 objdir-CW308_STM32F4/simpleserial.o
                0x08000d04                simpleserial_get
 .text.simpleserial_put
                0x08000e44       0x40 objdir-CW308_STM32F4/simpleserial.o
                0x08000e44                simpleserial_put
 .text.platform_init
                0x08000e84       0x80 objdir-CW308_STM32F4/stm32f4_hal.o
                0x08000e84                platform_init
 .text.init_uart
                0x08000f04       0x80 objdir-CW308_STM32F4/stm32f4_hal.o
                0x08000f04                init_uart
 .text.trigger_setup
                0x08000f84       0x44 objdir-CW308_STM32F4/stm32f4_hal.o
                0x08000f84                trigger_setup
 .text.trigger_high
                0x08000fc8       0x10 objdir-CW308_STM32F4/stm32f4_hal.o
                0x08000fc8                trigger_high
 .text.trigger_low
                0x08000fd8       0x10 objdir-CW308_STM32F4/stm32f4_hal.o
                0x08000fd8                trigger_low
 .text.getch    0x08000fe8       0x28 objdir-CW308_STM32F4/stm32f4_hal.o
                0x08000fe8                getch
 .text.putch    0x08001010       0x24 objdir-CW308_STM32F4/stm32f4_hal.o
                0x08001010                putch
 .text.HAL_RCC_OscConfig
                0x08001034      0x3ec objdir-CW308_STM32F4/stm32f4_hal_lowlevel.o
                0x08001034                HAL_RCC_OscConfig
 .text.HAL_RCC_ClockConfig
                0x08001420      0x17c objdir-CW308_STM32F4/stm32f4_hal_lowlevel.o
                0x08001420                HAL_RCC_ClockConfig
 .text.HAL_GPIO_Init
                0x0800159c      0x3a8 objdir-CW308_STM32F4/stm32f4_hal_lowlevel.o
                0x0800159c                HAL_GPIO_Init
 .text.HAL_GPIO_WritePin
                0x08001944        0x8 objdir-CW308_STM32F4/stm32f4_hal_lowlevel.o
                0x08001944                HAL_GPIO_WritePin
 .text.HAL_UART_Init
                0x0800194c       0xf8 objdir-CW308_STM32F4/stm32f4_hal_lowlevel.o
                0x0800194c                HAL_UART_Init
 .text.HAL_UART_Transmit
                0x08001a44       0x98 objdir-CW308_STM32F4/stm32f4_hal_lowlevel.o
                0x08001a44                HAL_UART_Transmit
 .text.HAL_UART_Receive
                0x08001adc       0xe0 objdir-CW308_STM32F4/stm32f4_hal_lowlevel.o
                0x08001adc                HAL_UART_Receive
 .text.HAL_RNG_MspInit
                0x08001bbc        0x4 objdir-CW308_STM32F4/stm32f4xx_hal_rng.o
                0x08001bbc                HAL_RNG_MspInit
 .text.HAL_RNG_Init
                0x08001bc0       0x3c objdir-CW308_STM32F4/stm32f4xx_hal_rng.o
                0x08001bc0                HAL_RNG_Init
 .text.Reset_Handler
                0x08001bfc       0x48 objdir-CW308_STM32F4/stm32f4_startup.o
                0x08001bfc                Reset_Handler
 .text.Default_Handler
                0x08001c44        0x2 objdir-CW308_STM32F4/stm32f4_startup.o
                0x08001c44                DebugMon_Handler
                0x08001c44                HardFault_Handler
                0x08001c44                SysTick_Handler
                0x08001c44                PendSV_Handler
                0x08001c44                NMI_Handler
                0x08001c44                UsageFault_Handler
                0x08001c44                Default_Handler
                0x08001c44                MemManage_Handler
                0x08001c44                SVC_Handler
                0x08001c44                BusFault_Handler
 *fill*         0x08001c46        0x2 
 .text.startup  0x08001c48       0x14 /usr/lib/gcc/arm-none-eabi/13.2.1/../../../arm-none-eabi/lib/thumb/v7e-m/nofp/libg.a(libc_a-__call_atexit.o)
 *(.glue_7)
 .glue_7        0x08001c5c        0x0 linker stubs
 *(.glue_7t)
 .glue_7t       0x08001c5c        0x0 linker stubs
 *(.eh_frame)
 .eh_frame      0x08001c5c        0x0 /usr/lib/gcc/arm-none-eabi/13.2.1/thumb/v7e-m/nofp/crtbegin.o
 *(.init)
 .init          0x08001c5c        0x4 /usr/lib/gcc/arm-none-eabi/13.2.1/thumb/v7e-m/nofp/crti.o
                0x08001c5c                _init
 .init          0x08001c60        0x8 /usr/lib/gcc/arm-none-eabi/13.2.1/thumb/v7e-m/nofp/crtn.o
 *(.fini)
 .fini          0x08001c68        0x4 /usr/lib/gcc/arm-none-eabi/13.2.1/thumb/v7e-m/nofp/crti.o
                0x08001c68                _fini
 .fini          0x08001c6c        0x8 /usr/lib/gcc/arm-none-eabi/13.2.1/thumb/v7e-m/nofp/crtn.o
                0x08001c74                        . = ALIGN (0x4)
                0x08001c74                        _etext = .

.vfp11_veneer   0x08001c74        0x0
 .vfp11_veneer  0x08001c74        0x0 linker stubs

.v4_bx          0x08001c74        0x0
 .v4_bx         0x08001c74        0x0 linker stubs

.iplt           0x08001c74        0x0
 .iplt          0x08001c74        0x0 /usr/lib/gcc/arm-none-eabi/13.2.1/thumb/v7e-m/nofp/crtbegin.o

.rodata         0x08001c74      0xce0
                0x08001c74                        . = ALIGN (0x4)
 *(.rodata)
 .rodata        0x08001c74      0xcd0 objdir-CW308_STM32F4/reed_solomon.o
 .rodata        0x08002944       0x10 objdir-CW308_STM32F4/simpleserial.o
 *(.rodata*)
                0x08002954                        . = ALIGN (0x4)

.ARM.extab      0x08002954        0x0
                0x08002954                        . = ALIGN (0x4)
 *(.ARM.extab* .gnu.linkonce.armextab.*)
                0x08002954                        . = ALIGN (0x4)

.ARM            0x08002954        0x8
                0x08002954                        . = ALIGN (0x4)
                0x08002954                        __exidx_start = .
 *(.ARM.exidx*)
 .ARM.exidx     0x08002954        0x8 /usr/lib/gcc/arm-none-eabi/13.2.1/../../../arm-none-eabi/lib/thumb/v7e-m/nofp/libg.a(libc_a-memcpy.o)
                0x0800295c                        __exidx_end = .
                0x0800295c                        . = ALIGN (0x4)

.rel.dyn        0x0800295c        0x0
 .rel.iplt      0x0800295c        0x0 /usr/lib/gcc/arm-none-eabi/13.2.1/thumb/v7e-m/nofp/crtbegin.o

.preinit_array  0x0800295c        0x0
                0x0800295c                        . = ALIGN (0x4)
                0x0800295c                        PROVIDE (__preinit_array_start = .)
 *(.preinit_array*)
                0x0800295c                        PROVIDE (__preinit_array_end = .)
                0x0800295c                        . = ALIGN (0x4)

.init_array     0x0800295c        0x8
                0x0800295c                        . = ALIGN (0x4)
                0x0800295c                        PROVIDE (__init_array_start = .)
 *(SORT_BY_NAME(.init_array.*))
 .init_array.00000
                0x0800295c        0x4 /usr/lib/gcc/arm-none-eabi/13.2.1/../../../arm-none-eabi/lib/thumb/v7e-m/nofp/libg.a(libc_a-__call_atexit.o)
 *(.init_array*)
 .init_array    0x08002960        0x4 /usr/lib/gcc/arm-none-eabi/13.2.1/thumb/v7e-m/nofp/crtbegin.o
                0x08002964                        PROVIDE (__init_array_end = .)
                0x08002964                        . = ALIGN (0x4)

.fini_array     0x08002964        0x4
                0x08002964                        . = ALIGN (0x4)
                0x08002964                        PROVIDE (__fini_array_start = .)
 *(SORT_BY_NAME(.fini_array.*))
 *(.fini_array*)
 .fini_array    0x08002964        0x4 /usr/lib/gcc/arm-none-eabi/13.2.1/thumb/v7e-m/nofp/crtbegin.o
                0x08002968                        PROVIDE (__fini_array_end = .)
                0x08002968                        . = ALIGN (0x4)
                0x08002968                        _sidata = LOADADDR (.data)

.data           0x20000000        0x0 load address 0x08002968
                0x20000000                        . = ALIGN (0x4)
                0x20000000                        _sdata = .
 *(.data)
 *(.data*)
                0x20000000                        . = ALIGN (0x4)
                0x20000000                        _edata = .

.tm_clone_table
                0x20000000        0x0 load address 0x08002968
 .tm_clone_table
                0x20000000        0x0 /usr/lib/gcc/arm-none-eabi/13.2.1/thumb/v7e-m/nofp/crtbegin.o
 .tm_clone_table
                0x20000000        0x0 /usr/lib/gcc/arm-none-eabi/13.2.1/thumb/v7e-m/nofp/crtend.o

.igot.plt       0x20000000        0x0 load address 0x08002968
 .igot.plt      0x20000000        0x0 /usr/lib/gcc/arm-none-eabi/13.2.1/thumb/v7e-m/nofp/crtbegin.o
                0x20000000                        . = ALIGN (0x4)

.bss            0x20000000      0xd58 load address 0x08002968
                0x20000000                        _sbss = .
                0x20000000                        __bss_start__ = _sbss
 *(.bss)
 .bss           0x20000000       0x1c /usr/lib/gcc/arm-none-eabi/13.2.1/thumb/v7e-m/nofp/crtbegin.o
 *fill*         0x2000001c        0x4 
 .bss           0x20000020      0x8f8 objdir-CW308_STM32F4/simpleserial-hqc-pqclean.o
 .bss           0x20000918      0x204 objdir-CW308_STM32F4/simpleserial.o
 *fill*         0x20000b1c        0x4 
 .bss           0x20000b20       0xa0 objdir-CW308_STM32F4/stm32f4_hal.o
                0x20000b20                RngHandle
                0x20000b30                UartHandle
                0x20000bb0                hw_key
 .bss           0x20000bc0        0x4 objdir-CW308_STM32F4/stm32f4_hal_lowlevel.o
 .bss           0x20000bc4        0x4 /usr/lib/gcc/arm-none-eabi/13.2.1/../../../arm-none-eabi/lib/thumb/v7e-m/nofp/libg.a(libc_a-__call_atexit.o)
                0x20000bc4                __atexit
 .bss           0x20000bc8      0x190 /usr/lib/gcc/arm-none-eabi/13.2.1/../../../arm-none-eabi/lib/thumb/v7e-m/nofp/libg.a(libc_a-__atexit.o)
                0x20000bc8                __atexit0
 *(.bss*)
 *(COMMON)
                0x20000d58                        . = ALIGN (0x4)
                0x20000d58                        _ebss = .
                0x20000d58                        __bss_end__ = _ebss

._user_heap_stack
                0x20000d58      0x400 load address 0x08002968
                0x20000d58                        . = ALIGN (0x8)
                0x20000d58                        PROVIDE (end = .)
                [!provide]                        PROVIDE (_end = .)
                0x20000d58                        . = (. + _Min_Heap_Size)
                0x20001158                        . = (. + _Min_Stack_Size)
 *fill*         0x20000d58      0x400 
                0x20001158                        . = ALIGN (0x8)

/DISCARD/
 libc.a(*)
 libm.a(*)
 libgcc.a(*)

.ARM.attributes
                0x00000000       0x2a
 *(.ARM.attributes)
 .ARM.attributes
                0x00000000       0x1e /usr/lib/gcc/arm-none-eabi/13.2.1/thumb/v7e-m/nofp/crti.o
 .ARM.attributes
                0x0000001e       0x2e /usr/lib/gcc/arm-none-eabi/13.2.1/thumb/v7e-m/nofp/crtbegin.o
 .ARM.attributes
                0x0000004c       0x2e objdir-CW308_STM32F4/simpleserial-hqc-pqclean.o
 .ARM.attributes
                0x0000007a       0x2e objdir-CW308_STM32F4/code.o
 .ARM.attributes
                0x000000a8       0x2e objdir-CW308_STM32F4/reed_muller.o
 .ARM.attributes
                0x000000d6       0x2e objdir-CW308_STM32F4/reed_solomon.o
 .ARM.attributes
                0x00000104       0x2e objdir-CW308_STM32F4/gf.o
 .ARM.attributes
                0x00000132       0x2e objdir-CW308_STM32F4/simpleserial.o
 .ARM.attributes
                0x00000160       0x2e objdir-CW308_STM32F4/stm32f4_hal.o
 .ARM.attributes
                0x0000018e       0x2e objdir-CW308_STM32F4/stm32f4_hal_lowlevel.o
 .ARM.attributes
                0x000001bc       0x2e objdir-CW308_STM32F4/stm32f4xx_hal_rng.o
 .ARM.attributes
                0x000001ea       0x21 objdir-CW308_STM32F4/stm32f4_startup.o
 .ARM.attributes
                0x0000020b       0x2e /usr/lib/gcc/arm-none-eabi/13.2.1/../../../arm-none-eabi/lib/thumb/v7e-m/nofp/libg.a(libc_a-memset.o)
 .ARM.attributes
                0x00000239       0x1c /usr/lib/gcc/arm-none-eabi/13.2.1/../../../arm-none-eabi/lib/thumb/v7e-m/nofp/libg.a(libc_a-memcpy.o)
 .ARM.attributes
                0x00000255       0x2e /usr/lib/gcc/arm-none-eabi/13.2.1/../../../arm-none-eabi/lib/thumb/v7e-m/nofp/libg.a(libc_a-init.o)
 .ARM.attributes
                0x00000283       0x2e /usr/lib/gcc/arm-none-eabi/13.2.1/../../../arm-none-eabi/lib/thumb/v7e-m/nofp/libg.a(libc_a-atexit.o)
 .ARM.attributes
                0x000002b1       0x2e /usr/lib/gcc/arm-none-eabi/13.2.1/../../../arm-none-eabi/lib/thumb/v7e-m/nofp/libg.a(libc_a-fini.o)
 .ARM.attributes
                0x000002df       0x2e /usr/lib/gcc/arm-none-eabi/13.2.1/../../../arm-none-eabi/lib/thumb/v7e-m/nofp/libg.a(libc_a-__call_atexit.o)
 .ARM.attributes
                0x0000030d       0x2e /usr/lib/gcc/arm-none-eabi/13.2.1/../../../arm-none-eabi/lib/thumb/v7e-m/nofp/libg.a(libc_a-__atexit.o)
 .ARM.attributes
                0x0000033b       0x2e /usr/lib/gcc/arm-none-eabi/13.2.1/thumb/v7e-m/nofp/crtend.o
 .ARM.attributes
                0x00000369       0x1e /usr/lib/gcc/arm-none-eabi/13.2.1/thumb/v7e-m/nofp/crtn.o
OUTPUT(simpleserial-hqc-CW308_STM32F4.elf elf32-littlearm)
LOAD linker stubs
LOAD /usr/lib/gcc/arm-none-eabi/13.2.1/../../../arm-none-eabi/lib/thumb/v7e-m/nofp/libc.a
LOAD /usr/lib/gcc/arm-none-eabi/13.2.1/../../../arm-none-eabi/lib/thumb/v7e-m/nofp/libm.a
LOAD /usr/lib/gcc/arm-none-eabi/13.2.1/thumb/v7e-m/nofp/libgcc.a

.comment        0x00000000       0x26
 .comment       0x00000000       0x26 /usr/lib/gcc/arm-none-eabi/13.2.1/thumb/v7e-m/nofp/crtbegin.o
                                 0x27 (size before relaxing)
 .comment       0x00000026       0x27 objdir-CW308_STM32F4/simpleserial-hqc-pqclean.o
 .comment       0x00000026       0x27 objdir-CW308_STM32F4/code.o
 .comment       0x00000026       0x27 objdir-CW308_STM32F4/reed_muller.o
 .comment       0x00000026       0x27 objdir-CW308_STM32F4/reed_solomon.o
 .comment       0x00000026       0x27 objdir-CW308_STM32F4/gf.o
 .comment       0x00000026       0x27 objdir-CW308_STM32F4/simpleserial.o
 .comment       0x00000026       0x27 objdir-CW308_STM32F4/stm32f4_hal.o
 .comment       0x00000026       0x27 objdir-CW308_STM32F4/stm32f4_hal_lowlevel.o
 .comment       0x00000026       0x27 objdir-CW308_STM32F4/stm32f4xx_hal_rng.o
 .comment       0x00000026       0x27 /usr/lib/gcc/arm-none-eabi/13.2.1/../../../arm-none-eabi/lib/thumb/v7e-m/nofp/libg.a(libc_a-memset.o)
 .comment       0x00000026       0x27 /usr/lib/gcc/arm-none-eabi/13.2.1/../../../arm-none-eabi/lib/thumb/v7e-m/nofp/libg.a(libc_a-init.o)
 .comment       0x00000026       0x27 /usr/lib/gcc/arm-none-eabi/13.2.1/../../../arm-none-eabi/lib/thumb/v7e-m/nofp/libg.a(libc_a-atexit.o)
 .comment       0x00000026       0x27 /usr/lib/gcc/arm-none-eabi/13.2.1/../../../arm-none-eabi/lib/thumb/v7e-m/nofp/libg.a(libc_a-fini.o)
 .comment       0x00000026       0x27 /usr/lib/gcc/arm-none-eabi/13.2.1/../../../arm-none-eabi/lib/thumb/v7e-m/nofp/libg.a(libc_a-__call_atexit.o)
 .comment       0x00000026       0x27 /usr/lib/gcc/arm-none-eabi/13.2.1/../../../arm-none-eabi/lib/thumb/v7e-m/nofp/libg.a(libc_a-__atexit.o)
 .comment       0x00000026       0x27 /usr/lib/gcc/arm-none-eabi/13.2.1/thumb/v7e-m/nofp/crtend.o

.debug_info     0x00000000     0x9bfb
 .debug_info    0x00000000     0x1514 objdir-CW308_STM32F4/simpleserial-hqc-pqclean.o
 .debug_info    0x00001514      0xd33 objdir-CW308_STM32F4/code.o
 .debug_info    0x00002247      0x742 objdir-CW308_STM32F4/reed_muller.o
 .debug_info    0x00002989      0xf28 objdir-CW308_STM32F4/reed_solomon.o
 .debug_info    0x000038b1     0x10b6 objdir-CW308_STM32F4/gf.o
 .debug_info    0x00004967      0xc31 objdir-CW308_STM32F4/simpleserial.o
 .debug_info    0x00005598     0x16b4 objdir-CW308_STM32F4/stm32f4_hal.o
 .debug_info    0x00006c4c     0x20fa objdir-CW308_STM32F4/stm32f4_hal_lowlevel.o
 .debug_info    0x00008d46      0x5ac objdir-CW308_STM32F4/stm32f4xx_hal_rng.o
 .debug_info    0x000092f2      0x135 /usr/lib/gcc/arm-none-eabi/13.2.1/../../../arm-none-eabi/lib/thumb/v7e-m/nofp/libg.a(libc_a-memset.o)
 .debug_info    0x00009427       0x33 /usr/lib/gcc/arm-none-eabi/13.2.1/../../../arm-none-eabi/lib/thumb/v7e-m/nofp/libg.a(libc_a-memcpy.o)
 .debug_info    0x0000945a      0x10b /usr/lib/gcc/arm-none-eabi/13.2.1/../../../arm-none-eabi/lib/thumb/v7e-m/nofp/libg.a(libc_a-init.o)
 .debug_info    0x00009565      0x11e /usr/lib/gcc/arm-none-eabi/13.2.1/../../../arm-none-eabi/lib/thumb/v7e-m/nofp/libg.a(libc_a-atexit.o)
 .debug_info    0x00009683       0xf7 /usr/lib/gcc/arm-none-eabi/13.2.1/../../../arm-none-eabi/lib/thumb/v7e-m/nofp/libg.a(libc_a-fini.o)
 .debug_info    0x0000977a      0x284 /usr/lib/gcc/arm-none-eabi/13.2.1/../../../arm-none-eabi/lib/thumb/v7e-m/nofp/libg.a(libc_a-__call_atexit.o)
 .debug_info    0x000099fe      0x1fd /usr/lib/gcc/arm-none-eabi/13.2.1/../../../arm-none-eabi/lib/thumb/v7e-m/nofp/libg.a(libc_a-__atexit.o)

.debug_abbrev   0x00000000     0x1dee
 .debug_abbrev  0x00000000      0x1e8 objdir-CW308_STM32F4/simpleserial-hqc-pqclean.o
 .debug_abbrev  0x000001e8      0x101 objdir-CW308_STM32F4/code.o
 .debug_abbrev  0x000002e9      0x253 objdir-CW308_STM32F4/reed_muller.o
 .debug_abbrev  0x0000053c      0x30e objdir-CW308_STM32F4/reed_solomon.o
 .debug_abbrev  0x0000084a      0x230 objdir-CW308_STM32F4/gf.o
 .debug_abbrev  0x00000a7a      0x343 objdir-CW308_STM32F4/simpleserial.o
 .debug_abbrev  0x00000dbd      0x2c5 objdir-CW308_STM32F4/stm32f4_hal.o
 .debug_abbrev  0x00001082      0x444 objdir-CW308_STM32F4/stm32f4_hal_lowlevel.o
 .debug_abbrev  0x000014c6      0x2bf objdir-CW308_STM32F4/stm32f4xx_hal_rng.o
 .debug_abbrev  0x00001785       0xb7 /usr/lib/gcc/arm-none-eabi/13.2.1/../../../arm-none-eabi/lib/thumb/v7e-m/nofp/libg.a(libc_a-memset.o)
 .debug_abbrev  0x0000183c       0x28 /usr/lib/gcc/arm-none-eabi/13.2.1/../../../arm-none-eabi/lib/thumb/v7e-m/nofp/libg.a(libc_a-memcpy.o)
 .debug_abbrev  0x00001864       0xc9 /usr/lib/gcc/arm-none-eabi/13.2.1/../../../arm-none-eabi/lib/thumb/v7e-m/nofp/libg.a(libc_a-init.o)
 .debug_abbrev  0x0000192d       0xc1 /usr/lib/gcc/arm-none-eabi/13.2.1/../../../arm-none-eabi/lib/thumb/v7e-m/nofp/libg.a(libc_a-atexit.o)
 .debug_abbrev  0x000019ee       0xcc /usr/lib/gcc/arm-none-eabi/13.2.1/../../../arm-none-eabi/lib/thumb/v7e-m/nofp/libg.a(libc_a-fini.o)
 .debug_abbrev  0x00001aba      0x1dd /usr/lib/gcc/arm-none-eabi/13.2.1/../../../arm-none-eabi/lib/thumb/v7e-m/nofp/libg.a(libc_a-__call_atexit.o)
 .debug_abbrev  0x00001c97      0x157 /usr/lib/gcc/arm-none-eabi/13.2.1/../../../arm-none-eabi/lib/thumb/v7e-m/nofp/libg.a(libc_a-__atexit.o)

.debug_loc      0x00000000     0x9dee
 .debug_loc     0x00000000      0x6b8 objdir-CW308_STM32F4/simpleserial-hqc-pqclean.o
 .debug_loc     0x000006b8       0xfa objdir-CW308_STM32F4/code.o
 .debug_loc     0x000007b2      0xbcb objdir-CW308_STM32F4/reed_muller.o
 .debug_loc     0x0000137d     0x254e objdir-CW308_STM32F4/reed_solomon.o
 .debug_loc     0x000038cb     0x2c66 objdir-CW308_STM32F4/gf.o
 .debug_loc     0x00006531     0x108c objdir-CW308_STM32F4/simpleserial.o
 .debug_loc     0x000075bd      0x405 objdir-CW308_STM32F4/stm32f4_hal.o
 .debug_loc     0x000079c2     0x1df9 objdir-CW308_STM32F4/stm32f4_hal_lowlevel.o
 .debug_loc     0x000097bb      0x633 objdir-CW308_STM32F4/stm32f4xx_hal_rng.o

.debug_aranges  0x00000000      0x428
 .debug_aranges
                0x00000000       0x70 objdir-CW308_STM32F4/simpleserial-hqc-pqclean.o
 .debug_aranges
                0x00000070       0x28 objdir-CW308_STM32F4/code.o
 .debug_aranges
                0x00000098       0x40 objdir-CW308_STM32F4/reed_muller.o
 .debug_aranges
                0x000000d8       0x28 objdir-CW308_STM32F4/reed_solomon.o
 .debug_aranges
                0x00000100       0x30 objdir-CW308_STM32F4/gf.o
 .debug_aranges
                0x00000130       0x68 objdir-CW308_STM32F4/simpleserial.o
 .debug_aranges
                0x00000198       0x88 objdir-CW308_STM32F4/stm32f4_hal.o
 .debug_aranges
                0x00000220       0xa0 objdir-CW308_STM32F4/stm32f4_hal_lowlevel.o
 .debug_aranges
                0x000002c0       0x80 objdir-CW308_STM32F4/stm32f4xx_hal_rng.o
 .debug_aranges
                0x00000340       0x20 /usr/lib/gcc/arm-none-eabi/13.2.1/../../../arm-none-eabi/lib/thumb/v7e-m/nofp/libg.a(libc_a-memset.o)
 .debug_aranges
                0x00000360       0x20 /usr/lib/gcc/arm-none-eabi/13.2.1/../../../arm-none-eabi/lib/thumb/v7e-m/nofp/libg.a(libc_a-memcpy.o)
 .debug_aranges
                0x00000380       0x20 /usr/lib/gcc/arm-none-eabi/13.2.1/../../../arm-none-eabi/lib/thumb/v7e-m/nofp/libg.a(libc_a-init.o)
 .debug_aranges
                0x000003a0       0x20 /usr/lib/gcc/arm-none-eabi/13.2.1/../../../arm-none-eabi/lib/thumb/v7e-m/nofp/libg.a(libc_a-atexit.o)
 .debug_aranges
                0x000003c0       0x20 /usr/lib/gcc/arm-none-eabi/13.2.1/../../../arm-none-eabi/lib/thumb/v7e-m/nofp/libg.a(libc_a-fini.o)
 .debug_aranges
                0x000003e0       0x28 /usr/lib/gcc/arm-none-eabi/13.2.1/../../../arm-none-eabi/lib/thumb/v7e-m/nofp/libg.a(libc_a-__call_atexit.o)
 .debug_aranges
                0x00000408       0x20 /usr/lib/gcc/arm-none-eabi/13.2.1/../../../arm-none-eabi/lib/thumb/v7e-m/nofp/libg.a(libc_a-__atexit.o)

.debug_ranges   0x00000000     0x1158
 .debug_ranges  0x00000000       0xa8 objdir-CW308_STM32F4/simpleserial-hqc-pqclean.o
 .debug_ranges  0x000000a8       0x18 objdir-CW308_STM32F4/code.o
 .debug_ranges  0x000000c0      0x1a8 objdir-CW308_STM32F4/reed_muller.o
 .debug_ranges  0x00000268      0x148 objdir-CW308_STM32F4/reed_solomon.o
 .debug_ranges  0x000003b0      0x400 objdir-CW308_STM32F4/gf.o
 .debug_ranges  0x000007b0      0x268 objdir-CW308_STM32F4/simpleserial.o
 .debug_ranges  0x00000a18      0x158 objdir-CW308_STM32F4/stm32f4_hal.o
 .debug_ranges  0x00000b70      0x550 objdir-CW308_STM32F4/stm32f4_hal_lowlevel.o
 .debug_ranges  0x000010c0       0x98 objdir-CW308_STM32F4/stm32f4xx_hal_rng.o

.debug_line     0x00000000     0x726f
 .debug_line    0x00000000      0x51b objdir-CW308_STM32F4/simpleserial-hqc-pqclean.o
 .debug_line    0x0000051b      0x176 objdir-CW308_STM32F4/code.o
 .debug_line    0x00000691      0x6c3 objdir-CW308_STM32F4/reed_muller.o
 .debug_line    0x00000d54      0xec0 objdir-CW308_STM32F4/reed_solomon.o
 .debug_line    0x00001c14     0x1498 objdir-CW308_STM32F4/gf.o
 .debug_line    0x000030ac      0xac6 objdir-CW308_STM32F4/simpleserial.o
 .debug_line    0x00003b72      0x722 objdir-CW308_STM32F4/stm32f4_hal.o
 .debug_line    0x00004294     0x211c objdir-CW308_STM32F4/stm32f4_hal_lowlevel.o
 .debug_line    0x000063b0      0x5cf objdir-CW308_STM32F4/stm32f4xx_hal_rng.o
 .debug_line    0x0000697f      0x1b6 /usr/lib/gcc/arm-none-eabi/13.2.1/../../../arm-none-eabi/lib/thumb/v7e-m/nofp/libg.a(libc_a-memset.o)
 .debug_line    0x00006b35       0xb9 /usr/lib/gcc/arm-none-eabi/13.2.1/../../../arm-none-eabi/lib/thumb/v7e-m/nofp/libg.a(libc_a-memcpy.o)
 .debug_line    0x00006bee      0x11e /usr/lib/gcc/arm-none-eabi/13.2.1/../../../arm-none-eabi/lib/thumb/v7e-m/nofp/libg.a(libc_a-init.o)
 .debug_line    0x00006d0c       0xc3 /usr/lib/gcc/arm-none-eabi/13.2.1/../../../arm-none-eabi/lib/thumb/v7e-m/nofp/libg.a(libc_a-atexit.o)
 .debug_line    0x00006dcf       0xd2 /usr/lib/gcc/arm-none-eabi/13.2.1/../../../arm-none-eabi/lib/thumb/v7e-m/nofp/libg.a(libc_a-fini.o)
 .debug_line    0x00006ea1      0x27f /usr/lib/gcc/arm-none-eabi/13.2.1/../../../arm-none-eabi/lib/thumb/v7e-m/nofp/libg.a(libc_a-__call_atexit.o)
 .debug_line    0x00007120      0x14f /usr/lib/gcc/arm-none-eabi/13.2.1/../../../arm-none-eabi/lib/thumb/v7e-m/nofp/libg.a(libc_a-__atexit.o)

.debug_str      0x00000000     0x1c78
 .debug_str     0x00000000     0x1c78 objdir-CW308_STM32F4/simpleserial-hqc-pqclean.o
                                0x3ed (size before relaxing)
 .debug_str     0x00001c78      0x2fc objdir-CW308_STM32F4/code.o
 .debug_str     0x00001c78      0x300 objdir-CW308_STM32F4/reed_muller.o
 .debug_str     0x00001c78      0x472 objdir-CW308_STM32F4/reed_solomon.o
 .debug_str     0x00001c78      0x2c3 objdir-CW308_STM32F4/gf.o
 .debug_str     0x00001c78      0x318 objdir-CW308_STM32F4/simpleserial.o
 .debug_str     0x00001c78      0xdee objdir-CW308_STM32F4/stm32f4_hal.o
 .debug_str     0x00001c78      0xe63 objdir-CW308_STM32F4/stm32f4_hal_lowlevel.o
 .debug_str     0x00001c78      0x477 objdir-CW308_STM32F4/stm32f4xx_hal_rng.o
 .debug_str     0x00001c78      0x1a2 /usr/lib/gcc/arm-none-eabi/13.2.1/../../../arm-none-eabi/lib/thumb/v7e-m/nofp/libg.a(libc_a-memset.o)
 .debug_str     0x00001c78       0xa4 /usr/lib/gcc/arm-none-eabi/13.2.1/../../../arm-none-eabi/lib/thumb/v7e-m/nofp/libg.a(libc_a-memcpy.o)
 .debug_str     0x00001c78      0x1ef /usr/lib/gcc/arm-none-eabi/13.2.1/../../../arm-none-eabi/lib/thumb/v7e-m/nofp/libg.a(libc_a-init.o)
 .debug_str     0x00001c78      0x1cb /usr/lib/gcc/arm-none-eabi/13.2.1/../../../arm-none-eabi/lib/thumb/v7e-m/nofp/libg.a(libc_a-atexit.o)
 .debug_str     0x00001c78      0x1c5 /usr/lib/gcc/arm-none-eabi/13.2.1/../../../arm-none-eabi/lib/thumb/v7e-m/nofp/libg.a(libc_a-fini.o)
 .debug_str     0x00001c78      0x258 /usr/lib/gcc/arm-none-eabi/13.2.1/../../../arm-none-eabi/lib/thumb/v7e-m/nofp/libg.a(libc_a-__call_atexit.o)
 .debug_str     0x00001c78      0x236 /usr/lib/gcc/arm-none-eabi/13.2.1/../../../arm-none-eabi/lib/thumb/v7e-m/nofp/libg.a(libc_a-__atexit.o)

.debug_frame    0x00000000      0xa5c
 .debug_frame   0x00000000      0x120 objdir-CW308_STM32F4/simpleserial-hqc-pqclean.o
 .debug_frame   0x00000120       0x50 objdir-CW308_STM32F4/code.o
 .debug_frame   0x00000170       0xc0 objdir-CW308_STM32F4/reed_muller.o
 .debug_frame   0x00000230       0x70 objdir-CW308_STM32F4/reed_solomon.o
 .debug_frame   0x000002a0       0x60 objdir-CW308_STM32F4/gf.o
 .debug_frame   0x00000300      0x13c objdir-CW308_STM32F4/simpleserial.o
 .debug_frame   0x0000043c      0x180 objdir-CW308_STM32F4/stm32f4_hal.o
 .debug_frame   0x000005bc      0x240 objdir-CW308_STM32F4/stm32f4_hal_lowlevel.o
 .debug_frame   0x000007fc      0x12c objdir-CW308_STM32F4/stm32f4xx_hal_rng.o
 .debug_frame   0x00000928       0x2c /usr/lib/gcc/arm-none-eabi/13.2.1/../../../arm-none-eabi/lib/thumb/v7e-m/nofp/libg.a(libc_a-memset.o)
 .debug_frame   0x00000954       0x2c /usr/lib/gcc/arm-none-eabi/13.2.1/../../../arm-none-eabi/lib/thumb/v7e-m/nofp/libg.a(libc_a-init.o)
 .debug_frame   0x00000980       0x20 /usr/lib/gcc/arm-none-eabi/13.2.1/../../../arm-none-eabi/lib/thumb/v7e-m/nofp/libg.a(libc_a-atexit.o)
 .debug_frame   0x000009a0       0x34 /usr/lib/gcc/arm-none-eabi/13.2.1/../../../arm-none-eabi/lib/thumb/v7e-m/nofp/libg.a(libc_a-fini.o)
 .debug_frame   0x000009d4       0x54 /usr/lib/gcc/arm-none-eabi/13.2.1/../../../arm-none-eabi/lib/thumb/v7e-m/nofp/libg.a(libc_a-__call_atexit.o)
 .debug_frame   0x00000a28       0x34 /usr/lib/gcc/arm-none-eabi/13.2.1/../../../arm-none-eabi/lib/thumb/v7e-m/nofp/libg.a(libc_a-__atexit.o)

.stab           0x00000000      0x144
 .stab          0x00000000      0x144 objdir-CW308_STM32F4/stm32f4_startup.o

.stabstr        0x00000000       0x81
 .stabstr       0x00000000       0x81 objdir-CW308_STM32F4/stm32f4_startup.o

.debug_loclists
                0x00000000      0x47c
 .debug_loclists
                0x00000000      0x1c2 /usr/lib/gcc/arm-none-eabi/13.2.1/../../../arm-none-eabi/lib/thumb/v7e-m/nofp/libg.a(libc_a-memset.o)
 .debug_loclists
                0x000001c2       0x65 /usr/lib/gcc/arm-none-eabi/13.2.1/../../../arm-none-eabi/lib/thumb/v7e-m/nofp/libg.a(libc_a-init.o)
 .debug_loclists
                0x00000227       0x2b /usr/lib/gcc/arm-none-eabi/13.2.1/../../../arm-none-eabi/lib/thumb/v7e-m/nofp/libg.a(libc_a-atexit.o)
 .debug_loclists
                0x00000252       0x42 /usr/lib/gcc/arm-none-eabi/13.2.1/../../../arm-none-eabi/lib/thumb/v7e-m/nofp/libg.a(libc_a-fini.o)
 .debug_loclists
                0x00000294      0x102 /usr/lib/gcc/arm-none-eabi/13.2.1/../../../arm-none-eabi/lib/thumb/v7e-m/nofp/libg.a(libc_a-__call_atexit.o)
 .debug_loclists
                0x00000396       0xe6 /usr/lib/gcc/arm-none-eabi/13.2.1/../../../arm-none-eabi/lib/thumb/v7e-m/nofp/libg.a(libc_a-__atexit.o)

.debug_line_str
                0x00000000       0x91
 .debug_line_str
                0x00000000       0x91 /usr/lib/gcc/arm-none-eabi/13.2.1/../../../arm-none-eabi/lib/thumb/v7e-m/nofp/libg.a(libc_a-memcpy.o)

.debug_rnglists
                0x00000000       0x3a
 .debug_rnglists
                0x00000000       0x3a /usr/lib/gcc/arm-none-eabi/13.2.1/../../../arm-none-eabi/lib/thumb/v7e-m/nofp/libg.a(libc_a-__call_atexit.o)

Cross Reference Table

Symbol                                            File
BusFault_Handler                                  objdir-CW308_STM32F4/stm32f4_startup.o
DebugMon_Handler                                  objdir-CW308_STM32F4/stm32f4_startup.o
Default_Handler                                   objdir-CW308_STM32F4/stm32f4_startup.o
HAL_CRYP_AESECB_Decrypt                           objdir-CW308_STM32F4/stm32f4_hal_lowlevel.o
                                                  objdir-CW308_STM32F4/stm32f4_hal.o
HAL_CRYP_AESECB_Encrypt                           objdir-CW308_STM32F4/stm32f4_hal_lowlevel.o
                                                  objdir-CW308_STM32F4/stm32f4_hal.o
HAL_CRYP_DeInit                                   objdir-CW308_STM32F4/stm32f4_hal_lowlevel.o
HAL_CRYP_Init                                     objdir-CW308_STM32F4/stm32f4_hal_lowlevel.o
                                                  objdir-CW308_STM32F4/stm32f4_hal.o
HAL_GPIO_Init                                     objdir-CW308_STM32F4/stm32f4_hal_lowlevel.o
                                                  objdir-CW308_STM32F4/stm32f4_hal.o
HAL_GPIO_WritePin                                 objdir-CW308_STM32F4/stm32f4_hal_lowlevel.o
                                                  objdir-CW308_STM32F4/stm32f4_hal.o
HAL_GetTick                                       objdir-CW308_STM32F4/stm32f4_hal_lowlevel.o
                                                  objdir-CW308_STM32F4/stm32f4xx_hal_rng.o
HAL_RCC_ClockConfig                               objdir-CW308_STM32F4/stm32f4_hal_lowlevel.o
                                                  objdir-CW308_STM32F4/stm32f4_hal.o
HAL_RCC_GetPCLK1Freq                              objdir-CW308_STM32F4/stm32f4_hal_lowlevel.o
HAL_RCC_GetPCLK2Freq                              objdir-CW308_STM32F4/stm32f4_hal_lowlevel.o
HAL_RCC_OscConfig                                 objdir-CW308_STM32F4/stm32f4_hal_lowlevel.o
                                                  objdir-CW308_STM32F4/stm32f4_hal.o
HAL_RNG_DeInit                                    objdir-CW308_STM32F4/stm32f4xx_hal_rng.o
HAL_RNG_ErrorCallback                             objdir-CW308_STM32F4/stm32f4xx_hal_rng.o
HAL_RNG_GenerateRandomNumber                      objdir-CW308_STM32F4/stm32f4xx_hal_rng.o
                                                  objdir-CW308_STM32F4/stm32f4_hal.o
HAL_RNG_GenerateRandomNumber_IT                   objdir-CW308_STM32F4/stm32f4xx_hal_rng.o
HAL_RNG_GetRandomNumber                           objdir-CW308_STM32F4/stm32f4xx_hal_rng.o
HAL_RNG_GetRandomNumber_IT                        objdir-CW308_STM32F4/stm32f4xx_hal_rng.o
HAL_RNG_GetState                                  objdir-CW308_STM32F4/stm32f4xx_hal_rng.o
HAL_RNG_IRQHandler                                objdir-CW308_STM32F4/stm32f4xx_hal_rng.o
HAL_RNG_Init                                      objdir-CW308_STM32F4/stm32f4xx_hal_rng.o
                                                  objdir-CW308_STM32F4/stm32f4_hal.o
HAL_RNG_MspDeInit                                 objdir-CW308_STM32F4/stm32f4xx_hal_rng.o
HAL_RNG_MspInit                                   objdir-CW308_STM32F4/stm32f4xx_hal_rng.o
HAL_RNG_ReadLastRandomNumber                      objdir-CW308_STM32F4/stm32f4xx_hal_rng.o
HAL_RNG_ReadyDataCallback                         objdir-CW308_STM32F4/stm32f4xx_hal_rng.o
HAL_UART_Init                                     objdir-CW308_STM32F4/stm32f4_hal_lowlevel.o
                                                  objdir-CW308_STM32F4/stm32f4_hal.o
HAL_UART_Receive                                  objdir-CW308_STM32F4/stm32f4_hal_lowlevel.o
                                                  objdir-CW308_STM32F4/stm32f4_hal.o
HAL_UART_Transmit                                 objdir-CW308_STM32F4/stm32f4_hal_lowlevel.o
                                                  objdir-CW308_STM32F4/stm32f4_hal.o
HW_AES128_Dec                                     objdir-CW308_STM32F4/stm32f4_hal.o
HW_AES128_Enc                                     objdir-CW308_STM32F4/stm32f4_hal.o
HW_AES128_Enc_posttrigger                         objdir-CW308_STM32F4/stm32f4_hal.o
HW_AES128_Enc_pretrigger                          objdir-CW308_STM32F4/stm32f4_hal.o
HW_AES128_Init                                    objdir-CW308_STM32F4/stm32f4_hal.o
HW_AES128_LoadKey                                 objdir-CW308_STM32F4/stm32f4_hal.o
HardFault_Handler                                 objdir-CW308_STM32F4/stm32f4_startup.o
MemManage_Handler                                 objdir-CW308_STM32F4/stm32f4_startup.o
NMI_Handler                                       objdir-CW308_STM32F4/stm32f4_startup.o
PQCLEAN_HQC128_CLEAN_code_decode                  objdir-CW308_STM32F4/code.o
PQCLEAN_HQC128_CLEAN_code_encode                  objdir-CW308_STM32F4/code.o
                                                  objdir-CW308_STM32F4/simpleserial-hqc-pqclean.o
PQCLEAN_HQC128_CLEAN_fft                          objdir-CW308_STM32F4/fft.o
                                                  objdir-CW308_STM32F4/reed_solomon.o
PQCLEAN_HQC128_CLEAN_fft_retrieve_error_poly      objdir-CW308_STM32F4/fft.o
                                                  objdir-CW308_STM32F4/reed_solomon.o
PQCLEAN_HQC128_CLEAN_gf_inverse                   objdir-CW308_STM32F4/gf.o
                                                  objdir-CW308_STM32F4/fft.o
                                                  objdir-CW308_STM32F4/reed_solomon.o
PQCLEAN_HQC128_CLEAN_gf_mul                       objdir-CW308_STM32F4/gf.o
                                                  objdir-CW308_STM32F4/fft.o
                                                  objdir-CW308_STM32F4/reed_solomon.o
PQCLEAN_HQC128_CLEAN_gf_square                    objdir-CW308_STM32F4/gf.o
                                                  objdir-CW308_STM32F4/fft.o
PQCLEAN_HQC128_CLEAN_reed_muller_decode           objdir-CW308_STM32F4/reed_muller.o
                                                  objdir-CW308_STM32F4/code.o
PQCLEAN_HQC128_CLEAN_reed_muller_encode           objdir-CW308_STM32F4/reed_muller.o
                                                  objdir-CW308_STM32F4/code.o
                                                  objdir-CW308_STM32F4/simpleserial-hqc-pqclean.o
PQCLEAN_HQC128_CLEAN_reed_solomon_decode          objdir-CW308_STM32F4/reed_solomon.o
                                                  objdir-CW308_STM32F4/code.o
PQCLEAN_HQC128_CLEAN_reed_solomon_encode          objdir-CW308_STM32F4/reed_solomon.o
                                                  objdir-CW308_STM32F4/code.o
                                                  objdir-CW308_STM32F4/simpleserial-hqc-pqclean.o
PendSV_Handler                                    objdir-CW308_STM32F4/stm32f4_startup.o
RCC_AHB2PeriphClockCmd                            objdir-CW308_STM32F4/stm32f4_hal_lowlevel.o
Reset_Handler                                     objdir-CW308_STM32F4/stm32f4_startup.o
RngHandle                                         objdir-CW308_STM32F4/stm32f4_hal.o
SVC_Handler                                       objdir-CW308_STM32F4/stm32f4_startup.o
SysTick_Handler                                   objdir-CW308_STM32F4/stm32f4_startup.o
SystemInit                                        objdir-CW308_STM32F4/stm32f4_startup.o
UartHandle                                        objdir-CW308_STM32F4/stm32f4_hal.o
UsageFault_Handler                                objdir-CW308_STM32F4/stm32f4_startup.o
_ITM_deregisterTMCloneTable                       /usr/lib/gcc/arm-none-eabi/13.2.1/thumb/v7e-m/nofp/crtbegin.o
_ITM_registerTMCloneTable                         /usr/lib/gcc/arm-none-eabi/13.2.1/thumb/v7e-m/nofp/crtbegin.o
__TMC_END__                                       /usr/lib/gcc/arm-none-eabi/13.2.1/thumb/v7e-m/nofp/crtend.o
                                                  /usr/lib/gcc/arm-none-eabi/13.2.1/thumb/v7e-m/nofp/crtbegin.o
__atexit                                          /usr/lib/gcc/arm-none-eabi/13.2.1/../../../arm-none-eabi/lib/thumb/v7e-m/nofp/libg.a(libc_a-__call_atexit.o)
                                                  /usr/lib/gcc/arm-none-eabi/13.2.1/../../../arm-none-eabi/lib/thumb/v7e-m/nofp/libg.a(libc_a-__atexit.o)
__atexit0                                         /usr/lib/gcc/arm-none-eabi/13.2.1/../../../arm-none-eabi/lib/thumb/v7e-m/nofp/libg.a(libc_a-__atexit.o)
__bss_end__                                       /usr/lib/gcc/arm-none-eabi/13.2.1/../../../arm-none-eabi/lib/thumb/v7e-m/nofp/crt0.o
__bss_start__                                     /usr/lib/gcc/arm-none-eabi/13.2.1/../../../arm-none-eabi/lib/thumb/v7e-m/nofp/crt0.o
__call_exitprocs                                  /usr/lib/gcc/arm-none-eabi/13.2.1/../../../arm-none-eabi/lib/thumb/v7e-m/nofp/libg.a(libc_a-__call_atexit.o)
                                                  /usr/lib/gcc/arm-none-eabi/13.2.1/../../../arm-none-eabi/lib/thumb/v7e-m/nofp/libg.a(libc_a-exit.o)
__deregister_frame_info                           /usr/lib/gcc/arm-none-eabi/13.2.1/thumb/v7e-m/nofp/crtbegin.o
__dso_handle                                      /usr/lib/gcc/arm-none-eabi/13.2.1/thumb/v7e-m/nofp/crtbegin.o
__errno                                           /usr/lib/gcc/arm-none-eabi/13.2.1/../../../arm-none-eabi/lib/thumb/v7e-m/nofp/libg.a(libc_a-errno.o)
                                                  /usr/lib/gcc/arm-none-eabi/13.2.1/../../../arm-none-eabi/lib/thumb/v7e-m/nofp/libg.a(libc_a-sysconf.o)
                                                  objdir-CW308_STM32F4/stm32f4_sysmem.o
__fini_array_end                                  /usr/lib/gcc/arm-none-eabi/13.2.1/../../../arm-none-eabi/lib/thumb/v7e-m/nofp/libg.a(libc_a-fini.o)
__fini_array_start                                /usr/lib/gcc/arm-none-eabi/13.2.1/../../../arm-none-eabi/lib/thumb/v7e-m/nofp/libg.a(libc_a-fini.o)
__fp_lock_all                                     /usr/lib/gcc/arm-none-eabi/13.2.1/../../../arm-none-eabi/lib/thumb/v7e-m/nofp/libg.a(libc_a-findfp.o)
__fp_unlock_all                                   /usr/lib/gcc/arm-none-eabi/13.2.1/../../../arm-none-eabi/lib/thumb/v7e-m/nofp/libg.a(libc_a-findfp.o)
__init_array_end                                  /usr/lib/gcc/arm-none-eabi/13.2.1/../../../arm-none-eabi/lib/thumb/v7e-m/nofp/libg.a(libc_a-init.o)
__init_array_start                                /usr/lib/gcc/arm-none-eabi/13.2.1/../../../arm-none-eabi/lib/thumb/v7e-m/nofp/libg.a(libc_a-init.o)
__libc_fini                                       /usr/lib/gcc/arm-none-eabi/13.2.1/../../../arm-none-eabi/lib/thumb/v7e-m/nofp/libg.a(libc_a-__call_atexit.o)
__libc_fini_array                                 /usr/lib/gcc/arm-none-eabi/13.2.1/../../../arm-none-eabi/lib/thumb/v7e-m/nofp/libg.a(libc_a-fini.o)
                                                  /usr/lib/gcc/arm-none-eabi/13.2.1/../../../arm-none-eabi/lib/thumb/v7e-m/nofp/libg.a(libc_a-__call_atexit.o)
                                                  /usr/lib/gcc/arm-none-eabi/13.2.1/../../../arm-none-eabi/lib/thumb/v7e-m/nofp/crt0.o
__libc_init_array                                 /usr/lib/gcc/arm-none-eabi/13.2.1/../../../arm-none-eabi/lib/thumb/v7e-m/nofp/libg.a(libc_a-init.o)
                                                  objdir-CW308_STM32F4/stm32f4_startup.o
                                                  /usr/lib/gcc/arm-none-eabi/13.2.1/../../../arm-none-eabi/lib/thumb/v7e-m/nofp/crt0.o
__malloc_av_                                      /usr/lib/gcc/arm-none-eabi/13.2.1/../../../arm-none-eabi/lib/thumb/v7e-m/nofp/libg.a(libc_a-mallocr.o)
                                                  /usr/lib/gcc/arm-none-eabi/13.2.1/../../../arm-none-eabi/lib/thumb/v7e-m/nofp/libg.a(libc_a-freer.o)
__malloc_current_mallinfo                         /usr/lib/gcc/arm-none-eabi/13.2.1/../../../arm-none-eabi/lib/thumb/v7e-m/nofp/libg.a(libc_a-mallocr.o)
                                                  /usr/lib/gcc/arm-none-eabi/13.2.1/../../../arm-none-eabi/lib/thumb/v7e-m/nofp/libg.a(libc_a-freer.o)
__malloc_lock                                     /usr/lib/gcc/arm-none-eabi/13.2.1/../../../arm-none-eabi/lib/thumb/v7e-m/nofp/libg.a(libc_a-mlock.o)
                                                  /usr/lib/gcc/arm-none-eabi/13.2.1/../../../arm-none-eabi/lib/thumb/v7e-m/nofp/libg.a(libc_a-freer.o)
                                                  /usr/lib/gcc/arm-none-eabi/13.2.1/../../../arm-none-eabi/lib/thumb/v7e-m/nofp/libg.a(libc_a-mallocr.o)
__malloc_max_sbrked_mem                           /usr/lib/gcc/arm-none-eabi/13.2.1/../../../arm-none-eabi/lib/thumb/v7e-m/nofp/libg.a(libc_a-mallocr.o)
__malloc_max_total_mem                            /usr/lib/gcc/arm-none-eabi/13.2.1/../../../arm-none-eabi/lib/thumb/v7e-m/nofp/libg.a(libc_a-mallocr.o)
__malloc_sbrk_base                                /usr/lib/gcc/arm-none-eabi/13.2.1/../../../arm-none-eabi/lib/thumb/v7e-m/nofp/libg.a(libc_a-mallocr.o)
                                                  /usr/lib/gcc/arm-none-eabi/13.2.1/../../../arm-none-eabi/lib/thumb/v7e-m/nofp/libg.a(libc_a-freer.o)
__malloc_top_pad                                  /usr/lib/gcc/arm-none-eabi/13.2.1/../../../arm-none-eabi/lib/thumb/v7e-m/nofp/libg.a(libc_a-mallocr.o)
                                                  /usr/lib/gcc/arm-none-eabi/13.2.1/../../../arm-none-eabi/lib/thumb/v7e-m/nofp/libg.a(libc_a-freer.o)
__malloc_trim_threshold                           /usr/lib/gcc/arm-none-eabi/13.2.1/../../../arm-none-eabi/lib/thumb/v7e-m/nofp/libg.a(libc_a-mallocr.o)
                                                  /usr/lib/gcc/arm-none-eabi/13.2.1/../../../arm-none-eabi/lib/thumb/v7e-m/nofp/libg.a(libc_a-freer.o)
__malloc_unlock                                   /usr/lib/gcc/arm-none-eabi/13.2.1/../../../arm-none-eabi/lib/thumb/v7e-m/nofp/libg.a(libc_a-mlock.o)
                                                  /usr/lib/gcc/arm-none-eabi/13.2.1/../../../arm-none-eabi/lib/thumb/v7e-m/nofp/libg.a(libc_a-freer.o)
                                                  /usr/lib/gcc/arm-none-eabi/13.2.1/../../../arm-none-eabi/lib/thumb/v7e-m/nofp/libg.a(libc_a-mallocr.o)
__preinit_array_end                               /usr/lib/gcc/arm-none-eabi/13.2.1/../../../arm-none-eabi/lib/thumb/v7e-m/nofp/libg.a(libc_a-init.o)
__preinit_array_start                             /usr/lib/gcc/arm-none-eabi/13.2.1/../../../arm-none-eabi/lib/thumb/v7e-m/nofp/libg.a(libc_a-init.o)
__register_exitproc                               /usr/lib/gcc/arm-none-eabi/13.2.1/../../../arm-none-eabi/lib/thumb/v7e-m/nofp/libg.a(libc_a-__atexit.o)
                                                  /usr/lib/gcc/arm-none-eabi/13.2.1/../../../arm-none-eabi/lib/thumb/v7e-m/nofp/libg.a(libc_a-atexit.o)
__register_frame_info                             /usr/lib/gcc/arm-none-eabi/13.2.1/thumb/v7e-m/nofp/crtbegin.o
__sclose                                          /usr/lib/gcc/arm-none-eabi/13.2.1/../../../arm-none-eabi/lib/thumb/v7e-m/nofp/libg.a(libc_a-stdio.o)
                                                  /usr/lib/gcc/arm-none-eabi/13.2.1/../../../arm-none-eabi/lib/thumb/v7e-m/nofp/libg.a(libc_a-findfp.o)
__seofread                                        /usr/lib/gcc/arm-none-eabi/13.2.1/../../../arm-none-eabi/lib/thumb/v7e-m/nofp/libg.a(libc_a-stdio.o)
__sf                                              /usr/lib/gcc/arm-none-eabi/13.2.1/../../../arm-none-eabi/lib/thumb/v7e-m/nofp/libg.a(libc_a-findfp.o)
                                                  /usr/lib/gcc/arm-none-eabi/13.2.1/../../../arm-none-eabi/lib/thumb/v7e-m/nofp/libg.a(libc_a-impure.o)
__sflush_r                                        /usr/lib/gcc/arm-none-eabi/13.2.1/../../../arm-none-eabi/lib/thumb/v7e-m/nofp/libg.a(libc_a-fflush.o)
                                                  /usr/lib/gcc/arm-none-eabi/13.2.1/../../../arm-none-eabi/lib/thumb/v7e-m/nofp/libg.a(libc_a-fclose.o)
__sfp                                             /usr/lib/gcc/arm-none-eabi/13.2.1/../../../arm-none-eabi/lib/thumb/v7e-m/nofp/libg.a(libc_a-findfp.o)
__sfp_lock_acquire                                /usr/lib/gcc/arm-none-eabi/13.2.1/../../../arm-none-eabi/lib/thumb/v7e-m/nofp/libg.a(libc_a-findfp.o)
                                                  /usr/lib/gcc/arm-none-eabi/13.2.1/../../../arm-none-eabi/lib/thumb/v7e-m/nofp/libg.a(libc_a-fclose.o)
__sfp_lock_release                                /usr/lib/gcc/arm-none-eabi/13.2.1/../../../arm-none-eabi/lib/thumb/v7e-m/nofp/libg.a(libc_a-findfp.o)
                                                  /usr/lib/gcc/arm-none-eabi/13.2.1/../../../arm-none-eabi/lib/thumb/v7e-m/nofp/libg.a(libc_a-fclose.o)
__sglue                                           /usr/lib/gcc/arm-none-eabi/13.2.1/../../../arm-none-eabi/lib/thumb/v7e-m/nofp/libg.a(libc_a-findfp.o)
                                                  /usr/lib/gcc/arm-none-eabi/13.2.1/../../../arm-none-eabi/lib/thumb/v7e-m/nofp/libg.a(libc_a-fflush.o)
__sinit                                           /usr/lib/gcc/arm-none-eabi/13.2.1/../../../arm-none-eabi/lib/thumb/v7e-m/nofp/libg.a(libc_a-findfp.o)
                                                  /usr/lib/gcc/arm-none-eabi/13.2.1/../../../arm-none-eabi/lib/thumb/v7e-m/nofp/libg.a(libc_a-fflush.o)
                                                  /usr/lib/gcc/arm-none-eabi/13.2.1/../../../arm-none-eabi/lib/thumb/v7e-m/nofp/libg.a(libc_a-fclose.o)
__sread                                           /usr/lib/gcc/arm-none-eabi/13.2.1/../../../arm-none-eabi/lib/thumb/v7e-m/nofp/libg.a(libc_a-stdio.o)
                                                  /usr/lib/gcc/arm-none-eabi/13.2.1/../../../arm-none-eabi/lib/thumb/v7e-m/nofp/libg.a(libc_a-findfp.o)
__sseek                                           /usr/lib/gcc/arm-none-eabi/13.2.1/../../../arm-none-eabi/lib/thumb/v7e-m/nofp/libg.a(libc_a-stdio.o)
                                                  /usr/lib/gcc/arm-none-eabi/13.2.1/../../../arm-none-eabi/lib/thumb/v7e-m/nofp/libg.a(libc_a-findfp.o)
__stack                                           /usr/lib/gcc/arm-none-eabi/13.2.1/../../../arm-none-eabi/lib/thumb/v7e-m/nofp/crt0.o
__stdio_exit_handler                              /usr/lib/gcc/arm-none-eabi/13.2.1/../../../arm-none-eabi/lib/thumb/v7e-m/nofp/libg.a(libc_a-findfp.o)
                                                  /usr/lib/gcc/arm-none-eabi/13.2.1/../../../arm-none-eabi/lib/thumb/v7e-m/nofp/libg.a(libc_a-exit.o)
__swrite                                          /usr/lib/gcc/arm-none-eabi/13.2.1/../../../arm-none-eabi/lib/thumb/v7e-m/nofp/libg.a(libc_a-stdio.o)
                                                  /usr/lib/gcc/arm-none-eabi/13.2.1/../../../arm-none-eabi/lib/thumb/v7e-m/nofp/libg.a(libc_a-findfp.o)
_close                                            objdir-CW308_STM32F4/hal.o
                                                  /usr/lib/gcc/arm-none-eabi/13.2.1/../../../arm-none-eabi/lib/thumb/v7e-m/nofp/libg.a(libc_a-closer.o)
_close_r                                          /usr/lib/gcc/arm-none-eabi/13.2.1/../../../arm-none-eabi/lib/thumb/v7e-m/nofp/libg.a(libc_a-closer.o)
                                                  /usr/lib/gcc/arm-none-eabi/13.2.1/../../../arm-none-eabi/lib/thumb/v7e-m/nofp/libg.a(libc_a-stdio.o)
_ebss                                             objdir-CW308_STM32F4/stm32f4_startup.o
_edata                                            objdir-CW308_STM32F4/stm32f4_startup.o
_estack                                           objdir-CW308_STM32F4/stm32f4_startup.o
_exit                                             /usr/lib/gcc/arm-none-eabi/13.2.1/../../../arm-none-eabi/lib/thumb/v7e-m/nofp/libnosys.a(_exit.o)
                                                  /usr/lib/gcc/arm-none-eabi/13.2.1/../../../arm-none-eabi/lib/thumb/v7e-m/nofp/libg.a(libc_a-exit.o)
_fclose_r                                         /usr/lib/gcc/arm-none-eabi/13.2.1/../../../arm-none-eabi/lib/thumb/v7e-m/nofp/libg.a(libc_a-fclose.o)
                                                  /usr/lib/gcc/arm-none-eabi/13.2.1/../../../arm-none-eabi/lib/thumb/v7e-m/nofp/libg.a(libc_a-findfp.o)
_fflush_r                                         /usr/lib/gcc/arm-none-eabi/13.2.1/../../../arm-none-eabi/lib/thumb/v7e-m/nofp/libg.a(libc_a-fflush.o)
_fini                                             /usr/lib/gcc/arm-none-eabi/13.2.1/thumb/v7e-m/nofp/crti.o
                                                  /usr/lib/gcc/arm-none-eabi/13.2.1/../../../arm-none-eabi/lib/thumb/v7e-m/nofp/libg.a(libc_a-fini.o)
_free_r                                           /usr/lib/gcc/arm-none-eabi/13.2.1/../../../arm-none-eabi/lib/thumb/v7e-m/nofp/libg.a(libc_a-freer.o)
                                                  /usr/lib/gcc/arm-none-eabi/13.2.1/../../../arm-none-eabi/lib/thumb/v7e-m/nofp/libg.a(libc_a-reent.o)
                                                  /usr/lib/gcc/arm-none-eabi/13.2.1/../../../arm-none-eabi/lib/thumb/v7e-m/nofp/libg.a(libc_a-fflush.o)
                                                  /usr/lib/gcc/arm-none-eabi/13.2.1/../../../arm-none-eabi/lib/thumb/v7e-m/nofp/libg.a(libc_a-fclose.o)
                                                  /usr/lib/gcc/arm-none-eabi/13.2.1/../../../arm-none-eabi/lib/thumb/v7e-m/nofp/libg.a(libc_a-mallocr.o)
_fstat                                            objdir-CW308_STM32F4/hal.o
_fwalk_sglue                                      /usr/lib/gcc/arm-none-eabi/13.2.1/../../../arm-none-eabi/lib/thumb/v7e-m/nofp/libg.a(libc_a-fwalk.o)
                                                  /usr/lib/gcc/arm-none-eabi/13.2.1/../../../arm-none-eabi/lib/thumb/v7e-m/nofp/libg.a(libc_a-fflush.o)
                                                  /usr/lib/gcc/arm-none-eabi/13.2.1/../../../arm-none-eabi/lib/thumb/v7e-m/nofp/libg.a(libc_a-findfp.o)
_getpid                                           objdir-CW308_STM32F4/hal.o
_impure_data                                      /usr/lib/gcc/arm-none-eabi/13.2.1/../../../arm-none-eabi/lib/thumb/v7e-m/nofp/libg.a(libc_a-impure.o)
                                                  /usr/lib/gcc/arm-none-eabi/13.2.1/../../../arm-none-eabi/lib/thumb/v7e-m/nofp/libg.a(libc_a-fflush.o)
                                                  /usr/lib/gcc/arm-none-eabi/13.2.1/../../../arm-none-eabi/lib/thumb/v7e-m/nofp/libg.a(libc_a-findfp.o)
_impure_ptr                                       /usr/lib/gcc/arm-none-eabi/13.2.1/../../../arm-none-eabi/lib/thumb/v7e-m/nofp/libg.a(libc_a-impure.o)
                                                  /usr/lib/gcc/arm-none-eabi/13.2.1/../../../arm-none-eabi/lib/thumb/v7e-m/nofp/libg.a(libc_a-reent.o)
                                                  /usr/lib/gcc/arm-none-eabi/13.2.1/../../../arm-none-eabi/lib/thumb/v7e-m/nofp/libg.a(libc_a-fflush.o)
                                                  /usr/lib/gcc/arm-none-eabi/13.2.1/../../../arm-none-eabi/lib/thumb/v7e-m/nofp/libg.a(libc_a-fclose.o)
                                                  /usr/lib/gcc/arm-none-eabi/13.2.1/../../../arm-none-eabi/lib/thumb/v7e-m/nofp/libg.a(libc_a-errno.o)
_init                                             /usr/lib/gcc/arm-none-eabi/13.2.1/thumb/v7e-m/nofp/crti.o
                                                  /usr/lib/gcc/arm-none-eabi/13.2.1/../../../arm-none-eabi/lib/thumb/v7e-m/nofp/libg.a(libc_a-init.o)
_isatty                                           objdir-CW308_STM32F4/hal.o
_kill                                             objdir-CW308_STM32F4/hal.o
_lseek                                            objdir-CW308_STM32F4/hal.o
                                                  /usr/lib/gcc/arm-none-eabi/13.2.1/../../../arm-none-eabi/lib/thumb/v7e-m/nofp/libg.a(libc_a-lseekr.o)
_lseek_r                                          /usr/lib/gcc/arm-none-eabi/13.2.1/../../../arm-none-eabi/lib/thumb/v7e-m/nofp/libg.a(libc_a-lseekr.o)
                                                  /usr/lib/gcc/arm-none-eabi/13.2.1/../../../arm-none-eabi/lib/thumb/v7e-m/nofp/libg.a(libc_a-stdio.o)
_mainCRTStartup                                   /usr/lib/gcc/arm-none-eabi/13.2.1/../../../arm-none-eabi/lib/thumb/v7e-m/nofp/crt0.o
_malloc_r                                         /usr/lib/gcc/arm-none-eabi/13.2.1/../../../arm-none-eabi/lib/thumb/v7e-m/nofp/libg.a(libc_a-mallocr.o)
                                                  /usr/lib/gcc/arm-none-eabi/13.2.1/../../../arm-none-eabi/lib/thumb/v7e-m/nofp/libg.a(libc_a-findfp.o)
_malloc_trim_r                                    /usr/lib/gcc/arm-none-eabi/13.2.1/../../../arm-none-eabi/lib/thumb/v7e-m/nofp/libg.a(libc_a-freer.o)
_read                                             objdir-CW308_STM32F4/hal.o
                                                  /usr/lib/gcc/arm-none-eabi/13.2.1/../../../arm-none-eabi/lib/thumb/v7e-m/nofp/libg.a(libc_a-readr.o)
_read_r                                           /usr/lib/gcc/arm-none-eabi/13.2.1/../../../arm-none-eabi/lib/thumb/v7e-m/nofp/libg.a(libc_a-readr.o)
                                                  /usr/lib/gcc/arm-none-eabi/13.2.1/../../../arm-none-eabi/lib/thumb/v7e-m/nofp/libg.a(libc_a-stdio.o)
_reclaim_reent                                    /usr/lib/gcc/arm-none-eabi/13.2.1/../../../arm-none-eabi/lib/thumb/v7e-m/nofp/libg.a(libc_a-reent.o)
_sbrk                                             objdir-CW308_STM32F4/stm32f4_sysmem.o
                                                  /usr/lib/gcc/arm-none-eabi/13.2.1/../../../arm-none-eabi/lib/thumb/v7e-m/nofp/libg.a(libc_a-sbrkr.o)
_sbrk_r                                           /usr/lib/gcc/arm-none-eabi/13.2.1/../../../arm-none-eabi/lib/thumb/v7e-m/nofp/libg.a(libc_a-sbrkr.o)
                                                  /usr/lib/gcc/arm-none-eabi/13.2.1/../../../arm-none-eabi/lib/thumb/v7e-m/nofp/libg.a(libc_a-freer.o)
                                                  /usr/lib/gcc/arm-none-eabi/13.2.1/../../../arm-none-eabi/lib/thumb/v7e-m/nofp/libg.a(libc_a-mallocr.o)
_sbss                                             objdir-CW308_STM32F4/stm32f4_startup.o
_sdata                                            objdir-CW308_STM32F4/stm32f4_startup.o
_sidata                                           objdir-CW308_STM32F4/stm32f4_startup.o
_stack_init                                       /usr/lib/gcc/arm-none-eabi/13.2.1/../../../arm-none-eabi/lib/thumb/v7e-m/nofp/crt0.o
_start                                            /usr/lib/gcc/arm-none-eabi/13.2.1/../../../arm-none-eabi/lib/thumb/v7e-m/nofp/crt0.o
_write                                            objdir-CW308_STM32F4/hal.o
                                                  /usr/lib/gcc/arm-none-eabi/13.2.1/../../../arm-none-eabi/lib/thumb/v7e-m/nofp/libg.a(libc_a-writer.o)
_write_r                                          /usr/lib/gcc/arm-none-eabi/13.2.1/../../../arm-none-eabi/lib/thumb/v7e-m/nofp/libg.a(libc_a-writer.o)
                                                  /usr/lib/gcc/arm-none-eabi/13.2.1/../../../arm-none-eabi/lib/thumb/v7e-m/nofp/libg.a(libc_a-stdio.o)
atexit                                            /usr/lib/gcc/arm-none-eabi/13.2.1/../../../arm-none-eabi/lib/thumb/v7e-m/nofp/libg.a(libc_a-atexit.o)
                                                  /usr/lib/gcc/arm-none-eabi/13.2.1/../../../arm-none-eabi/lib/thumb/v7e-m/nofp/libg.a(libc_a-__call_atexit.o)
                                                  /usr/lib/gcc/arm-none-eabi/13.2.1/../../../arm-none-eabi/lib/thumb/v7e-m/nofp/crt0.o
check_version                                     objdir-CW308_STM32F4/simpleserial.o
encode                                            objdir-CW308_STM32F4/reed_muller.o
                                                  objdir-CW308_STM32F4/simpleserial-hqc-pqclean.o
encode_code                                       objdir-CW308_STM32F4/simpleserial-hqc-pqclean.o
encode_code_triggered                             objdir-CW308_STM32F4/simpleserial-hqc-pqclean.o
encode_full                                       objdir-CW308_STM32F4/simpleserial-hqc-pqclean.o
encode_full_triggered                             objdir-CW308_STM32F4/simpleserial-hqc-pqclean.o
encode_single                                     objdir-CW308_STM32F4/simpleserial-hqc-pqclean.o
end                                               objdir-CW308_STM32F4/stm32f4_sysmem.o
errno                                             /usr/lib/gcc/arm-none-eabi/13.2.1/../../../arm-none-eabi/lib/thumb/v7e-m/nofp/libg.a(libc_a-reent.o)
                                                  /usr/lib/gcc/arm-none-eabi/13.2.1/../../../arm-none-eabi/lib/thumb/v7e-m/nofp/libg.a(libc_a-lseekr.o)
                                                  /usr/lib/gcc/arm-none-eabi/13.2.1/../../../arm-none-eabi/lib/thumb/v7e-m/nofp/libg.a(libc_a-readr.o)
                                                  /usr/lib/gcc/arm-none-eabi/13.2.1/../../../arm-none-eabi/lib/thumb/v7e-m/nofp/libg.a(libc_a-closer.o)
                                                  /usr/lib/gcc/arm-none-eabi/13.2.1/../../../arm-none-eabi/lib/thumb/v7e-m/nofp/libg.a(libc_a-sbrkr.o)
                                                  /usr/lib/gcc/arm-none-eabi/13.2.1/../../../arm-none-eabi/lib/thumb/v7e-m/nofp/libg.a(libc_a-writer.o)
exit                                              /usr/lib/gcc/arm-none-eabi/13.2.1/../../../arm-none-eabi/lib/thumb/v7e-m/nofp/libg.a(libc_a-exit.o)
                                                  /usr/lib/gcc/arm-none-eabi/13.2.1/../../../arm-none-eabi/lib/thumb/v7e-m/nofp/crt0.o
fclose                                            /usr/lib/gcc/arm-none-eabi/13.2.1/../../../arm-none-eabi/lib/thumb/v7e-m/nofp/libg.a(libc_a-fclose.o)
fflush                                            /usr/lib/gcc/arm-none-eabi/13.2.1/../../../arm-none-eabi/lib/thumb/v7e-m/nofp/libg.a(libc_a-fflush.o)
g_pfnVectors                                      objdir-CW308_STM32F4/stm32f4_startup.o
get_codeword                                      objdir-CW308_STM32F4/simpleserial-hqc-pqclean.o
get_rand                                          objdir-CW308_STM32F4/stm32f4_hal.o
getch                                             objdir-CW308_STM32F4/stm32f4_hal.o
                                                  objdir-CW308_STM32F4/simpleserial.o
hardware_init_hook                                /usr/lib/gcc/arm-none-eabi/13.2.1/../../../arm-none-eabi/lib/thumb/v7e-m/nofp/crt0.o
hex_decode                                        objdir-CW308_STM32F4/simpleserial.o
hw_key                                            objdir-CW308_STM32F4/stm32f4_hal.o
init_uart                                         objdir-CW308_STM32F4/stm32f4_hal.o
                                                  objdir-CW308_STM32F4/simpleserial-hqc-pqclean.o
led_error                                         objdir-CW308_STM32F4/hal.o
led_ok                                            objdir-CW308_STM32F4/hal.o
main                                              objdir-CW308_STM32F4/simpleserial-hqc-pqclean.o
                                                  objdir-CW308_STM32F4/stm32f4_startup.o
                                                  /usr/lib/gcc/arm-none-eabi/13.2.1/../../../arm-none-eabi/lib/thumb/v7e-m/nofp/crt0.o
memcpy                                            /usr/lib/gcc/arm-none-eabi/13.2.1/../../../arm-none-eabi/lib/thumb/v7e-m/nofp/libg.a(libc_a-memcpy.o)
                                                  objdir-CW308_STM32F4/fft.o
                                                  objdir-CW308_STM32F4/simpleserial-hqc-pqclean.o
memset                                            /usr/lib/gcc/arm-none-eabi/13.2.1/../../../arm-none-eabi/lib/thumb/v7e-m/nofp/libg.a(libc_a-memset.o)
                                                  /usr/lib/gcc/arm-none-eabi/13.2.1/../../../arm-none-eabi/lib/thumb/v7e-m/nofp/libg.a(libc_a-findfp.o)
                                                  objdir-CW308_STM32F4/fft.o
                                                  objdir-CW308_STM32F4/reed_solomon.o
                                                  objdir-CW308_STM32F4/code.o
                                                  objdir-CW308_STM32F4/simpleserial-hqc-pqclean.o
                                                  /usr/lib/gcc/arm-none-eabi/13.2.1/../../../arm-none-eabi/lib/thumb/v7e-m/nofp/crt0.o
platform_init                                     objdir-CW308_STM32F4/stm32f4_hal.o
                                                  objdir-CW308_STM32F4/simpleserial-hqc-pqclean.o
putch                                             objdir-CW308_STM32F4/stm32f4_hal.o
                                                  objdir-CW308_STM32F4/simpleserial.o
reed_muller_decode_one_block                      objdir-CW308_STM32F4/reed_muller.o
reset                                             objdir-CW308_STM32F4/simpleserial-hqc-pqclean.o
set_msg                                           objdir-CW308_STM32F4/simpleserial-hqc-pqclean.o
set_original_msg                                  objdir-CW308_STM32F4/simpleserial-hqc-pqclean.o
set_single_byte                                   objdir-CW308_STM32F4/simpleserial-hqc-pqclean.o
simpleserial_addcmd                               objdir-CW308_STM32F4/simpleserial.o
                                                  objdir-CW308_STM32F4/simpleserial-hqc-pqclean.o
simpleserial_addcmd_flags                         objdir-CW308_STM32F4/simpleserial.o
simpleserial_get                                  objdir-CW308_STM32F4/simpleserial.o
                                                  objdir-CW308_STM32F4/simpleserial-hqc-pqclean.o
simpleserial_init                                 objdir-CW308_STM32F4/simpleserial.o
                                                  objdir-CW308_STM32F4/simpleserial-hqc-pqclean.o
simpleserial_put                                  objdir-CW308_STM32F4/simpleserial.o
                                                  objdir-CW308_STM32F4/simpleserial-hqc-pqclean.o
software_init_hook                                /usr/lib/gcc/arm-none-eabi/13.2.1/../../../arm-none-eabi/lib/thumb/v7e-m/nofp/crt0.o
ss_crc                                            objdir-CW308_STM32F4/simpleserial.o
ss_get_commands                                   objdir-CW308_STM32F4/simpleserial.o
ss_num_commands                                   objdir-CW308_STM32F4/simpleserial.o
sysconf                                           /usr/lib/gcc/arm-none-eabi/13.2.1/../../../arm-none-eabi/lib/thumb/v7e-m/nofp/libg.a(libc_a-sysconf.o)
                                                  /usr/lib/gcc/arm-none-eabi/13.2.1/../../../arm-none-eabi/lib/thumb/v7e-m/nofp/libg.a(libc_a-freer.o)
                                                  /usr/lib/gcc/arm-none-eabi/13.2.1/../../../arm-none-eabi/lib/thumb/v7e-m/nofp/libg.a(libc_a-mallocr.o)
trigger_high                                      objdir-CW308_STM32F4/stm32f4_hal.o
                                                  objdir-CW308_STM32F4/simpleserial-hqc-pqclean.o
trigger_low                                       objdir-CW308_STM32F4/stm32f4_hal.o
                                                  objdir-CW308_STM32F4/simpleserial-hqc-pqclean.o
trigger_setup                                     objdir-CW308_STM32F4/stm32f4_hal.o
                                                  objdir-CW308_STM32F4/simpleserial-hqc-pqclean.o
