Archive member included to satisfy reference by file (symbol)

/usr/lib/gcc/arm-none-eabi/10.3.1/../../../arm-none-eabi/lib/thumb/v7e-m/nofp/libg.a(lib_a-atexit.o)
                              /usr/lib/gcc/arm-none-eabi/10.3.1/../../../arm-none-eabi/lib/thumb/v7e-m/nofp/crt0.o (atexit)
/usr/lib/gcc/arm-none-eabi/10.3.1/../../../arm-none-eabi/lib/thumb/v7e-m/nofp/libg.a(lib_a-errno.o)
                              objdir-CW308_STM32F4/stm32f4_sysmem.o (__errno)
/usr/lib/gcc/arm-none-eabi/10.3.1/../../../arm-none-eabi/lib/thumb/v7e-m/nofp/libg.a(lib_a-exit.o)
                              /usr/lib/gcc/arm-none-eabi/10.3.1/../../../arm-none-eabi/lib/thumb/v7e-m/nofp/crt0.o (exit)
/usr/lib/gcc/arm-none-eabi/10.3.1/../../../arm-none-eabi/lib/thumb/v7e-m/nofp/libg.a(lib_a-fini.o)
                              /usr/lib/gcc/arm-none-eabi/10.3.1/../../../arm-none-eabi/lib/thumb/v7e-m/nofp/crt0.o (__libc_fini_array)
/usr/lib/gcc/arm-none-eabi/10.3.1/../../../arm-none-eabi/lib/thumb/v7e-m/nofp/libg.a(lib_a-impure.o)
                              /usr/lib/gcc/arm-none-eabi/10.3.1/../../../arm-none-eabi/lib/thumb/v7e-m/nofp/libg.a(lib_a-exit.o) (_global_impure_ptr)
/usr/lib/gcc/arm-none-eabi/10.3.1/../../../arm-none-eabi/lib/thumb/v7e-m/nofp/libg.a(lib_a-init.o)
                              /usr/lib/gcc/arm-none-eabi/10.3.1/../../../arm-none-eabi/lib/thumb/v7e-m/nofp/crt0.o (__libc_init_array)
/usr/lib/gcc/arm-none-eabi/10.3.1/../../../arm-none-eabi/lib/thumb/v7e-m/nofp/libg.a(lib_a-memcpy.o)
                              objdir-CW308_STM32F4/simpleserial-hqc-pqclean.o (memcpy)
/usr/lib/gcc/arm-none-eabi/10.3.1/../../../arm-none-eabi/lib/thumb/v7e-m/nofp/libg.a(lib_a-memset.o)
                              /usr/lib/gcc/arm-none-eabi/10.3.1/../../../arm-none-eabi/lib/thumb/v7e-m/nofp/crt0.o (memset)
/usr/lib/gcc/arm-none-eabi/10.3.1/../../../arm-none-eabi/lib/thumb/v7e-m/nofp/libg.a(lib_a-__atexit.o)
                              /usr/lib/gcc/arm-none-eabi/10.3.1/../../../arm-none-eabi/lib/thumb/v7e-m/nofp/libg.a(lib_a-atexit.o) (__register_exitproc)
/usr/lib/gcc/arm-none-eabi/10.3.1/../../../arm-none-eabi/lib/thumb/v7e-m/nofp/libg.a(lib_a-__call_atexit.o)
                              /usr/lib/gcc/arm-none-eabi/10.3.1/../../../arm-none-eabi/lib/thumb/v7e-m/nofp/libg.a(lib_a-exit.o) (__call_exitprocs)
/usr/lib/gcc/arm-none-eabi/10.3.1/../../../arm-none-eabi/lib/thumb/v7e-m/nofp/libnosys.a(_exit.o)
                              /usr/lib/gcc/arm-none-eabi/10.3.1/../../../arm-none-eabi/lib/thumb/v7e-m/nofp/libg.a(lib_a-exit.o) (_exit)

Discarded input sections

 .text          0x0000000000000000        0x0 /usr/lib/gcc/arm-none-eabi/10.3.1/thumb/v7e-m/nofp/crti.o
 .data          0x0000000000000000        0x0 /usr/lib/gcc/arm-none-eabi/10.3.1/thumb/v7e-m/nofp/crti.o
 .bss           0x0000000000000000        0x0 /usr/lib/gcc/arm-none-eabi/10.3.1/thumb/v7e-m/nofp/crti.o
 .data          0x0000000000000000        0x4 /usr/lib/gcc/arm-none-eabi/10.3.1/thumb/v7e-m/nofp/crtbegin.o
 .rodata        0x0000000000000000       0x24 /usr/lib/gcc/arm-none-eabi/10.3.1/thumb/v7e-m/nofp/crtbegin.o
 .text          0x0000000000000000       0x70 /usr/lib/gcc/arm-none-eabi/10.3.1/../../../arm-none-eabi/lib/thumb/v7e-m/nofp/crt0.o
 .data          0x0000000000000000        0x0 /usr/lib/gcc/arm-none-eabi/10.3.1/../../../arm-none-eabi/lib/thumb/v7e-m/nofp/crt0.o
 .bss           0x0000000000000000        0x0 /usr/lib/gcc/arm-none-eabi/10.3.1/../../../arm-none-eabi/lib/thumb/v7e-m/nofp/crt0.o
 .ARM.extab     0x0000000000000000        0x0 /usr/lib/gcc/arm-none-eabi/10.3.1/../../../arm-none-eabi/lib/thumb/v7e-m/nofp/crt0.o
 .ARM.exidx     0x0000000000000000       0x10 /usr/lib/gcc/arm-none-eabi/10.3.1/../../../arm-none-eabi/lib/thumb/v7e-m/nofp/crt0.o
 .debug_line    0x0000000000000000       0x87 /usr/lib/gcc/arm-none-eabi/10.3.1/../../../arm-none-eabi/lib/thumb/v7e-m/nofp/crt0.o
 .debug_info    0x0000000000000000       0x26 /usr/lib/gcc/arm-none-eabi/10.3.1/../../../arm-none-eabi/lib/thumb/v7e-m/nofp/crt0.o
 .debug_abbrev  0x0000000000000000       0x14 /usr/lib/gcc/arm-none-eabi/10.3.1/../../../arm-none-eabi/lib/thumb/v7e-m/nofp/crt0.o
 .debug_aranges
                0x0000000000000000       0x20 /usr/lib/gcc/arm-none-eabi/10.3.1/../../../arm-none-eabi/lib/thumb/v7e-m/nofp/crt0.o
 .debug_str     0x0000000000000000       0x95 /usr/lib/gcc/arm-none-eabi/10.3.1/../../../arm-none-eabi/lib/thumb/v7e-m/nofp/crt0.o
 .ARM.attributes
                0x0000000000000000       0x1c /usr/lib/gcc/arm-none-eabi/10.3.1/../../../arm-none-eabi/lib/thumb/v7e-m/nofp/crt0.o
 .text          0x0000000000000000        0x0 objdir-CW308_STM32F4/simpleserial-hqc-pqclean.o
 .data          0x0000000000000000        0x0 objdir-CW308_STM32F4/simpleserial-hqc-pqclean.o
 .text          0x0000000000000000        0x0 objdir-CW308_STM32F4/code.o
 .data          0x0000000000000000        0x0 objdir-CW308_STM32F4/code.o
 .bss           0x0000000000000000        0x0 objdir-CW308_STM32F4/code.o
 .text.PQCLEAN_HQC128_CLEAN_code_decode
                0x0000000000000000       0x2c objdir-CW308_STM32F4/code.o
 .text          0x0000000000000000        0x0 objdir-CW308_STM32F4/reed_muller.o
 .data          0x0000000000000000        0x0 objdir-CW308_STM32F4/reed_muller.o
 .bss           0x0000000000000000        0x0 objdir-CW308_STM32F4/reed_muller.o
 .text.expand_and_sum
                0x0000000000000000       0xe0 objdir-CW308_STM32F4/reed_muller.o
 .text.PQCLEAN_HQC128_CLEAN_reed_muller_decode
                0x0000000000000000       0xd4 objdir-CW308_STM32F4/reed_muller.o
 .text.reed_muller_decode_one_block
                0x0000000000000000       0xbc objdir-CW308_STM32F4/reed_muller.o
 .text          0x0000000000000000        0x0 objdir-CW308_STM32F4/reed_solomon.o
 .data          0x0000000000000000        0x0 objdir-CW308_STM32F4/reed_solomon.o
 .bss           0x0000000000000000        0x0 objdir-CW308_STM32F4/reed_solomon.o
 .text.PQCLEAN_HQC128_CLEAN_reed_solomon_decode
                0x0000000000000000      0xb0c objdir-CW308_STM32F4/reed_solomon.o
 .text          0x0000000000000000        0x0 objdir-CW308_STM32F4/fft.o
 .data          0x0000000000000000        0x0 objdir-CW308_STM32F4/fft.o
 .bss           0x0000000000000000        0x0 objdir-CW308_STM32F4/fft.o
 .text.radix    0x0000000000000000      0x274 objdir-CW308_STM32F4/fft.o
 .text.fft_rec  0x0000000000000000      0x30c objdir-CW308_STM32F4/fft.o
 .text.fft_rec.constprop.0
                0x0000000000000000      0x9fc objdir-CW308_STM32F4/fft.o
 .text.PQCLEAN_HQC128_CLEAN_fft
                0x0000000000000000      0x1c8 objdir-CW308_STM32F4/fft.o
 .text.PQCLEAN_HQC128_CLEAN_fft_retrieve_error_poly
                0x0000000000000000      0x174 objdir-CW308_STM32F4/fft.o
 .rodata        0x0000000000000000      0x200 objdir-CW308_STM32F4/fft.o
 .debug_info    0x0000000000000000     0x167e objdir-CW308_STM32F4/fft.o
 .debug_abbrev  0x0000000000000000      0x2b9 objdir-CW308_STM32F4/fft.o
 .debug_loc     0x0000000000000000     0x164b objdir-CW308_STM32F4/fft.o
 .debug_aranges
                0x0000000000000000       0x40 objdir-CW308_STM32F4/fft.o
 .debug_ranges  0x0000000000000000      0x138 objdir-CW308_STM32F4/fft.o
 .debug_line    0x0000000000000000     0x155f objdir-CW308_STM32F4/fft.o
 .debug_str     0x0000000000000000      0x383 objdir-CW308_STM32F4/fft.o
 .comment       0x0000000000000000       0x34 objdir-CW308_STM32F4/fft.o
 .debug_frame   0x0000000000000000      0x120 objdir-CW308_STM32F4/fft.o
 .ARM.attributes
                0x0000000000000000       0x2e objdir-CW308_STM32F4/fft.o
 .text          0x0000000000000000        0x0 objdir-CW308_STM32F4/gf.o
 .data          0x0000000000000000        0x0 objdir-CW308_STM32F4/gf.o
 .bss           0x0000000000000000        0x0 objdir-CW308_STM32F4/gf.o
 .text.PQCLEAN_HQC128_CLEAN_gf_square
                0x0000000000000000       0x68 objdir-CW308_STM32F4/gf.o
 .text.PQCLEAN_HQC128_CLEAN_gf_inverse
                0x0000000000000000       0x4c objdir-CW308_STM32F4/gf.o
 .text          0x0000000000000000        0x0 objdir-CW308_STM32F4/simpleserial.o
 .data          0x0000000000000000        0x0 objdir-CW308_STM32F4/simpleserial.o
 .text.ss_crc   0x0000000000000000       0xd0 objdir-CW308_STM32F4/simpleserial.o
 .text.simpleserial_addcmd_flags
                0x0000000000000000       0x38 objdir-CW308_STM32F4/simpleserial.o
 .text          0x0000000000000000        0x0 objdir-CW308_STM32F4/hal.o
 .data          0x0000000000000000        0x0 objdir-CW308_STM32F4/hal.o
 .bss           0x0000000000000000        0x0 objdir-CW308_STM32F4/hal.o
 .text.led_ok   0x0000000000000000        0x4 objdir-CW308_STM32F4/hal.o
 .text.led_error
                0x0000000000000000        0x4 objdir-CW308_STM32F4/hal.o
 .debug_info    0x0000000000000000       0xc0 objdir-CW308_STM32F4/hal.o
 .debug_abbrev  0x0000000000000000       0x7c objdir-CW308_STM32F4/hal.o
 .debug_aranges
                0x0000000000000000       0x20 objdir-CW308_STM32F4/hal.o
 .debug_ranges  0x0000000000000000       0x10 objdir-CW308_STM32F4/hal.o
 .debug_line    0x0000000000000000       0x76 objdir-CW308_STM32F4/hal.o
 .debug_str     0x0000000000000000      0x1f0 objdir-CW308_STM32F4/hal.o
 .comment       0x0000000000000000       0x34 objdir-CW308_STM32F4/hal.o
 .debug_frame   0x0000000000000000       0x30 objdir-CW308_STM32F4/hal.o
 .ARM.attributes
                0x0000000000000000       0x2e objdir-CW308_STM32F4/hal.o
 .text          0x0000000000000000        0x0 objdir-CW308_STM32F4/stm32f4_hal.o
 .data          0x0000000000000000        0x0 objdir-CW308_STM32F4/stm32f4_hal.o
 .text.get_rand
                0x0000000000000000       0x28 objdir-CW308_STM32F4/stm32f4_hal.o
 .text.HW_AES128_Init
                0x0000000000000000       0x48 objdir-CW308_STM32F4/stm32f4_hal.o
 .text.HW_AES128_LoadKey
                0x0000000000000000       0x68 objdir-CW308_STM32F4/stm32f4_hal.o
 .text.HW_AES128_Enc_pretrigger
                0x0000000000000000        0xc objdir-CW308_STM32F4/stm32f4_hal.o
 .text.HW_AES128_Enc
                0x0000000000000000       0x20 objdir-CW308_STM32F4/stm32f4_hal.o
 .text.HW_AES128_Enc_posttrigger
                0x0000000000000000        0x4 objdir-CW308_STM32F4/stm32f4_hal.o
 .text.HW_AES128_Dec
                0x0000000000000000       0x28 objdir-CW308_STM32F4/stm32f4_hal.o
 .text          0x0000000000000000        0x0 objdir-CW308_STM32F4/stm32f4_hal_lowlevel.o
 .data          0x0000000000000000        0x0 objdir-CW308_STM32F4/stm32f4_hal_lowlevel.o
 .text.CRYP_ProcessData
                0x0000000000000000       0xb0 objdir-CW308_STM32F4/stm32f4_hal_lowlevel.o
 .text.CRYP_SetKey
                0x0000000000000000       0x88 objdir-CW308_STM32F4/stm32f4_hal_lowlevel.o
 .text.HAL_GetTick
                0x0000000000000000       0x10 objdir-CW308_STM32F4/stm32f4_hal_lowlevel.o
 .text.RCC_AHB2PeriphClockCmd
                0x0000000000000000       0x18 objdir-CW308_STM32F4/stm32f4_hal_lowlevel.o
 .text.HAL_RCC_GetPCLK1Freq
                0x0000000000000000        0x8 objdir-CW308_STM32F4/stm32f4_hal_lowlevel.o
 .text.HAL_RCC_GetPCLK2Freq
                0x0000000000000000        0x8 objdir-CW308_STM32F4/stm32f4_hal_lowlevel.o
 .text.HAL_CRYP_Init
                0x0000000000000000       0x44 objdir-CW308_STM32F4/stm32f4_hal_lowlevel.o
 .text.HAL_CRYP_DeInit
                0x0000000000000000       0x34 objdir-CW308_STM32F4/stm32f4_hal_lowlevel.o
 .text.HAL_CRYP_AESECB_Encrypt
                0x0000000000000000       0x7c objdir-CW308_STM32F4/stm32f4_hal_lowlevel.o
 .text.HAL_CRYP_AESECB_Decrypt
                0x0000000000000000      0x110 objdir-CW308_STM32F4/stm32f4_hal_lowlevel.o
 .text          0x0000000000000000        0x0 objdir-CW308_STM32F4/stm32f4_sysmem.o
 .data          0x0000000000000000        0x0 objdir-CW308_STM32F4/stm32f4_sysmem.o
 .bss           0x0000000000000000        0x4 objdir-CW308_STM32F4/stm32f4_sysmem.o
 .text._sbrk    0x0000000000000000       0x38 objdir-CW308_STM32F4/stm32f4_sysmem.o
 .debug_info    0x0000000000000000      0x10d objdir-CW308_STM32F4/stm32f4_sysmem.o
 .debug_abbrev  0x0000000000000000       0xd2 objdir-CW308_STM32F4/stm32f4_sysmem.o
 .debug_loc     0x0000000000000000       0xa6 objdir-CW308_STM32F4/stm32f4_sysmem.o
 .debug_aranges
                0x0000000000000000       0x20 objdir-CW308_STM32F4/stm32f4_sysmem.o
 .debug_ranges  0x0000000000000000       0x10 objdir-CW308_STM32F4/stm32f4_sysmem.o
 .debug_line    0x0000000000000000      0x11b objdir-CW308_STM32F4/stm32f4_sysmem.o
 .debug_str     0x0000000000000000      0x23b objdir-CW308_STM32F4/stm32f4_sysmem.o
 .comment       0x0000000000000000       0x34 objdir-CW308_STM32F4/stm32f4_sysmem.o
 .debug_frame   0x0000000000000000       0x28 objdir-CW308_STM32F4/stm32f4_sysmem.o
 .ARM.attributes
                0x0000000000000000       0x2e objdir-CW308_STM32F4/stm32f4_sysmem.o
 .text          0x0000000000000000        0x0 objdir-CW308_STM32F4/stm32f4xx_hal_rng.o
 .data          0x0000000000000000        0x0 objdir-CW308_STM32F4/stm32f4xx_hal_rng.o
 .bss           0x0000000000000000        0x0 objdir-CW308_STM32F4/stm32f4xx_hal_rng.o
 .text.HAL_RNG_MspDeInit
                0x0000000000000000        0x4 objdir-CW308_STM32F4/stm32f4xx_hal_rng.o
 .text.HAL_RNG_DeInit
                0x0000000000000000       0x28 objdir-CW308_STM32F4/stm32f4xx_hal_rng.o
 .text.HAL_RNG_GenerateRandomNumber
                0x0000000000000000       0x58 objdir-CW308_STM32F4/stm32f4xx_hal_rng.o
 .text.HAL_RNG_GenerateRandomNumber_IT
                0x0000000000000000       0x30 objdir-CW308_STM32F4/stm32f4xx_hal_rng.o
 .text.HAL_RNG_GetRandomNumber
                0x0000000000000000       0x5c objdir-CW308_STM32F4/stm32f4xx_hal_rng.o
 .text.HAL_RNG_GetRandomNumber_IT
                0x0000000000000000       0x20 objdir-CW308_STM32F4/stm32f4xx_hal_rng.o
 .text.HAL_RNG_ReadLastRandomNumber
                0x0000000000000000        0x4 objdir-CW308_STM32F4/stm32f4xx_hal_rng.o
 .text.HAL_RNG_ReadyDataCallback
                0x0000000000000000        0x4 objdir-CW308_STM32F4/stm32f4xx_hal_rng.o
 .text.HAL_RNG_ErrorCallback
                0x0000000000000000        0x4 objdir-CW308_STM32F4/stm32f4xx_hal_rng.o
 .text.HAL_RNG_IRQHandler
                0x0000000000000000       0x4c objdir-CW308_STM32F4/stm32f4xx_hal_rng.o
 .text.HAL_RNG_GetState
                0x0000000000000000        0x4 objdir-CW308_STM32F4/stm32f4xx_hal_rng.o
 .text          0x0000000000000000       0x14 objdir-CW308_STM32F4/stm32f4_startup.o
 .data          0x0000000000000000        0x0 objdir-CW308_STM32F4/stm32f4_startup.o
 .bss           0x0000000000000000        0x0 objdir-CW308_STM32F4/stm32f4_startup.o
 .data          0x0000000000000000        0x0 /usr/lib/gcc/arm-none-eabi/10.3.1/../../../arm-none-eabi/lib/thumb/v7e-m/nofp/libg.a(lib_a-atexit.o)
 .bss           0x0000000000000000        0x0 /usr/lib/gcc/arm-none-eabi/10.3.1/../../../arm-none-eabi/lib/thumb/v7e-m/nofp/libg.a(lib_a-atexit.o)
 .text          0x0000000000000000        0xc /usr/lib/gcc/arm-none-eabi/10.3.1/../../../arm-none-eabi/lib/thumb/v7e-m/nofp/libg.a(lib_a-errno.o)
 .data          0x0000000000000000        0x0 /usr/lib/gcc/arm-none-eabi/10.3.1/../../../arm-none-eabi/lib/thumb/v7e-m/nofp/libg.a(lib_a-errno.o)
 .bss           0x0000000000000000        0x0 /usr/lib/gcc/arm-none-eabi/10.3.1/../../../arm-none-eabi/lib/thumb/v7e-m/nofp/libg.a(lib_a-errno.o)
 .debug_info    0x0000000000000000      0x914 /usr/lib/gcc/arm-none-eabi/10.3.1/../../../arm-none-eabi/lib/thumb/v7e-m/nofp/libg.a(lib_a-errno.o)
 .debug_abbrev  0x0000000000000000      0x1be /usr/lib/gcc/arm-none-eabi/10.3.1/../../../arm-none-eabi/lib/thumb/v7e-m/nofp/libg.a(lib_a-errno.o)
 .debug_aranges
                0x0000000000000000       0x20 /usr/lib/gcc/arm-none-eabi/10.3.1/../../../arm-none-eabi/lib/thumb/v7e-m/nofp/libg.a(lib_a-errno.o)
 .debug_line    0x0000000000000000      0x109 /usr/lib/gcc/arm-none-eabi/10.3.1/../../../arm-none-eabi/lib/thumb/v7e-m/nofp/libg.a(lib_a-errno.o)
 .debug_str     0x0000000000000000      0x564 /usr/lib/gcc/arm-none-eabi/10.3.1/../../../arm-none-eabi/lib/thumb/v7e-m/nofp/libg.a(lib_a-errno.o)
 .comment       0x0000000000000000       0x34 /usr/lib/gcc/arm-none-eabi/10.3.1/../../../arm-none-eabi/lib/thumb/v7e-m/nofp/libg.a(lib_a-errno.o)
 .debug_frame   0x0000000000000000       0x20 /usr/lib/gcc/arm-none-eabi/10.3.1/../../../arm-none-eabi/lib/thumb/v7e-m/nofp/libg.a(lib_a-errno.o)
 .ARM.attributes
                0x0000000000000000       0x2e /usr/lib/gcc/arm-none-eabi/10.3.1/../../../arm-none-eabi/lib/thumb/v7e-m/nofp/libg.a(lib_a-errno.o)
 .text          0x0000000000000000       0x20 /usr/lib/gcc/arm-none-eabi/10.3.1/../../../arm-none-eabi/lib/thumb/v7e-m/nofp/libg.a(lib_a-exit.o)
 .data          0x0000000000000000        0x0 /usr/lib/gcc/arm-none-eabi/10.3.1/../../../arm-none-eabi/lib/thumb/v7e-m/nofp/libg.a(lib_a-exit.o)
 .bss           0x0000000000000000        0x0 /usr/lib/gcc/arm-none-eabi/10.3.1/../../../arm-none-eabi/lib/thumb/v7e-m/nofp/libg.a(lib_a-exit.o)
 .debug_info    0x0000000000000000      0x969 /usr/lib/gcc/arm-none-eabi/10.3.1/../../../arm-none-eabi/lib/thumb/v7e-m/nofp/libg.a(lib_a-exit.o)
 .debug_abbrev  0x0000000000000000      0x20c /usr/lib/gcc/arm-none-eabi/10.3.1/../../../arm-none-eabi/lib/thumb/v7e-m/nofp/libg.a(lib_a-exit.o)
 .debug_loc     0x0000000000000000       0x22 /usr/lib/gcc/arm-none-eabi/10.3.1/../../../arm-none-eabi/lib/thumb/v7e-m/nofp/libg.a(lib_a-exit.o)
 .debug_aranges
                0x0000000000000000       0x20 /usr/lib/gcc/arm-none-eabi/10.3.1/../../../arm-none-eabi/lib/thumb/v7e-m/nofp/libg.a(lib_a-exit.o)
 .debug_line    0x0000000000000000      0x179 /usr/lib/gcc/arm-none-eabi/10.3.1/../../../arm-none-eabi/lib/thumb/v7e-m/nofp/libg.a(lib_a-exit.o)
 .debug_str     0x0000000000000000      0x585 /usr/lib/gcc/arm-none-eabi/10.3.1/../../../arm-none-eabi/lib/thumb/v7e-m/nofp/libg.a(lib_a-exit.o)
 .comment       0x0000000000000000       0x34 /usr/lib/gcc/arm-none-eabi/10.3.1/../../../arm-none-eabi/lib/thumb/v7e-m/nofp/libg.a(lib_a-exit.o)
 .debug_frame   0x0000000000000000       0x28 /usr/lib/gcc/arm-none-eabi/10.3.1/../../../arm-none-eabi/lib/thumb/v7e-m/nofp/libg.a(lib_a-exit.o)
 .ARM.attributes
                0x0000000000000000       0x2e /usr/lib/gcc/arm-none-eabi/10.3.1/../../../arm-none-eabi/lib/thumb/v7e-m/nofp/libg.a(lib_a-exit.o)
 .data          0x0000000000000000        0x0 /usr/lib/gcc/arm-none-eabi/10.3.1/../../../arm-none-eabi/lib/thumb/v7e-m/nofp/libg.a(lib_a-fini.o)
 .bss           0x0000000000000000        0x0 /usr/lib/gcc/arm-none-eabi/10.3.1/../../../arm-none-eabi/lib/thumb/v7e-m/nofp/libg.a(lib_a-fini.o)
 .text          0x0000000000000000        0x0 /usr/lib/gcc/arm-none-eabi/10.3.1/../../../arm-none-eabi/lib/thumb/v7e-m/nofp/libg.a(lib_a-impure.o)
 .bss           0x0000000000000000        0x0 /usr/lib/gcc/arm-none-eabi/10.3.1/../../../arm-none-eabi/lib/thumb/v7e-m/nofp/libg.a(lib_a-impure.o)
 .data          0x0000000000000000        0x0 /usr/lib/gcc/arm-none-eabi/10.3.1/../../../arm-none-eabi/lib/thumb/v7e-m/nofp/libg.a(lib_a-init.o)
 .bss           0x0000000000000000        0x0 /usr/lib/gcc/arm-none-eabi/10.3.1/../../../arm-none-eabi/lib/thumb/v7e-m/nofp/libg.a(lib_a-init.o)
 .data          0x0000000000000000        0x0 /usr/lib/gcc/arm-none-eabi/10.3.1/../../../arm-none-eabi/lib/thumb/v7e-m/nofp/libg.a(lib_a-memcpy.o)
 .bss           0x0000000000000000        0x0 /usr/lib/gcc/arm-none-eabi/10.3.1/../../../arm-none-eabi/lib/thumb/v7e-m/nofp/libg.a(lib_a-memcpy.o)
 .data          0x0000000000000000        0x0 /usr/lib/gcc/arm-none-eabi/10.3.1/../../../arm-none-eabi/lib/thumb/v7e-m/nofp/libg.a(lib_a-memset.o)
 .bss           0x0000000000000000        0x0 /usr/lib/gcc/arm-none-eabi/10.3.1/../../../arm-none-eabi/lib/thumb/v7e-m/nofp/libg.a(lib_a-memset.o)
 .data          0x0000000000000000        0x0 /usr/lib/gcc/arm-none-eabi/10.3.1/../../../arm-none-eabi/lib/thumb/v7e-m/nofp/libg.a(lib_a-__atexit.o)
 .bss           0x0000000000000000        0x0 /usr/lib/gcc/arm-none-eabi/10.3.1/../../../arm-none-eabi/lib/thumb/v7e-m/nofp/libg.a(lib_a-__atexit.o)
 .text          0x0000000000000000       0xb0 /usr/lib/gcc/arm-none-eabi/10.3.1/../../../arm-none-eabi/lib/thumb/v7e-m/nofp/libg.a(lib_a-__call_atexit.o)
 .data          0x0000000000000000        0x0 /usr/lib/gcc/arm-none-eabi/10.3.1/../../../arm-none-eabi/lib/thumb/v7e-m/nofp/libg.a(lib_a-__call_atexit.o)
 .bss           0x0000000000000000        0x0 /usr/lib/gcc/arm-none-eabi/10.3.1/../../../arm-none-eabi/lib/thumb/v7e-m/nofp/libg.a(lib_a-__call_atexit.o)
 .text          0x0000000000000000        0x4 /usr/lib/gcc/arm-none-eabi/10.3.1/../../../arm-none-eabi/lib/thumb/v7e-m/nofp/libnosys.a(_exit.o)
 .data          0x0000000000000000        0x0 /usr/lib/gcc/arm-none-eabi/10.3.1/../../../arm-none-eabi/lib/thumb/v7e-m/nofp/libnosys.a(_exit.o)
 .bss           0x0000000000000000        0x0 /usr/lib/gcc/arm-none-eabi/10.3.1/../../../arm-none-eabi/lib/thumb/v7e-m/nofp/libnosys.a(_exit.o)
 .debug_info    0x0000000000000000       0xa3 /usr/lib/gcc/arm-none-eabi/10.3.1/../../../arm-none-eabi/lib/thumb/v7e-m/nofp/libnosys.a(_exit.o)
 .debug_abbrev  0x0000000000000000       0x6a /usr/lib/gcc/arm-none-eabi/10.3.1/../../../arm-none-eabi/lib/thumb/v7e-m/nofp/libnosys.a(_exit.o)
 .debug_loc     0x0000000000000000       0x15 /usr/lib/gcc/arm-none-eabi/10.3.1/../../../arm-none-eabi/lib/thumb/v7e-m/nofp/libnosys.a(_exit.o)
 .debug_aranges
                0x0000000000000000       0x20 /usr/lib/gcc/arm-none-eabi/10.3.1/../../../arm-none-eabi/lib/thumb/v7e-m/nofp/libnosys.a(_exit.o)
 .debug_line    0x0000000000000000       0x75 /usr/lib/gcc/arm-none-eabi/10.3.1/../../../arm-none-eabi/lib/thumb/v7e-m/nofp/libnosys.a(_exit.o)
 .debug_str     0x0000000000000000      0x17b /usr/lib/gcc/arm-none-eabi/10.3.1/../../../arm-none-eabi/lib/thumb/v7e-m/nofp/libnosys.a(_exit.o)
 .comment       0x0000000000000000       0x34 /usr/lib/gcc/arm-none-eabi/10.3.1/../../../arm-none-eabi/lib/thumb/v7e-m/nofp/libnosys.a(_exit.o)
 .debug_frame   0x0000000000000000       0x20 /usr/lib/gcc/arm-none-eabi/10.3.1/../../../arm-none-eabi/lib/thumb/v7e-m/nofp/libnosys.a(_exit.o)
 .ARM.attributes
                0x0000000000000000       0x2e /usr/lib/gcc/arm-none-eabi/10.3.1/../../../arm-none-eabi/lib/thumb/v7e-m/nofp/libnosys.a(_exit.o)
 .text          0x0000000000000000        0x0 /usr/lib/gcc/arm-none-eabi/10.3.1/thumb/v7e-m/nofp/crtend.o
 .data          0x0000000000000000        0x0 /usr/lib/gcc/arm-none-eabi/10.3.1/thumb/v7e-m/nofp/crtend.o
 .bss           0x0000000000000000        0x0 /usr/lib/gcc/arm-none-eabi/10.3.1/thumb/v7e-m/nofp/crtend.o
 .rodata        0x0000000000000000       0x24 /usr/lib/gcc/arm-none-eabi/10.3.1/thumb/v7e-m/nofp/crtend.o
 .eh_frame      0x0000000000000000        0x4 /usr/lib/gcc/arm-none-eabi/10.3.1/thumb/v7e-m/nofp/crtend.o
 .text          0x0000000000000000        0x0 /usr/lib/gcc/arm-none-eabi/10.3.1/thumb/v7e-m/nofp/crtn.o
 .data          0x0000000000000000        0x0 /usr/lib/gcc/arm-none-eabi/10.3.1/thumb/v7e-m/nofp/crtn.o
 .bss           0x0000000000000000        0x0 /usr/lib/gcc/arm-none-eabi/10.3.1/thumb/v7e-m/nofp/crtn.o

Memory Configuration

Name             Origin             Length             Attributes
RAM              0x0000000020000000 0x0000000000020000 xrw
ROM              0x0000000008000000 0x0000000000100000 xr
*default*        0x0000000000000000 0xffffffffffffffff

Linker script and memory map

LOAD /usr/lib/gcc/arm-none-eabi/10.3.1/thumb/v7e-m/nofp/crti.o
LOAD /usr/lib/gcc/arm-none-eabi/10.3.1/thumb/v7e-m/nofp/crtbegin.o
LOAD /usr/lib/gcc/arm-none-eabi/10.3.1/../../../arm-none-eabi/lib/thumb/v7e-m/nofp/crt0.o
LOAD objdir-CW308_STM32F4/simpleserial-hqc-pqclean.o
LOAD objdir-CW308_STM32F4/code.o
LOAD objdir-CW308_STM32F4/reed_muller.o
LOAD objdir-CW308_STM32F4/reed_solomon.o
LOAD objdir-CW308_STM32F4/fft.o
LOAD objdir-CW308_STM32F4/gf.o
LOAD objdir-CW308_STM32F4/simpleserial.o
LOAD objdir-CW308_STM32F4/hal.o
LOAD objdir-CW308_STM32F4/stm32f4_hal.o
LOAD objdir-CW308_STM32F4/stm32f4_hal_lowlevel.o
LOAD objdir-CW308_STM32F4/stm32f4_sysmem.o
LOAD objdir-CW308_STM32F4/stm32f4xx_hal_rng.o
LOAD objdir-CW308_STM32F4/stm32f4_startup.o
LOAD /usr/lib/gcc/arm-none-eabi/10.3.1/../../../arm-none-eabi/lib/thumb/v7e-m/nofp/libm.a
LOAD /usr/lib/gcc/arm-none-eabi/10.3.1/../../../arm-none-eabi/lib/thumb/v7e-m/nofp/libm.a
START GROUP
LOAD /usr/lib/gcc/arm-none-eabi/10.3.1/thumb/v7e-m/nofp/libgcc.a
LOAD /usr/lib/gcc/arm-none-eabi/10.3.1/../../../arm-none-eabi/lib/thumb/v7e-m/nofp/libg.a
LOAD /usr/lib/gcc/arm-none-eabi/10.3.1/../../../arm-none-eabi/lib/thumb/v7e-m/nofp/libc.a
END GROUP
START GROUP
LOAD /usr/lib/gcc/arm-none-eabi/10.3.1/thumb/v7e-m/nofp/libgcc.a
LOAD /usr/lib/gcc/arm-none-eabi/10.3.1/../../../arm-none-eabi/lib/thumb/v7e-m/nofp/libc.a
LOAD /usr/lib/gcc/arm-none-eabi/10.3.1/../../../arm-none-eabi/lib/thumb/v7e-m/nofp/libnosys.a
END GROUP
LOAD /usr/lib/gcc/arm-none-eabi/10.3.1/thumb/v7e-m/nofp/crtend.o
LOAD /usr/lib/gcc/arm-none-eabi/10.3.1/thumb/v7e-m/nofp/crtn.o
                0x0000000020020000                _estack = 0x20020000
                0x0000000000000000                _Min_Heap_Size = 0x0
                0x0000000000000400                _Min_Stack_Size = 0x400

.isr_vector     0x0000000008000000      0x188
                0x0000000008000000                . = ALIGN (0x4)
 *(.isr_vector)
 .isr_vector    0x0000000008000000      0x188 objdir-CW308_STM32F4/stm32f4_startup.o
                0x0000000008000000                g_pfnVectors
                0x0000000008000188                . = ALIGN (0x4)

.text           0x0000000008000188     0x1a34
                0x0000000008000188                . = ALIGN (0x4)
 *(.text)
 .text          0x0000000008000188       0x88 /usr/lib/gcc/arm-none-eabi/10.3.1/thumb/v7e-m/nofp/crtbegin.o
 .text          0x0000000008000210        0xc /usr/lib/gcc/arm-none-eabi/10.3.1/../../../arm-none-eabi/lib/thumb/v7e-m/nofp/libg.a(lib_a-atexit.o)
                0x0000000008000210                atexit
 .text          0x000000000800021c       0x2c /usr/lib/gcc/arm-none-eabi/10.3.1/../../../arm-none-eabi/lib/thumb/v7e-m/nofp/libg.a(lib_a-fini.o)
                0x000000000800021c                __libc_fini_array
 .text          0x0000000008000248       0x48 /usr/lib/gcc/arm-none-eabi/10.3.1/../../../arm-none-eabi/lib/thumb/v7e-m/nofp/libg.a(lib_a-init.o)
                0x0000000008000248                __libc_init_array
 .text          0x0000000008000290      0x134 /usr/lib/gcc/arm-none-eabi/10.3.1/../../../arm-none-eabi/lib/thumb/v7e-m/nofp/libg.a(lib_a-memcpy.o)
                0x0000000008000290                memcpy
 .text          0x00000000080003c4       0xa4 /usr/lib/gcc/arm-none-eabi/10.3.1/../../../arm-none-eabi/lib/thumb/v7e-m/nofp/libg.a(lib_a-memset.o)
                0x00000000080003c4                memset
 .text          0x0000000008000468       0x68 /usr/lib/gcc/arm-none-eabi/10.3.1/../../../arm-none-eabi/lib/thumb/v7e-m/nofp/libg.a(lib_a-__atexit.o)
                0x0000000008000468                __register_exitproc
 *(.text*)
 .text.set_single_byte
                0x00000000080004d0       0x10 objdir-CW308_STM32F4/simpleserial-hqc-pqclean.o
                0x00000000080004d0                set_single_byte
 .text.set_original_msg
                0x00000000080004e0       0x1c objdir-CW308_STM32F4/simpleserial-hqc-pqclean.o
                0x00000000080004e0                set_original_msg
 .text.set_msg  0x00000000080004fc       0x34 objdir-CW308_STM32F4/simpleserial-hqc-pqclean.o
                0x00000000080004fc                set_msg
 .text.encode_single
                0x0000000008000530       0x28 objdir-CW308_STM32F4/simpleserial-hqc-pqclean.o
                0x0000000008000530                encode_single
 .text.encode_full_triggered
                0x0000000008000558       0x60 objdir-CW308_STM32F4/simpleserial-hqc-pqclean.o
                0x0000000008000558                encode_full_triggered
 .text.get_codeword
                0x00000000080005b8       0x28 objdir-CW308_STM32F4/simpleserial-hqc-pqclean.o
                0x00000000080005b8                get_codeword
 .text.encode_full
                0x00000000080005e0       0x38 objdir-CW308_STM32F4/simpleserial-hqc-pqclean.o
                0x00000000080005e0                encode_full
 .text.encode_code
                0x0000000008000618       0x2c objdir-CW308_STM32F4/simpleserial-hqc-pqclean.o
                0x0000000008000618                encode_code
 .text.reset    0x0000000008000644       0x3c objdir-CW308_STM32F4/simpleserial-hqc-pqclean.o
                0x0000000008000644                reset
 .text.encode_code_triggered
                0x0000000008000680       0x78 objdir-CW308_STM32F4/simpleserial-hqc-pqclean.o
                0x0000000008000680                encode_code_triggered
 .text.startup.main
                0x00000000080006f8       0xc4 objdir-CW308_STM32F4/simpleserial-hqc-pqclean.o
                0x00000000080006f8                main
 .text.PQCLEAN_HQC128_CLEAN_code_encode
                0x00000000080007bc       0x2c objdir-CW308_STM32F4/code.o
                0x00000000080007bc                PQCLEAN_HQC128_CLEAN_code_encode
 .text.encode   0x00000000080007e8       0x5c objdir-CW308_STM32F4/reed_muller.o
                0x00000000080007e8                encode
 .text.PQCLEAN_HQC128_CLEAN_reed_muller_encode
                0x0000000008000844       0xa4 objdir-CW308_STM32F4/reed_muller.o
                0x0000000008000844                PQCLEAN_HQC128_CLEAN_reed_muller_encode
 .text.PQCLEAN_HQC128_CLEAN_reed_solomon_encode
                0x00000000080008e8       0xc8 objdir-CW308_STM32F4/reed_solomon.o
                0x00000000080008e8                PQCLEAN_HQC128_CLEAN_reed_solomon_encode
 .text.PQCLEAN_HQC128_CLEAN_gf_mul
                0x00000000080009b0      0x18c objdir-CW308_STM32F4/gf.o
                0x00000000080009b0                PQCLEAN_HQC128_CLEAN_gf_mul
 .text.check_version
                0x0000000008000b3c        0x4 objdir-CW308_STM32F4/simpleserial.o
                0x0000000008000b3c                check_version
 .text.ss_num_commands
                0x0000000008000b40       0x34 objdir-CW308_STM32F4/simpleserial.o
                0x0000000008000b40                ss_num_commands
 .text.ss_get_commands
                0x0000000008000b74       0x7c objdir-CW308_STM32F4/simpleserial.o
                0x0000000008000b74                ss_get_commands
 .text.hex_decode
                0x0000000008000bf0       0xa4 objdir-CW308_STM32F4/simpleserial.o
                0x0000000008000bf0                hex_decode
 .text.simpleserial_init
                0x0000000008000c94       0x6c objdir-CW308_STM32F4/simpleserial.o
                0x0000000008000c94                simpleserial_init
 .text.simpleserial_addcmd
                0x0000000008000d00       0x38 objdir-CW308_STM32F4/simpleserial.o
                0x0000000008000d00                simpleserial_addcmd
 .text.simpleserial_get
                0x0000000008000d38      0x138 objdir-CW308_STM32F4/simpleserial.o
                0x0000000008000d38                simpleserial_get
 .text.simpleserial_put
                0x0000000008000e70       0x40 objdir-CW308_STM32F4/simpleserial.o
                0x0000000008000e70                simpleserial_put
 .text.platform_init
                0x0000000008000eb0       0x84 objdir-CW308_STM32F4/stm32f4_hal.o
                0x0000000008000eb0                platform_init
 .text.init_uart
                0x0000000008000f34       0x80 objdir-CW308_STM32F4/stm32f4_hal.o
                0x0000000008000f34                init_uart
 .text.trigger_setup
                0x0000000008000fb4       0x44 objdir-CW308_STM32F4/stm32f4_hal.o
                0x0000000008000fb4                trigger_setup
 .text.trigger_high
                0x0000000008000ff8       0x10 objdir-CW308_STM32F4/stm32f4_hal.o
                0x0000000008000ff8                trigger_high
 .text.trigger_low
                0x0000000008001008       0x10 objdir-CW308_STM32F4/stm32f4_hal.o
                0x0000000008001008                trigger_low
 .text.getch    0x0000000008001018       0x28 objdir-CW308_STM32F4/stm32f4_hal.o
                0x0000000008001018                getch
 .text.putch    0x0000000008001040       0x24 objdir-CW308_STM32F4/stm32f4_hal.o
                0x0000000008001040                putch
 .text.HAL_RCC_OscConfig
                0x0000000008001064      0x430 objdir-CW308_STM32F4/stm32f4_hal_lowlevel.o
                0x0000000008001064                HAL_RCC_OscConfig
 .text.HAL_RCC_ClockConfig
                0x0000000008001494      0x19c objdir-CW308_STM32F4/stm32f4_hal_lowlevel.o
                0x0000000008001494                HAL_RCC_ClockConfig
 .text.HAL_GPIO_Init
                0x0000000008001630      0x264 objdir-CW308_STM32F4/stm32f4_hal_lowlevel.o
                0x0000000008001630                HAL_GPIO_Init
 .text.HAL_GPIO_WritePin
                0x0000000008001894        0x8 objdir-CW308_STM32F4/stm32f4_hal_lowlevel.o
                0x0000000008001894                HAL_GPIO_WritePin
 .text.HAL_UART_Init
                0x000000000800189c       0xfc objdir-CW308_STM32F4/stm32f4_hal_lowlevel.o
                0x000000000800189c                HAL_UART_Init
 .text.HAL_UART_Transmit
                0x0000000008001998       0x9c objdir-CW308_STM32F4/stm32f4_hal_lowlevel.o
                0x0000000008001998                HAL_UART_Transmit
 .text.HAL_UART_Receive
                0x0000000008001a34       0xd0 objdir-CW308_STM32F4/stm32f4_hal_lowlevel.o
                0x0000000008001a34                HAL_UART_Receive
 .text.HAL_RNG_MspInit
                0x0000000008001b04        0x4 objdir-CW308_STM32F4/stm32f4xx_hal_rng.o
                0x0000000008001b04                HAL_RNG_MspInit
 .text.HAL_RNG_Init
                0x0000000008001b08       0x3c objdir-CW308_STM32F4/stm32f4xx_hal_rng.o
                0x0000000008001b08                HAL_RNG_Init
 .text.Reset_Handler
                0x0000000008001b44       0x48 objdir-CW308_STM32F4/stm32f4_startup.o
                0x0000000008001b44                Reset_Handler
 .text.Default_Handler
                0x0000000008001b8c        0x2 objdir-CW308_STM32F4/stm32f4_startup.o
                0x0000000008001b8c                DebugMon_Handler
                0x0000000008001b8c                HardFault_Handler
                0x0000000008001b8c                SysTick_Handler
                0x0000000008001b8c                PendSV_Handler
                0x0000000008001b8c                NMI_Handler
                0x0000000008001b8c                UsageFault_Handler
                0x0000000008001b8c                Default_Handler
                0x0000000008001b8c                MemManage_Handler
                0x0000000008001b8c                SVC_Handler
                0x0000000008001b8c                BusFault_Handler
 *fill*         0x0000000008001b8e        0x2 
 .text.startup  0x0000000008001b90       0x14 /usr/lib/gcc/arm-none-eabi/10.3.1/../../../arm-none-eabi/lib/thumb/v7e-m/nofp/libg.a(lib_a-__call_atexit.o)
 *(.glue_7)
 .glue_7        0x0000000008001ba4        0x0 linker stubs
 *(.glue_7t)
 .glue_7t       0x0000000008001ba4        0x0 linker stubs
 *(.eh_frame)
 .eh_frame      0x0000000008001ba4        0x0 /usr/lib/gcc/arm-none-eabi/10.3.1/thumb/v7e-m/nofp/crtbegin.o
 *(.init)
 .init          0x0000000008001ba4        0x4 /usr/lib/gcc/arm-none-eabi/10.3.1/thumb/v7e-m/nofp/crti.o
                0x0000000008001ba4                _init
 .init          0x0000000008001ba8        0x8 /usr/lib/gcc/arm-none-eabi/10.3.1/thumb/v7e-m/nofp/crtn.o
 *(.fini)
 .fini          0x0000000008001bb0        0x4 /usr/lib/gcc/arm-none-eabi/10.3.1/thumb/v7e-m/nofp/crti.o
                0x0000000008001bb0                _fini
 .fini          0x0000000008001bb4        0x8 /usr/lib/gcc/arm-none-eabi/10.3.1/thumb/v7e-m/nofp/crtn.o
                0x0000000008001bbc                . = ALIGN (0x4)
                0x0000000008001bbc                _etext = .

.vfp11_veneer   0x0000000008001bbc        0x0
 .vfp11_veneer  0x0000000008001bbc        0x0 linker stubs

.v4_bx          0x0000000008001bbc        0x0
 .v4_bx         0x0000000008001bbc        0x0 linker stubs

.iplt           0x0000000008001bbc        0x0
 .iplt          0x0000000008001bbc        0x0 /usr/lib/gcc/arm-none-eabi/10.3.1/thumb/v7e-m/nofp/crtbegin.o

.rodata         0x0000000008001bbc      0xce4
                0x0000000008001bbc                . = ALIGN (0x4)
 *(.rodata)
 .rodata        0x0000000008001bbc      0xcd0 objdir-CW308_STM32F4/reed_solomon.o
 .rodata        0x000000000800288c       0x10 objdir-CW308_STM32F4/simpleserial.o
 .rodata        0x000000000800289c        0x4 /usr/lib/gcc/arm-none-eabi/10.3.1/../../../arm-none-eabi/lib/thumb/v7e-m/nofp/libg.a(lib_a-impure.o)
                0x000000000800289c                _global_impure_ptr
 *(.rodata*)
                0x00000000080028a0                . = ALIGN (0x4)

.rel.dyn        0x00000000080028a0        0x0
 .rel.iplt      0x00000000080028a0        0x0 /usr/lib/gcc/arm-none-eabi/10.3.1/thumb/v7e-m/nofp/crtbegin.o

.ARM.extab      0x00000000080028a0        0x0
                0x00000000080028a0                . = ALIGN (0x4)
 *(.ARM.extab* .gnu.linkonce.armextab.*)
                0x00000000080028a0                . = ALIGN (0x4)

.ARM            0x00000000080028a0        0x0
                0x00000000080028a0                . = ALIGN (0x4)
                0x00000000080028a0                __exidx_start = .
 *(.ARM.exidx*)
                0x00000000080028a0                __exidx_end = .
                0x00000000080028a0                . = ALIGN (0x4)

.preinit_array  0x00000000080028a0        0x0
                0x00000000080028a0                . = ALIGN (0x4)
                0x00000000080028a0                PROVIDE (__preinit_array_start = .)
 *(.preinit_array*)
                0x00000000080028a0                PROVIDE (__preinit_array_end = .)
                0x00000000080028a0                . = ALIGN (0x4)

.init_array     0x00000000080028a0        0x8
                0x00000000080028a0                . = ALIGN (0x4)
                0x00000000080028a0                PROVIDE (__init_array_start = .)
 *(SORT_BY_NAME(.init_array.*))
 .init_array.00000
                0x00000000080028a0        0x4 /usr/lib/gcc/arm-none-eabi/10.3.1/../../../arm-none-eabi/lib/thumb/v7e-m/nofp/libg.a(lib_a-__call_atexit.o)
 *(.init_array*)
 .init_array    0x00000000080028a4        0x4 /usr/lib/gcc/arm-none-eabi/10.3.1/thumb/v7e-m/nofp/crtbegin.o
                0x00000000080028a8                PROVIDE (__init_array_end = .)
                0x00000000080028a8                . = ALIGN (0x4)

.fini_array     0x00000000080028a8        0x4
                0x00000000080028a8                . = ALIGN (0x4)
                0x00000000080028a8                PROVIDE (__fini_array_start = .)
 *(SORT_BY_NAME(.fini_array.*))
 *(.fini_array*)
 .fini_array    0x00000000080028a8        0x4 /usr/lib/gcc/arm-none-eabi/10.3.1/thumb/v7e-m/nofp/crtbegin.o
                0x00000000080028ac                PROVIDE (__fini_array_end = .)
                0x00000000080028ac                . = ALIGN (0x4)
                0x00000000080028ac                _sidata = LOADADDR (.data)

.data           0x0000000020000000      0x430 load address 0x00000000080028ac
                0x0000000020000000                . = ALIGN (0x4)
                0x0000000020000000                _sdata = .
 *(.data)
 .data          0x0000000020000000      0x430 /usr/lib/gcc/arm-none-eabi/10.3.1/../../../arm-none-eabi/lib/thumb/v7e-m/nofp/libg.a(lib_a-impure.o)
                0x0000000020000000                _impure_ptr
 *(.data*)
                0x0000000020000430                . = ALIGN (0x4)
                0x0000000020000430                _edata = .

.tm_clone_table
                0x0000000020000430        0x0 load address 0x0000000008002cdc
 .tm_clone_table
                0x0000000020000430        0x0 /usr/lib/gcc/arm-none-eabi/10.3.1/thumb/v7e-m/nofp/crtbegin.o
 .tm_clone_table
                0x0000000020000430        0x0 /usr/lib/gcc/arm-none-eabi/10.3.1/thumb/v7e-m/nofp/crtend.o

.igot.plt       0x0000000020000430        0x0 load address 0x0000000008002cdc
 .igot.plt      0x0000000020000430        0x0 /usr/lib/gcc/arm-none-eabi/10.3.1/thumb/v7e-m/nofp/crtbegin.o
                0x0000000020000430                . = ALIGN (0x4)

.bss            0x0000000020000430      0xbbc load address 0x0000000008002cdc
                0x0000000020000430                _sbss = .
                0x0000000020000430                __bss_start__ = _sbss
 *(.bss)
 .bss           0x0000000020000430       0x1c /usr/lib/gcc/arm-none-eabi/10.3.1/thumb/v7e-m/nofp/crtbegin.o
 *fill*         0x000000002000044c        0x4 
 .bss           0x0000000020000450      0x8f8 objdir-CW308_STM32F4/simpleserial-hqc-pqclean.o
 .bss           0x0000000020000d48      0x204 objdir-CW308_STM32F4/simpleserial.o
 .bss           0x0000000020000f4c       0x9c objdir-CW308_STM32F4/stm32f4_hal.o
                0x0000000020000f4c                RngHandle
                0x0000000020000f58                UartHandle
                0x0000000020000fd8                hw_key
 .bss           0x0000000020000fe8        0x4 objdir-CW308_STM32F4/stm32f4_hal_lowlevel.o
 *(.bss*)
 *(COMMON)
                0x0000000020000fec                . = ALIGN (0x4)
                0x0000000020000fec                _ebss = .
                0x0000000020000fec                __bss_end__ = _ebss

._user_heap_stack
                0x0000000020000fec      0x404 load address 0x0000000008002cdc
                0x0000000020000ff0                . = ALIGN (0x8)
 *fill*         0x0000000020000fec        0x4 
                0x0000000020000ff0                PROVIDE (end = .)
                [!provide]                        PROVIDE (_end = .)
                0x0000000020000ff0                . = (. + _Min_Heap_Size)
                0x00000000200013f0                . = (. + _Min_Stack_Size)
 *fill*         0x0000000020000ff0      0x400 
                0x00000000200013f0                . = ALIGN (0x8)

/DISCARD/
 libc.a(*)
 libm.a(*)
 libgcc.a(*)

.ARM.attributes
                0x0000000000000000       0x2a
 *(.ARM.attributes)
 .ARM.attributes
                0x0000000000000000       0x1e /usr/lib/gcc/arm-none-eabi/10.3.1/thumb/v7e-m/nofp/crti.o
 .ARM.attributes
                0x000000000000001e       0x2e /usr/lib/gcc/arm-none-eabi/10.3.1/thumb/v7e-m/nofp/crtbegin.o
 .ARM.attributes
                0x000000000000004c       0x2e objdir-CW308_STM32F4/simpleserial-hqc-pqclean.o
 .ARM.attributes
                0x000000000000007a       0x2e objdir-CW308_STM32F4/code.o
 .ARM.attributes
                0x00000000000000a8       0x2e objdir-CW308_STM32F4/reed_muller.o
 .ARM.attributes
                0x00000000000000d6       0x2e objdir-CW308_STM32F4/reed_solomon.o
 .ARM.attributes
                0x0000000000000104       0x2e objdir-CW308_STM32F4/gf.o
 .ARM.attributes
                0x0000000000000132       0x2e objdir-CW308_STM32F4/simpleserial.o
 .ARM.attributes
                0x0000000000000160       0x2e objdir-CW308_STM32F4/stm32f4_hal.o
 .ARM.attributes
                0x000000000000018e       0x2e objdir-CW308_STM32F4/stm32f4_hal_lowlevel.o
 .ARM.attributes
                0x00000000000001bc       0x2e objdir-CW308_STM32F4/stm32f4xx_hal_rng.o
 .ARM.attributes
                0x00000000000001ea       0x21 objdir-CW308_STM32F4/stm32f4_startup.o
 .ARM.attributes
                0x000000000000020b       0x2e /usr/lib/gcc/arm-none-eabi/10.3.1/../../../arm-none-eabi/lib/thumb/v7e-m/nofp/libg.a(lib_a-atexit.o)
 .ARM.attributes
                0x0000000000000239       0x2e /usr/lib/gcc/arm-none-eabi/10.3.1/../../../arm-none-eabi/lib/thumb/v7e-m/nofp/libg.a(lib_a-fini.o)
 .ARM.attributes
                0x0000000000000267       0x2e /usr/lib/gcc/arm-none-eabi/10.3.1/../../../arm-none-eabi/lib/thumb/v7e-m/nofp/libg.a(lib_a-impure.o)
 .ARM.attributes
                0x0000000000000295       0x2e /usr/lib/gcc/arm-none-eabi/10.3.1/../../../arm-none-eabi/lib/thumb/v7e-m/nofp/libg.a(lib_a-init.o)
 .ARM.attributes
                0x00000000000002c3       0x1c /usr/lib/gcc/arm-none-eabi/10.3.1/../../../arm-none-eabi/lib/thumb/v7e-m/nofp/libg.a(lib_a-memcpy.o)
 .ARM.attributes
                0x00000000000002df       0x2e /usr/lib/gcc/arm-none-eabi/10.3.1/../../../arm-none-eabi/lib/thumb/v7e-m/nofp/libg.a(lib_a-memset.o)
 .ARM.attributes
                0x000000000000030d       0x2e /usr/lib/gcc/arm-none-eabi/10.3.1/../../../arm-none-eabi/lib/thumb/v7e-m/nofp/libg.a(lib_a-__atexit.o)
 .ARM.attributes
                0x000000000000033b       0x2e /usr/lib/gcc/arm-none-eabi/10.3.1/../../../arm-none-eabi/lib/thumb/v7e-m/nofp/libg.a(lib_a-__call_atexit.o)
 .ARM.attributes
                0x0000000000000369       0x2e /usr/lib/gcc/arm-none-eabi/10.3.1/thumb/v7e-m/nofp/crtend.o
 .ARM.attributes
                0x0000000000000397       0x1e /usr/lib/gcc/arm-none-eabi/10.3.1/thumb/v7e-m/nofp/crtn.o
OUTPUT(simpleserial-hqc-CW308_STM32F4.elf elf32-littlearm)
LOAD linker stubs
LOAD /usr/lib/gcc/arm-none-eabi/10.3.1/../../../arm-none-eabi/lib/thumb/v7e-m/nofp/libc.a
LOAD /usr/lib/gcc/arm-none-eabi/10.3.1/../../../arm-none-eabi/lib/thumb/v7e-m/nofp/libm.a
LOAD /usr/lib/gcc/arm-none-eabi/10.3.1/thumb/v7e-m/nofp/libgcc.a

.comment        0x0000000000000000       0x33
 .comment       0x0000000000000000       0x33 /usr/lib/gcc/arm-none-eabi/10.3.1/thumb/v7e-m/nofp/crtbegin.o
                                         0x34 (size before relaxing)
 .comment       0x0000000000000033       0x34 objdir-CW308_STM32F4/simpleserial-hqc-pqclean.o
 .comment       0x0000000000000033       0x34 objdir-CW308_STM32F4/code.o
 .comment       0x0000000000000033       0x34 objdir-CW308_STM32F4/reed_muller.o
 .comment       0x0000000000000033       0x34 objdir-CW308_STM32F4/reed_solomon.o
 .comment       0x0000000000000033       0x34 objdir-CW308_STM32F4/gf.o
 .comment       0x0000000000000033       0x34 objdir-CW308_STM32F4/simpleserial.o
 .comment       0x0000000000000033       0x34 objdir-CW308_STM32F4/stm32f4_hal.o
 .comment       0x0000000000000033       0x34 objdir-CW308_STM32F4/stm32f4_hal_lowlevel.o
 .comment       0x0000000000000033       0x34 objdir-CW308_STM32F4/stm32f4xx_hal_rng.o
 .comment       0x0000000000000033       0x34 /usr/lib/gcc/arm-none-eabi/10.3.1/../../../arm-none-eabi/lib/thumb/v7e-m/nofp/libg.a(lib_a-atexit.o)
 .comment       0x0000000000000033       0x34 /usr/lib/gcc/arm-none-eabi/10.3.1/../../../arm-none-eabi/lib/thumb/v7e-m/nofp/libg.a(lib_a-fini.o)
 .comment       0x0000000000000033       0x34 /usr/lib/gcc/arm-none-eabi/10.3.1/../../../arm-none-eabi/lib/thumb/v7e-m/nofp/libg.a(lib_a-impure.o)
 .comment       0x0000000000000033       0x34 /usr/lib/gcc/arm-none-eabi/10.3.1/../../../arm-none-eabi/lib/thumb/v7e-m/nofp/libg.a(lib_a-init.o)
 .comment       0x0000000000000033       0x34 /usr/lib/gcc/arm-none-eabi/10.3.1/../../../arm-none-eabi/lib/thumb/v7e-m/nofp/libg.a(lib_a-memset.o)
 .comment       0x0000000000000033       0x34 /usr/lib/gcc/arm-none-eabi/10.3.1/../../../arm-none-eabi/lib/thumb/v7e-m/nofp/libg.a(lib_a-__atexit.o)
 .comment       0x0000000000000033       0x34 /usr/lib/gcc/arm-none-eabi/10.3.1/../../../arm-none-eabi/lib/thumb/v7e-m/nofp/libg.a(lib_a-__call_atexit.o)
 .comment       0x0000000000000033       0x34 /usr/lib/gcc/arm-none-eabi/10.3.1/thumb/v7e-m/nofp/crtend.o

.debug_info     0x0000000000000000     0xab70
 .debug_info    0x0000000000000000     0x1452 objdir-CW308_STM32F4/simpleserial-hqc-pqclean.o
 .debug_info    0x0000000000001452      0xd03 objdir-CW308_STM32F4/code.o
 .debug_info    0x0000000000002155      0x710 objdir-CW308_STM32F4/reed_muller.o
 .debug_info    0x0000000000002865      0xe8f objdir-CW308_STM32F4/reed_solomon.o
 .debug_info    0x00000000000036f4      0xac1 objdir-CW308_STM32F4/gf.o
 .debug_info    0x00000000000041b5      0xc35 objdir-CW308_STM32F4/simpleserial.o
 .debug_info    0x0000000000004dea     0x1578 objdir-CW308_STM32F4/stm32f4_hal.o
 .debug_info    0x0000000000006362     0x20cf objdir-CW308_STM32F4/stm32f4_hal_lowlevel.o
 .debug_info    0x0000000000008431      0x5af objdir-CW308_STM32F4/stm32f4xx_hal_rng.o
 .debug_info    0x00000000000089e0      0x100 /usr/lib/gcc/arm-none-eabi/10.3.1/../../../arm-none-eabi/lib/thumb/v7e-m/nofp/libg.a(lib_a-atexit.o)
 .debug_info    0x0000000000008ae0      0x102 /usr/lib/gcc/arm-none-eabi/10.3.1/../../../arm-none-eabi/lib/thumb/v7e-m/nofp/libg.a(lib_a-fini.o)
 .debug_info    0x0000000000008be2      0x92a /usr/lib/gcc/arm-none-eabi/10.3.1/../../../arm-none-eabi/lib/thumb/v7e-m/nofp/libg.a(lib_a-impure.o)
 .debug_info    0x000000000000950c      0x11a /usr/lib/gcc/arm-none-eabi/10.3.1/../../../arm-none-eabi/lib/thumb/v7e-m/nofp/libg.a(lib_a-init.o)
 .debug_info    0x0000000000009626       0x26 /usr/lib/gcc/arm-none-eabi/10.3.1/../../../arm-none-eabi/lib/thumb/v7e-m/nofp/libg.a(lib_a-memcpy.o)
 .debug_info    0x000000000000964c      0x137 /usr/lib/gcc/arm-none-eabi/10.3.1/../../../arm-none-eabi/lib/thumb/v7e-m/nofp/libg.a(lib_a-memset.o)
 .debug_info    0x0000000000009783      0x9b0 /usr/lib/gcc/arm-none-eabi/10.3.1/../../../arm-none-eabi/lib/thumb/v7e-m/nofp/libg.a(lib_a-__atexit.o)
 .debug_info    0x000000000000a133      0xa3d /usr/lib/gcc/arm-none-eabi/10.3.1/../../../arm-none-eabi/lib/thumb/v7e-m/nofp/libg.a(lib_a-__call_atexit.o)

.debug_abbrev   0x0000000000000000     0x208e
 .debug_abbrev  0x0000000000000000      0x19f objdir-CW308_STM32F4/simpleserial-hqc-pqclean.o
 .debug_abbrev  0x000000000000019f       0xf9 objdir-CW308_STM32F4/code.o
 .debug_abbrev  0x0000000000000298      0x229 objdir-CW308_STM32F4/reed_muller.o
 .debug_abbrev  0x00000000000004c1      0x30a objdir-CW308_STM32F4/reed_solomon.o
 .debug_abbrev  0x00000000000007cb      0x211 objdir-CW308_STM32F4/gf.o
 .debug_abbrev  0x00000000000009dc      0x33e objdir-CW308_STM32F4/simpleserial.o
 .debug_abbrev  0x0000000000000d1a      0x2ac objdir-CW308_STM32F4/stm32f4_hal.o
 .debug_abbrev  0x0000000000000fc6      0x445 objdir-CW308_STM32F4/stm32f4_hal_lowlevel.o
 .debug_abbrev  0x000000000000140b      0x2c0 objdir-CW308_STM32F4/stm32f4xx_hal_rng.o
 .debug_abbrev  0x00000000000016cb       0xb7 /usr/lib/gcc/arm-none-eabi/10.3.1/../../../arm-none-eabi/lib/thumb/v7e-m/nofp/libg.a(lib_a-atexit.o)
 .debug_abbrev  0x0000000000001782       0xcf /usr/lib/gcc/arm-none-eabi/10.3.1/../../../arm-none-eabi/lib/thumb/v7e-m/nofp/libg.a(lib_a-fini.o)
 .debug_abbrev  0x0000000000001851      0x1b8 /usr/lib/gcc/arm-none-eabi/10.3.1/../../../arm-none-eabi/lib/thumb/v7e-m/nofp/libg.a(lib_a-impure.o)
 .debug_abbrev  0x0000000000001a09       0xcc /usr/lib/gcc/arm-none-eabi/10.3.1/../../../arm-none-eabi/lib/thumb/v7e-m/nofp/libg.a(lib_a-init.o)
 .debug_abbrev  0x0000000000001ad5       0x14 /usr/lib/gcc/arm-none-eabi/10.3.1/../../../arm-none-eabi/lib/thumb/v7e-m/nofp/libg.a(lib_a-memcpy.o)
 .debug_abbrev  0x0000000000001ae9       0xb4 /usr/lib/gcc/arm-none-eabi/10.3.1/../../../arm-none-eabi/lib/thumb/v7e-m/nofp/libg.a(lib_a-memset.o)
 .debug_abbrev  0x0000000000001b9d      0x23f /usr/lib/gcc/arm-none-eabi/10.3.1/../../../arm-none-eabi/lib/thumb/v7e-m/nofp/libg.a(lib_a-__atexit.o)
 .debug_abbrev  0x0000000000001ddc      0x2b2 /usr/lib/gcc/arm-none-eabi/10.3.1/../../../arm-none-eabi/lib/thumb/v7e-m/nofp/libg.a(lib_a-__call_atexit.o)

.debug_loc      0x0000000000000000     0x6bd0
 .debug_loc     0x0000000000000000      0x616 objdir-CW308_STM32F4/simpleserial-hqc-pqclean.o
 .debug_loc     0x0000000000000616       0xfa objdir-CW308_STM32F4/code.o
 .debug_loc     0x0000000000000710      0xafd objdir-CW308_STM32F4/reed_muller.o
 .debug_loc     0x000000000000120d     0x1198 objdir-CW308_STM32F4/reed_solomon.o
 .debug_loc     0x00000000000023a5      0xebe objdir-CW308_STM32F4/gf.o
 .debug_loc     0x0000000000003263      0xfc0 objdir-CW308_STM32F4/simpleserial.o
 .debug_loc     0x0000000000004223      0x3e0 objdir-CW308_STM32F4/stm32f4_hal.o
 .debug_loc     0x0000000000004603     0x19a9 objdir-CW308_STM32F4/stm32f4_hal_lowlevel.o
 .debug_loc     0x0000000000005fac      0x5be objdir-CW308_STM32F4/stm32f4xx_hal_rng.o
 .debug_loc     0x000000000000656a       0x32 /usr/lib/gcc/arm-none-eabi/10.3.1/../../../arm-none-eabi/lib/thumb/v7e-m/nofp/libg.a(lib_a-atexit.o)
 .debug_loc     0x000000000000659c       0x68 /usr/lib/gcc/arm-none-eabi/10.3.1/../../../arm-none-eabi/lib/thumb/v7e-m/nofp/libg.a(lib_a-fini.o)
 .debug_loc     0x0000000000006604       0xba /usr/lib/gcc/arm-none-eabi/10.3.1/../../../arm-none-eabi/lib/thumb/v7e-m/nofp/libg.a(lib_a-init.o)
 .debug_loc     0x00000000000066be      0x22c /usr/lib/gcc/arm-none-eabi/10.3.1/../../../arm-none-eabi/lib/thumb/v7e-m/nofp/libg.a(lib_a-memset.o)
 .debug_loc     0x00000000000068ea      0x138 /usr/lib/gcc/arm-none-eabi/10.3.1/../../../arm-none-eabi/lib/thumb/v7e-m/nofp/libg.a(lib_a-__atexit.o)
 .debug_loc     0x0000000000006a22      0x1ae /usr/lib/gcc/arm-none-eabi/10.3.1/../../../arm-none-eabi/lib/thumb/v7e-m/nofp/libg.a(lib_a-__call_atexit.o)

.debug_aranges  0x0000000000000000      0x428
 .debug_aranges
                0x0000000000000000       0x70 objdir-CW308_STM32F4/simpleserial-hqc-pqclean.o
 .debug_aranges
                0x0000000000000070       0x28 objdir-CW308_STM32F4/code.o
 .debug_aranges
                0x0000000000000098       0x40 objdir-CW308_STM32F4/reed_muller.o
 .debug_aranges
                0x00000000000000d8       0x28 objdir-CW308_STM32F4/reed_solomon.o
 .debug_aranges
                0x0000000000000100       0x30 objdir-CW308_STM32F4/gf.o
 .debug_aranges
                0x0000000000000130       0x68 objdir-CW308_STM32F4/simpleserial.o
 .debug_aranges
                0x0000000000000198       0x88 objdir-CW308_STM32F4/stm32f4_hal.o
 .debug_aranges
                0x0000000000000220       0x98 objdir-CW308_STM32F4/stm32f4_hal_lowlevel.o
 .debug_aranges
                0x00000000000002b8       0x70 objdir-CW308_STM32F4/stm32f4xx_hal_rng.o
 .debug_aranges
                0x0000000000000328       0x20 /usr/lib/gcc/arm-none-eabi/10.3.1/../../../arm-none-eabi/lib/thumb/v7e-m/nofp/libg.a(lib_a-atexit.o)
 .debug_aranges
                0x0000000000000348       0x20 /usr/lib/gcc/arm-none-eabi/10.3.1/../../../arm-none-eabi/lib/thumb/v7e-m/nofp/libg.a(lib_a-fini.o)
 .debug_aranges
                0x0000000000000368       0x18 /usr/lib/gcc/arm-none-eabi/10.3.1/../../../arm-none-eabi/lib/thumb/v7e-m/nofp/libg.a(lib_a-impure.o)
 .debug_aranges
                0x0000000000000380       0x20 /usr/lib/gcc/arm-none-eabi/10.3.1/../../../arm-none-eabi/lib/thumb/v7e-m/nofp/libg.a(lib_a-init.o)
 .debug_aranges
                0x00000000000003a0       0x20 /usr/lib/gcc/arm-none-eabi/10.3.1/../../../arm-none-eabi/lib/thumb/v7e-m/nofp/libg.a(lib_a-memcpy.o)
 .debug_aranges
                0x00000000000003c0       0x20 /usr/lib/gcc/arm-none-eabi/10.3.1/../../../arm-none-eabi/lib/thumb/v7e-m/nofp/libg.a(lib_a-memset.o)
 .debug_aranges
                0x00000000000003e0       0x20 /usr/lib/gcc/arm-none-eabi/10.3.1/../../../arm-none-eabi/lib/thumb/v7e-m/nofp/libg.a(lib_a-__atexit.o)
 .debug_aranges
                0x0000000000000400       0x28 /usr/lib/gcc/arm-none-eabi/10.3.1/../../../arm-none-eabi/lib/thumb/v7e-m/nofp/libg.a(lib_a-__call_atexit.o)

.debug_ranges   0x0000000000000000     0x10a0
 .debug_ranges  0x0000000000000000       0xa8 objdir-CW308_STM32F4/simpleserial-hqc-pqclean.o
 .debug_ranges  0x00000000000000a8       0x18 objdir-CW308_STM32F4/code.o
 .debug_ranges  0x00000000000000c0      0x1a8 objdir-CW308_STM32F4/reed_muller.o
 .debug_ranges  0x0000000000000268      0x158 objdir-CW308_STM32F4/reed_solomon.o
 .debug_ranges  0x00000000000003c0      0x308 objdir-CW308_STM32F4/gf.o
 .debug_ranges  0x00000000000006c8      0x290 objdir-CW308_STM32F4/simpleserial.o
 .debug_ranges  0x0000000000000958      0x140 objdir-CW308_STM32F4/stm32f4_hal.o
 .debug_ranges  0x0000000000000a98      0x530 objdir-CW308_STM32F4/stm32f4_hal_lowlevel.o
 .debug_ranges  0x0000000000000fc8       0x88 objdir-CW308_STM32F4/stm32f4xx_hal_rng.o
 .debug_ranges  0x0000000000001050       0x50 /usr/lib/gcc/arm-none-eabi/10.3.1/../../../arm-none-eabi/lib/thumb/v7e-m/nofp/libg.a(lib_a-__call_atexit.o)

.debug_line     0x0000000000000000     0x652c
 .debug_line    0x0000000000000000      0x4a1 objdir-CW308_STM32F4/simpleserial-hqc-pqclean.o
 .debug_line    0x00000000000004a1      0x180 objdir-CW308_STM32F4/code.o
 .debug_line    0x0000000000000621      0x682 objdir-CW308_STM32F4/reed_muller.o
 .debug_line    0x0000000000000ca3      0xca7 objdir-CW308_STM32F4/reed_solomon.o
 .debug_line    0x000000000000194a      0xdc6 objdir-CW308_STM32F4/gf.o
 .debug_line    0x0000000000002710      0x92c objdir-CW308_STM32F4/simpleserial.o
 .debug_line    0x000000000000303c      0x770 objdir-CW308_STM32F4/stm32f4_hal.o
 .debug_line    0x00000000000037ac     0x1d44 objdir-CW308_STM32F4/stm32f4_hal_lowlevel.o
 .debug_line    0x00000000000054f0      0x5c4 objdir-CW308_STM32F4/stm32f4xx_hal_rng.o
 .debug_line    0x0000000000005ab4       0xc0 /usr/lib/gcc/arm-none-eabi/10.3.1/../../../arm-none-eabi/lib/thumb/v7e-m/nofp/libg.a(lib_a-atexit.o)
 .debug_line    0x0000000000005b74       0xed /usr/lib/gcc/arm-none-eabi/10.3.1/../../../arm-none-eabi/lib/thumb/v7e-m/nofp/libg.a(lib_a-fini.o)
 .debug_line    0x0000000000005c61       0xe4 /usr/lib/gcc/arm-none-eabi/10.3.1/../../../arm-none-eabi/lib/thumb/v7e-m/nofp/libg.a(lib_a-impure.o)
 .debug_line    0x0000000000005d45      0x138 /usr/lib/gcc/arm-none-eabi/10.3.1/../../../arm-none-eabi/lib/thumb/v7e-m/nofp/libg.a(lib_a-init.o)
 .debug_line    0x0000000000005e7d       0xbe /usr/lib/gcc/arm-none-eabi/10.3.1/../../../arm-none-eabi/lib/thumb/v7e-m/nofp/libg.a(lib_a-memcpy.o)
 .debug_line    0x0000000000005f3b      0x1bf /usr/lib/gcc/arm-none-eabi/10.3.1/../../../arm-none-eabi/lib/thumb/v7e-m/nofp/libg.a(lib_a-memset.o)
 .debug_line    0x00000000000060fa      0x19e /usr/lib/gcc/arm-none-eabi/10.3.1/../../../arm-none-eabi/lib/thumb/v7e-m/nofp/libg.a(lib_a-__atexit.o)
 .debug_line    0x0000000000006298      0x294 /usr/lib/gcc/arm-none-eabi/10.3.1/../../../arm-none-eabi/lib/thumb/v7e-m/nofp/libg.a(lib_a-__call_atexit.o)

.debug_str      0x0000000000000000     0x2197
 .debug_str     0x0000000000000000      0x37c objdir-CW308_STM32F4/simpleserial-hqc-pqclean.o
                                        0x3f6 (size before relaxing)
 .debug_str     0x000000000000037c       0xbf objdir-CW308_STM32F4/code.o
                                        0x304 (size before relaxing)
 .debug_str     0x000000000000043b       0xeb objdir-CW308_STM32F4/reed_muller.o
                                        0x301 (size before relaxing)
 .debug_str     0x0000000000000526      0x1fc objdir-CW308_STM32F4/reed_solomon.o
                                        0x473 (size before relaxing)
 .debug_str     0x0000000000000722       0xb4 objdir-CW308_STM32F4/gf.o
                                        0x2cb (size before relaxing)
 .debug_str     0x00000000000007d6      0x116 objdir-CW308_STM32F4/simpleserial.o
                                        0x320 (size before relaxing)
 .debug_str     0x00000000000008ec      0xb82 objdir-CW308_STM32F4/stm32f4_hal.o
                                        0xdcc (size before relaxing)
 .debug_str     0x000000000000146e      0x2ae objdir-CW308_STM32F4/stm32f4_hal_lowlevel.o
                                        0xe6b (size before relaxing)
 .debug_str     0x000000000000171c      0x17e objdir-CW308_STM32F4/stm32f4xx_hal_rng.o
                                        0x47f (size before relaxing)
 .debug_str     0x000000000000189a      0x14e /usr/lib/gcc/arm-none-eabi/10.3.1/../../../arm-none-eabi/lib/thumb/v7e-m/nofp/libg.a(lib_a-atexit.o)
                                        0x1de (size before relaxing)
 .debug_str     0x00000000000019e8       0xbe /usr/lib/gcc/arm-none-eabi/10.3.1/../../../arm-none-eabi/lib/thumb/v7e-m/nofp/libg.a(lib_a-fini.o)
                                        0x1d6 (size before relaxing)
 .debug_str     0x0000000000001aa6      0x449 /usr/lib/gcc/arm-none-eabi/10.3.1/../../../arm-none-eabi/lib/thumb/v7e-m/nofp/libg.a(lib_a-impure.o)
                                        0x57c (size before relaxing)
 .debug_str     0x0000000000001eef       0x90 /usr/lib/gcc/arm-none-eabi/10.3.1/../../../arm-none-eabi/lib/thumb/v7e-m/nofp/libg.a(lib_a-init.o)
                                        0x200 (size before relaxing)
 .debug_str     0x0000000000001f7f       0xae /usr/lib/gcc/arm-none-eabi/10.3.1/../../../arm-none-eabi/lib/thumb/v7e-m/nofp/libg.a(lib_a-memcpy.o)
 .debug_str     0x000000000000202d       0xa2 /usr/lib/gcc/arm-none-eabi/10.3.1/../../../arm-none-eabi/lib/thumb/v7e-m/nofp/libg.a(lib_a-memset.o)
                                        0x1b5 (size before relaxing)
 .debug_str     0x00000000000020cf       0x3b /usr/lib/gcc/arm-none-eabi/10.3.1/../../../arm-none-eabi/lib/thumb/v7e-m/nofp/libg.a(lib_a-__atexit.o)
                                        0x5b6 (size before relaxing)
 .debug_str     0x000000000000210a       0x8d /usr/lib/gcc/arm-none-eabi/10.3.1/../../../arm-none-eabi/lib/thumb/v7e-m/nofp/libg.a(lib_a-__call_atexit.o)
                                        0x5e2 (size before relaxing)

.debug_frame    0x0000000000000000      0xa74
 .debug_frame   0x0000000000000000      0x120 objdir-CW308_STM32F4/simpleserial-hqc-pqclean.o
 .debug_frame   0x0000000000000120       0x50 objdir-CW308_STM32F4/code.o
 .debug_frame   0x0000000000000170       0xc0 objdir-CW308_STM32F4/reed_muller.o
 .debug_frame   0x0000000000000230       0x70 objdir-CW308_STM32F4/reed_solomon.o
 .debug_frame   0x00000000000002a0       0x68 objdir-CW308_STM32F4/gf.o
 .debug_frame   0x0000000000000308      0x140 objdir-CW308_STM32F4/simpleserial.o
 .debug_frame   0x0000000000000448      0x17c objdir-CW308_STM32F4/stm32f4_hal.o
 .debug_frame   0x00000000000005c4      0x25c objdir-CW308_STM32F4/stm32f4_hal_lowlevel.o
 .debug_frame   0x0000000000000820      0x124 objdir-CW308_STM32F4/stm32f4xx_hal_rng.o
 .debug_frame   0x0000000000000944       0x20 /usr/lib/gcc/arm-none-eabi/10.3.1/../../../arm-none-eabi/lib/thumb/v7e-m/nofp/libg.a(lib_a-atexit.o)
 .debug_frame   0x0000000000000964       0x34 /usr/lib/gcc/arm-none-eabi/10.3.1/../../../arm-none-eabi/lib/thumb/v7e-m/nofp/libg.a(lib_a-fini.o)
 .debug_frame   0x0000000000000998       0x2c /usr/lib/gcc/arm-none-eabi/10.3.1/../../../arm-none-eabi/lib/thumb/v7e-m/nofp/libg.a(lib_a-init.o)
 .debug_frame   0x00000000000009c4       0x2c /usr/lib/gcc/arm-none-eabi/10.3.1/../../../arm-none-eabi/lib/thumb/v7e-m/nofp/libg.a(lib_a-memset.o)
 .debug_frame   0x00000000000009f0       0x34 /usr/lib/gcc/arm-none-eabi/10.3.1/../../../arm-none-eabi/lib/thumb/v7e-m/nofp/libg.a(lib_a-__atexit.o)
 .debug_frame   0x0000000000000a24       0x50 /usr/lib/gcc/arm-none-eabi/10.3.1/../../../arm-none-eabi/lib/thumb/v7e-m/nofp/libg.a(lib_a-__call_atexit.o)

.stab           0x0000000000000000      0x144
 .stab          0x0000000000000000      0x144 objdir-CW308_STM32F4/stm32f4_startup.o

.stabstr        0x0000000000000000       0x80
 .stabstr       0x0000000000000000       0x80 objdir-CW308_STM32F4/stm32f4_startup.o

Cross Reference Table

Symbol                                            File
BusFault_Handler                                  objdir-CW308_STM32F4/stm32f4_startup.o
DebugMon_Handler                                  objdir-CW308_STM32F4/stm32f4_startup.o
Default_Handler                                   objdir-CW308_STM32F4/stm32f4_startup.o
HAL_CRYP_AESECB_Decrypt                           objdir-CW308_STM32F4/stm32f4_hal_lowlevel.o
                                                  objdir-CW308_STM32F4/stm32f4_hal.o
HAL_CRYP_AESECB_Encrypt                           objdir-CW308_STM32F4/stm32f4_hal_lowlevel.o
                                                  objdir-CW308_STM32F4/stm32f4_hal.o
HAL_CRYP_DeInit                                   objdir-CW308_STM32F4/stm32f4_hal_lowlevel.o
HAL_CRYP_Init                                     objdir-CW308_STM32F4/stm32f4_hal_lowlevel.o
                                                  objdir-CW308_STM32F4/stm32f4_hal.o
HAL_GPIO_Init                                     objdir-CW308_STM32F4/stm32f4_hal_lowlevel.o
                                                  objdir-CW308_STM32F4/stm32f4_hal.o
HAL_GPIO_WritePin                                 objdir-CW308_STM32F4/stm32f4_hal_lowlevel.o
                                                  objdir-CW308_STM32F4/stm32f4_hal.o
HAL_GetTick                                       objdir-CW308_STM32F4/stm32f4_hal_lowlevel.o
                                                  objdir-CW308_STM32F4/stm32f4xx_hal_rng.o
HAL_RCC_ClockConfig                               objdir-CW308_STM32F4/stm32f4_hal_lowlevel.o
                                                  objdir-CW308_STM32F4/stm32f4_hal.o
HAL_RCC_GetPCLK1Freq                              objdir-CW308_STM32F4/stm32f4_hal_lowlevel.o
HAL_RCC_GetPCLK2Freq                              objdir-CW308_STM32F4/stm32f4_hal_lowlevel.o
HAL_RCC_OscConfig                                 objdir-CW308_STM32F4/stm32f4_hal_lowlevel.o
                                                  objdir-CW308_STM32F4/stm32f4_hal.o
HAL_RNG_DeInit                                    objdir-CW308_STM32F4/stm32f4xx_hal_rng.o
HAL_RNG_ErrorCallback                             objdir-CW308_STM32F4/stm32f4xx_hal_rng.o
HAL_RNG_GenerateRandomNumber                      objdir-CW308_STM32F4/stm32f4xx_hal_rng.o
                                                  objdir-CW308_STM32F4/stm32f4_hal.o
HAL_RNG_GenerateRandomNumber_IT                   objdir-CW308_STM32F4/stm32f4xx_hal_rng.o
HAL_RNG_GetRandomNumber                           objdir-CW308_STM32F4/stm32f4xx_hal_rng.o
HAL_RNG_GetRandomNumber_IT                        objdir-CW308_STM32F4/stm32f4xx_hal_rng.o
HAL_RNG_GetState                                  objdir-CW308_STM32F4/stm32f4xx_hal_rng.o
HAL_RNG_IRQHandler                                objdir-CW308_STM32F4/stm32f4xx_hal_rng.o
HAL_RNG_Init                                      objdir-CW308_STM32F4/stm32f4xx_hal_rng.o
                                                  objdir-CW308_STM32F4/stm32f4_hal.o
HAL_RNG_MspDeInit                                 objdir-CW308_STM32F4/stm32f4xx_hal_rng.o
HAL_RNG_MspInit                                   objdir-CW308_STM32F4/stm32f4xx_hal_rng.o
HAL_RNG_ReadLastRandomNumber                      objdir-CW308_STM32F4/stm32f4xx_hal_rng.o
HAL_RNG_ReadyDataCallback                         objdir-CW308_STM32F4/stm32f4xx_hal_rng.o
HAL_UART_Init                                     objdir-CW308_STM32F4/stm32f4_hal_lowlevel.o
                                                  objdir-CW308_STM32F4/stm32f4_hal.o
HAL_UART_Receive                                  objdir-CW308_STM32F4/stm32f4_hal_lowlevel.o
                                                  objdir-CW308_STM32F4/stm32f4_hal.o
HAL_UART_Transmit                                 objdir-CW308_STM32F4/stm32f4_hal_lowlevel.o
                                                  objdir-CW308_STM32F4/stm32f4_hal.o
HW_AES128_Dec                                     objdir-CW308_STM32F4/stm32f4_hal.o
HW_AES128_Enc                                     objdir-CW308_STM32F4/stm32f4_hal.o
HW_AES128_Enc_posttrigger                         objdir-CW308_STM32F4/stm32f4_hal.o
HW_AES128_Enc_pretrigger                          objdir-CW308_STM32F4/stm32f4_hal.o
HW_AES128_Init                                    objdir-CW308_STM32F4/stm32f4_hal.o
HW_AES128_LoadKey                                 objdir-CW308_STM32F4/stm32f4_hal.o
HardFault_Handler                                 objdir-CW308_STM32F4/stm32f4_startup.o
MemManage_Handler                                 objdir-CW308_STM32F4/stm32f4_startup.o
NMI_Handler                                       objdir-CW308_STM32F4/stm32f4_startup.o
PQCLEAN_HQC128_CLEAN_code_decode                  objdir-CW308_STM32F4/code.o
PQCLEAN_HQC128_CLEAN_code_encode                  objdir-CW308_STM32F4/code.o
                                                  objdir-CW308_STM32F4/simpleserial-hqc-pqclean.o
PQCLEAN_HQC128_CLEAN_fft                          objdir-CW308_STM32F4/fft.o
                                                  objdir-CW308_STM32F4/reed_solomon.o
PQCLEAN_HQC128_CLEAN_fft_retrieve_error_poly      objdir-CW308_STM32F4/fft.o
                                                  objdir-CW308_STM32F4/reed_solomon.o
PQCLEAN_HQC128_CLEAN_gf_inverse                   objdir-CW308_STM32F4/gf.o
                                                  objdir-CW308_STM32F4/fft.o
                                                  objdir-CW308_STM32F4/reed_solomon.o
PQCLEAN_HQC128_CLEAN_gf_mul                       objdir-CW308_STM32F4/gf.o
                                                  objdir-CW308_STM32F4/fft.o
                                                  objdir-CW308_STM32F4/reed_solomon.o
PQCLEAN_HQC128_CLEAN_gf_square                    objdir-CW308_STM32F4/gf.o
                                                  objdir-CW308_STM32F4/fft.o
PQCLEAN_HQC128_CLEAN_reed_muller_decode           objdir-CW308_STM32F4/reed_muller.o
                                                  objdir-CW308_STM32F4/code.o
PQCLEAN_HQC128_CLEAN_reed_muller_encode           objdir-CW308_STM32F4/reed_muller.o
                                                  objdir-CW308_STM32F4/code.o
                                                  objdir-CW308_STM32F4/simpleserial-hqc-pqclean.o
PQCLEAN_HQC128_CLEAN_reed_solomon_decode          objdir-CW308_STM32F4/reed_solomon.o
                                                  objdir-CW308_STM32F4/code.o
PQCLEAN_HQC128_CLEAN_reed_solomon_encode          objdir-CW308_STM32F4/reed_solomon.o
                                                  objdir-CW308_STM32F4/code.o
                                                  objdir-CW308_STM32F4/simpleserial-hqc-pqclean.o
PendSV_Handler                                    objdir-CW308_STM32F4/stm32f4_startup.o
RCC_AHB2PeriphClockCmd                            objdir-CW308_STM32F4/stm32f4_hal_lowlevel.o
Reset_Handler                                     objdir-CW308_STM32F4/stm32f4_startup.o
RngHandle                                         objdir-CW308_STM32F4/stm32f4_hal.o
SVC_Handler                                       objdir-CW308_STM32F4/stm32f4_startup.o
SysTick_Handler                                   objdir-CW308_STM32F4/stm32f4_startup.o
SystemInit                                        objdir-CW308_STM32F4/stm32f4_startup.o
UartHandle                                        objdir-CW308_STM32F4/stm32f4_hal.o
UsageFault_Handler                                objdir-CW308_STM32F4/stm32f4_startup.o
_ITM_deregisterTMCloneTable                       /usr/lib/gcc/arm-none-eabi/10.3.1/thumb/v7e-m/nofp/crtbegin.o
_ITM_registerTMCloneTable                         /usr/lib/gcc/arm-none-eabi/10.3.1/thumb/v7e-m/nofp/crtbegin.o
__TMC_END__                                       /usr/lib/gcc/arm-none-eabi/10.3.1/thumb/v7e-m/nofp/crtend.o
                                                  /usr/lib/gcc/arm-none-eabi/10.3.1/thumb/v7e-m/nofp/crtbegin.o
__bss_end__                                       /usr/lib/gcc/arm-none-eabi/10.3.1/../../../arm-none-eabi/lib/thumb/v7e-m/nofp/crt0.o
__bss_start__                                     /usr/lib/gcc/arm-none-eabi/10.3.1/../../../arm-none-eabi/lib/thumb/v7e-m/nofp/crt0.o
__call_exitprocs                                  /usr/lib/gcc/arm-none-eabi/10.3.1/../../../arm-none-eabi/lib/thumb/v7e-m/nofp/libg.a(lib_a-__call_atexit.o)
                                                  /usr/lib/gcc/arm-none-eabi/10.3.1/../../../arm-none-eabi/lib/thumb/v7e-m/nofp/libg.a(lib_a-exit.o)
__deregister_frame_info                           /usr/lib/gcc/arm-none-eabi/10.3.1/thumb/v7e-m/nofp/crtbegin.o
__dso_handle                                      /usr/lib/gcc/arm-none-eabi/10.3.1/thumb/v7e-m/nofp/crtbegin.o
__errno                                           /usr/lib/gcc/arm-none-eabi/10.3.1/../../../arm-none-eabi/lib/thumb/v7e-m/nofp/libg.a(lib_a-errno.o)
                                                  objdir-CW308_STM32F4/stm32f4_sysmem.o
__fini_array_end                                  /usr/lib/gcc/arm-none-eabi/10.3.1/../../../arm-none-eabi/lib/thumb/v7e-m/nofp/libg.a(lib_a-fini.o)
__fini_array_start                                /usr/lib/gcc/arm-none-eabi/10.3.1/../../../arm-none-eabi/lib/thumb/v7e-m/nofp/libg.a(lib_a-fini.o)
__init_array_end                                  /usr/lib/gcc/arm-none-eabi/10.3.1/../../../arm-none-eabi/lib/thumb/v7e-m/nofp/libg.a(lib_a-init.o)
__init_array_start                                /usr/lib/gcc/arm-none-eabi/10.3.1/../../../arm-none-eabi/lib/thumb/v7e-m/nofp/libg.a(lib_a-init.o)
__libc_fini                                       /usr/lib/gcc/arm-none-eabi/10.3.1/../../../arm-none-eabi/lib/thumb/v7e-m/nofp/libg.a(lib_a-__call_atexit.o)
__libc_fini_array                                 /usr/lib/gcc/arm-none-eabi/10.3.1/../../../arm-none-eabi/lib/thumb/v7e-m/nofp/libg.a(lib_a-fini.o)
                                                  /usr/lib/gcc/arm-none-eabi/10.3.1/../../../arm-none-eabi/lib/thumb/v7e-m/nofp/libg.a(lib_a-__call_atexit.o)
                                                  /usr/lib/gcc/arm-none-eabi/10.3.1/../../../arm-none-eabi/lib/thumb/v7e-m/nofp/crt0.o
__libc_init_array                                 /usr/lib/gcc/arm-none-eabi/10.3.1/../../../arm-none-eabi/lib/thumb/v7e-m/nofp/libg.a(lib_a-init.o)
                                                  objdir-CW308_STM32F4/stm32f4_startup.o
                                                  /usr/lib/gcc/arm-none-eabi/10.3.1/../../../arm-none-eabi/lib/thumb/v7e-m/nofp/crt0.o
__preinit_array_end                               /usr/lib/gcc/arm-none-eabi/10.3.1/../../../arm-none-eabi/lib/thumb/v7e-m/nofp/libg.a(lib_a-init.o)
__preinit_array_start                             /usr/lib/gcc/arm-none-eabi/10.3.1/../../../arm-none-eabi/lib/thumb/v7e-m/nofp/libg.a(lib_a-init.o)
__register_exitproc                               /usr/lib/gcc/arm-none-eabi/10.3.1/../../../arm-none-eabi/lib/thumb/v7e-m/nofp/libg.a(lib_a-__atexit.o)
                                                  /usr/lib/gcc/arm-none-eabi/10.3.1/../../../arm-none-eabi/lib/thumb/v7e-m/nofp/libg.a(lib_a-atexit.o)
__register_frame_info                             /usr/lib/gcc/arm-none-eabi/10.3.1/thumb/v7e-m/nofp/crtbegin.o
__stack                                           /usr/lib/gcc/arm-none-eabi/10.3.1/../../../arm-none-eabi/lib/thumb/v7e-m/nofp/crt0.o
_ebss                                             objdir-CW308_STM32F4/stm32f4_startup.o
_edata                                            objdir-CW308_STM32F4/stm32f4_startup.o
_estack                                           objdir-CW308_STM32F4/stm32f4_startup.o
_exit                                             /usr/lib/gcc/arm-none-eabi/10.3.1/../../../arm-none-eabi/lib/thumb/v7e-m/nofp/libnosys.a(_exit.o)
                                                  /usr/lib/gcc/arm-none-eabi/10.3.1/../../../arm-none-eabi/lib/thumb/v7e-m/nofp/libg.a(lib_a-exit.o)
_fini                                             /usr/lib/gcc/arm-none-eabi/10.3.1/thumb/v7e-m/nofp/crti.o
                                                  /usr/lib/gcc/arm-none-eabi/10.3.1/../../../arm-none-eabi/lib/thumb/v7e-m/nofp/libg.a(lib_a-fini.o)
_global_impure_ptr                                /usr/lib/gcc/arm-none-eabi/10.3.1/../../../arm-none-eabi/lib/thumb/v7e-m/nofp/libg.a(lib_a-impure.o)
                                                  /usr/lib/gcc/arm-none-eabi/10.3.1/../../../arm-none-eabi/lib/thumb/v7e-m/nofp/libg.a(lib_a-__call_atexit.o)
                                                  /usr/lib/gcc/arm-none-eabi/10.3.1/../../../arm-none-eabi/lib/thumb/v7e-m/nofp/libg.a(lib_a-__atexit.o)
                                                  /usr/lib/gcc/arm-none-eabi/10.3.1/../../../arm-none-eabi/lib/thumb/v7e-m/nofp/libg.a(lib_a-exit.o)
_impure_ptr                                       /usr/lib/gcc/arm-none-eabi/10.3.1/../../../arm-none-eabi/lib/thumb/v7e-m/nofp/libg.a(lib_a-impure.o)
                                                  /usr/lib/gcc/arm-none-eabi/10.3.1/../../../arm-none-eabi/lib/thumb/v7e-m/nofp/libg.a(lib_a-errno.o)
_init                                             /usr/lib/gcc/arm-none-eabi/10.3.1/thumb/v7e-m/nofp/crti.o
                                                  /usr/lib/gcc/arm-none-eabi/10.3.1/../../../arm-none-eabi/lib/thumb/v7e-m/nofp/libg.a(lib_a-init.o)
_mainCRTStartup                                   /usr/lib/gcc/arm-none-eabi/10.3.1/../../../arm-none-eabi/lib/thumb/v7e-m/nofp/crt0.o
_sbrk                                             objdir-CW308_STM32F4/stm32f4_sysmem.o
_sbss                                             objdir-CW308_STM32F4/stm32f4_startup.o
_sdata                                            objdir-CW308_STM32F4/stm32f4_startup.o
_sidata                                           objdir-CW308_STM32F4/stm32f4_startup.o
_stack_init                                       /usr/lib/gcc/arm-none-eabi/10.3.1/../../../arm-none-eabi/lib/thumb/v7e-m/nofp/crt0.o
_start                                            /usr/lib/gcc/arm-none-eabi/10.3.1/../../../arm-none-eabi/lib/thumb/v7e-m/nofp/crt0.o
atexit                                            /usr/lib/gcc/arm-none-eabi/10.3.1/../../../arm-none-eabi/lib/thumb/v7e-m/nofp/libg.a(lib_a-atexit.o)
                                                  /usr/lib/gcc/arm-none-eabi/10.3.1/../../../arm-none-eabi/lib/thumb/v7e-m/nofp/libg.a(lib_a-__call_atexit.o)
                                                  /usr/lib/gcc/arm-none-eabi/10.3.1/../../../arm-none-eabi/lib/thumb/v7e-m/nofp/crt0.o
check_version                                     objdir-CW308_STM32F4/simpleserial.o
encode                                            objdir-CW308_STM32F4/reed_muller.o
                                                  objdir-CW308_STM32F4/simpleserial-hqc-pqclean.o
encode_code                                       objdir-CW308_STM32F4/simpleserial-hqc-pqclean.o
encode_code_triggered                             objdir-CW308_STM32F4/simpleserial-hqc-pqclean.o
encode_full                                       objdir-CW308_STM32F4/simpleserial-hqc-pqclean.o
encode_full_triggered                             objdir-CW308_STM32F4/simpleserial-hqc-pqclean.o
encode_single                                     objdir-CW308_STM32F4/simpleserial-hqc-pqclean.o
end                                               objdir-CW308_STM32F4/stm32f4_sysmem.o
exit                                              /usr/lib/gcc/arm-none-eabi/10.3.1/../../../arm-none-eabi/lib/thumb/v7e-m/nofp/libg.a(lib_a-exit.o)
                                                  /usr/lib/gcc/arm-none-eabi/10.3.1/../../../arm-none-eabi/lib/thumb/v7e-m/nofp/crt0.o
g_pfnVectors                                      objdir-CW308_STM32F4/stm32f4_startup.o
get_codeword                                      objdir-CW308_STM32F4/simpleserial-hqc-pqclean.o
get_rand                                          objdir-CW308_STM32F4/stm32f4_hal.o
getch                                             objdir-CW308_STM32F4/stm32f4_hal.o
                                                  objdir-CW308_STM32F4/simpleserial.o
hardware_init_hook                                /usr/lib/gcc/arm-none-eabi/10.3.1/../../../arm-none-eabi/lib/thumb/v7e-m/nofp/crt0.o
hex_decode                                        objdir-CW308_STM32F4/simpleserial.o
hw_key                                            objdir-CW308_STM32F4/stm32f4_hal.o
init_uart                                         objdir-CW308_STM32F4/stm32f4_hal.o
                                                  objdir-CW308_STM32F4/simpleserial-hqc-pqclean.o
led_error                                         objdir-CW308_STM32F4/hal.o
led_ok                                            objdir-CW308_STM32F4/hal.o
main                                              objdir-CW308_STM32F4/simpleserial-hqc-pqclean.o
                                                  objdir-CW308_STM32F4/stm32f4_startup.o
                                                  /usr/lib/gcc/arm-none-eabi/10.3.1/../../../arm-none-eabi/lib/thumb/v7e-m/nofp/crt0.o
memcpy                                            /usr/lib/gcc/arm-none-eabi/10.3.1/../../../arm-none-eabi/lib/thumb/v7e-m/nofp/libg.a(lib_a-memcpy.o)
                                                  objdir-CW308_STM32F4/fft.o
                                                  objdir-CW308_STM32F4/simpleserial-hqc-pqclean.o
memset                                            /usr/lib/gcc/arm-none-eabi/10.3.1/../../../arm-none-eabi/lib/thumb/v7e-m/nofp/libg.a(lib_a-memset.o)
                                                  objdir-CW308_STM32F4/fft.o
                                                  objdir-CW308_STM32F4/reed_solomon.o
                                                  objdir-CW308_STM32F4/code.o
                                                  objdir-CW308_STM32F4/simpleserial-hqc-pqclean.o
                                                  /usr/lib/gcc/arm-none-eabi/10.3.1/../../../arm-none-eabi/lib/thumb/v7e-m/nofp/crt0.o
platform_init                                     objdir-CW308_STM32F4/stm32f4_hal.o
                                                  objdir-CW308_STM32F4/simpleserial-hqc-pqclean.o
putch                                             objdir-CW308_STM32F4/stm32f4_hal.o
                                                  objdir-CW308_STM32F4/simpleserial.o
reed_muller_decode_one_block                      objdir-CW308_STM32F4/reed_muller.o
reset                                             objdir-CW308_STM32F4/simpleserial-hqc-pqclean.o
set_msg                                           objdir-CW308_STM32F4/simpleserial-hqc-pqclean.o
set_original_msg                                  objdir-CW308_STM32F4/simpleserial-hqc-pqclean.o
set_single_byte                                   objdir-CW308_STM32F4/simpleserial-hqc-pqclean.o
simpleserial_addcmd                               objdir-CW308_STM32F4/simpleserial.o
                                                  objdir-CW308_STM32F4/simpleserial-hqc-pqclean.o
simpleserial_addcmd_flags                         objdir-CW308_STM32F4/simpleserial.o
simpleserial_get                                  objdir-CW308_STM32F4/simpleserial.o
                                                  objdir-CW308_STM32F4/simpleserial-hqc-pqclean.o
simpleserial_init                                 objdir-CW308_STM32F4/simpleserial.o
                                                  objdir-CW308_STM32F4/simpleserial-hqc-pqclean.o
simpleserial_put                                  objdir-CW308_STM32F4/simpleserial.o
                                                  objdir-CW308_STM32F4/simpleserial-hqc-pqclean.o
software_init_hook                                /usr/lib/gcc/arm-none-eabi/10.3.1/../../../arm-none-eabi/lib/thumb/v7e-m/nofp/crt0.o
ss_crc                                            objdir-CW308_STM32F4/simpleserial.o
ss_get_commands                                   objdir-CW308_STM32F4/simpleserial.o
ss_num_commands                                   objdir-CW308_STM32F4/simpleserial.o
trigger_high                                      objdir-CW308_STM32F4/stm32f4_hal.o
                                                  objdir-CW308_STM32F4/simpleserial-hqc-pqclean.o
trigger_low                                       objdir-CW308_STM32F4/stm32f4_hal.o
                                                  objdir-CW308_STM32F4/simpleserial-hqc-pqclean.o
trigger_setup                                     objdir-CW308_STM32F4/stm32f4_hal.o
                                                  objdir-CW308_STM32F4/simpleserial-hqc-pqclean.o
