   1              		.cpu cortex-m4
   2              		.arch armv7e-m
   3              		.fpu softvfp
   4              		.eabi_attribute 20, 1
   5              		.eabi_attribute 21, 1
   6              		.eabi_attribute 23, 3
   7              		.eabi_attribute 24, 1
   8              		.eabi_attribute 25, 1
   9              		.eabi_attribute 26, 1
  10              		.eabi_attribute 30, 2
  11              		.eabi_attribute 34, 1
  12              		.eabi_attribute 18, 4
  13              		.file	"code.c"
  14              		.text
  15              	.Ltext0:
  16              		.cfi_sections	.debug_frame
  17              		.file 1 "/home/pacl/Documents/Repository/sca-2026/lib/crypto_kem/hqc128/pqclean/code.c"
  18              		.section	.text.PQCLEAN_HQC128_CLEAN_code_encode,"ax",%progbits
  19              		.align	1
  20              		.p2align 2,,3
  21              		.global	PQCLEAN_HQC128_CLEAN_code_encode
  22              		.syntax unified
  23              		.thumb
  24              		.thumb_func
  26              	PQCLEAN_HQC128_CLEAN_code_encode:
  27              	.LVL0:
  28              	.LFB0:
   1:/home/pacl/Documents/Repository/sca-2026/lib/crypto_kem/hqc128/pqclean/code.c **** #include "code.h"
   2:/home/pacl/Documents/Repository/sca-2026/lib/crypto_kem/hqc128/pqclean/code.c **** #include "parameters.h"
   3:/home/pacl/Documents/Repository/sca-2026/lib/crypto_kem/hqc128/pqclean/code.c **** #include "reed_muller.h"
   4:/home/pacl/Documents/Repository/sca-2026/lib/crypto_kem/hqc128/pqclean/code.c **** #include "reed_solomon.h"
   5:/home/pacl/Documents/Repository/sca-2026/lib/crypto_kem/hqc128/pqclean/code.c **** #include <stdint.h>
   6:/home/pacl/Documents/Repository/sca-2026/lib/crypto_kem/hqc128/pqclean/code.c **** /**
   7:/home/pacl/Documents/Repository/sca-2026/lib/crypto_kem/hqc128/pqclean/code.c ****  * @file code.c
   8:/home/pacl/Documents/Repository/sca-2026/lib/crypto_kem/hqc128/pqclean/code.c ****  * @brief Implementation of concatenated code
   9:/home/pacl/Documents/Repository/sca-2026/lib/crypto_kem/hqc128/pqclean/code.c ****  */
  10:/home/pacl/Documents/Repository/sca-2026/lib/crypto_kem/hqc128/pqclean/code.c **** 
  11:/home/pacl/Documents/Repository/sca-2026/lib/crypto_kem/hqc128/pqclean/code.c **** /**
  12:/home/pacl/Documents/Repository/sca-2026/lib/crypto_kem/hqc128/pqclean/code.c ****  *
  13:/home/pacl/Documents/Repository/sca-2026/lib/crypto_kem/hqc128/pqclean/code.c ****  * @brief Encoding the message m to a code word em using the concatenated code
  14:/home/pacl/Documents/Repository/sca-2026/lib/crypto_kem/hqc128/pqclean/code.c ****  *
  15:/home/pacl/Documents/Repository/sca-2026/lib/crypto_kem/hqc128/pqclean/code.c ****  * First we encode the message using the Reed-Solomon code, then with the duplicated Reed-Muller co
  16:/home/pacl/Documents/Repository/sca-2026/lib/crypto_kem/hqc128/pqclean/code.c ****  * a concatenated code word.
  17:/home/pacl/Documents/Repository/sca-2026/lib/crypto_kem/hqc128/pqclean/code.c ****  *
  18:/home/pacl/Documents/Repository/sca-2026/lib/crypto_kem/hqc128/pqclean/code.c ****  * @param[out] em Pointer to an array that is the tensor code word
  19:/home/pacl/Documents/Repository/sca-2026/lib/crypto_kem/hqc128/pqclean/code.c ****  * @param[in] m Pointer to an array that is the message
  20:/home/pacl/Documents/Repository/sca-2026/lib/crypto_kem/hqc128/pqclean/code.c ****  */
  21:/home/pacl/Documents/Repository/sca-2026/lib/crypto_kem/hqc128/pqclean/code.c **** void PQCLEAN_HQC128_CLEAN_code_encode(uint64_t *em, const uint8_t *m) {
  29              		.loc 1 21 71 view -0
  30              		.cfi_startproc
  31              		@ args = 0, pretend = 0, frame = 48
  32              		@ frame_needed = 0, uses_anonymous_args = 0
  22:/home/pacl/Documents/Repository/sca-2026/lib/crypto_kem/hqc128/pqclean/code.c ****     uint8_t tmp[VEC_N1_SIZE_BYTES] = {0};
  33              		.loc 1 22 5 view .LVU1
  21:/home/pacl/Documents/Repository/sca-2026/lib/crypto_kem/hqc128/pqclean/code.c ****     uint8_t tmp[VEC_N1_SIZE_BYTES] = {0};
  34              		.loc 1 21 71 is_stmt 0 view .LVU2
  35 0000 30B5     		push	{r4, r5, lr}
  36              	.LCFI0:
  37              		.cfi_def_cfa_offset 12
  38              		.cfi_offset 4, -12
  39              		.cfi_offset 5, -8
  40              		.cfi_offset 14, -4
  41 0002 8DB0     		sub	sp, sp, #52
  42              	.LCFI1:
  43              		.cfi_def_cfa_offset 64
  44              		.loc 1 22 13 view .LVU3
  45 0004 2E22     		movs	r2, #46
  21:/home/pacl/Documents/Repository/sca-2026/lib/crypto_kem/hqc128/pqclean/code.c ****     uint8_t tmp[VEC_N1_SIZE_BYTES] = {0};
  46              		.loc 1 21 71 view .LVU4
  47 0006 0D46     		mov	r5, r1
  48 0008 0446     		mov	r4, r0
  49              		.loc 1 22 13 view .LVU5
  50 000a 0021     		movs	r1, #0
  51              	.LVL1:
  52              		.loc 1 22 13 view .LVU6
  53 000c 6846     		mov	r0, sp
  54              	.LVL2:
  55              		.loc 1 22 13 view .LVU7
  56 000e FFF7FEFF 		bl	memset
  57              	.LVL3:
  23:/home/pacl/Documents/Repository/sca-2026/lib/crypto_kem/hqc128/pqclean/code.c **** 
  24:/home/pacl/Documents/Repository/sca-2026/lib/crypto_kem/hqc128/pqclean/code.c ****     PQCLEAN_HQC128_CLEAN_reed_solomon_encode(tmp, m);
  58              		.loc 1 24 5 is_stmt 1 view .LVU8
  59 0012 2946     		mov	r1, r5
  60 0014 6846     		mov	r0, sp
  61 0016 FFF7FEFF 		bl	PQCLEAN_HQC128_CLEAN_reed_solomon_encode
  62              	.LVL4:
  25:/home/pacl/Documents/Repository/sca-2026/lib/crypto_kem/hqc128/pqclean/code.c ****     PQCLEAN_HQC128_CLEAN_reed_muller_encode(em, tmp);
  63              		.loc 1 25 5 view .LVU9
  64 001a 6946     		mov	r1, sp
  65 001c 2046     		mov	r0, r4
  66 001e FFF7FEFF 		bl	PQCLEAN_HQC128_CLEAN_reed_muller_encode
  67              	.LVL5:
  26:/home/pacl/Documents/Repository/sca-2026/lib/crypto_kem/hqc128/pqclean/code.c **** 
  27:/home/pacl/Documents/Repository/sca-2026/lib/crypto_kem/hqc128/pqclean/code.c **** }
  68              		.loc 1 27 1 is_stmt 0 view .LVU10
  69 0022 0DB0     		add	sp, sp, #52
  70              	.LCFI2:
  71              		.cfi_def_cfa_offset 12
  72              		@ sp needed
  73 0024 30BD     		pop	{r4, r5, pc}
  74              		.loc 1 27 1 view .LVU11
  75              		.cfi_endproc
  76              	.LFE0:
  78 0026 00BF     		.section	.text.PQCLEAN_HQC128_CLEAN_code_decode,"ax",%progbits
  79              		.align	1
  80              		.p2align 2,,3
  81              		.global	PQCLEAN_HQC128_CLEAN_code_decode
  82              		.syntax unified
  83              		.thumb
  84              		.thumb_func
  86              	PQCLEAN_HQC128_CLEAN_code_decode:
  87              	.LVL6:
  88              	.LFB1:
  28:/home/pacl/Documents/Repository/sca-2026/lib/crypto_kem/hqc128/pqclean/code.c **** 
  29:/home/pacl/Documents/Repository/sca-2026/lib/crypto_kem/hqc128/pqclean/code.c **** /**
  30:/home/pacl/Documents/Repository/sca-2026/lib/crypto_kem/hqc128/pqclean/code.c ****  * @brief Decoding the code word em to a message m using the concatenated code
  31:/home/pacl/Documents/Repository/sca-2026/lib/crypto_kem/hqc128/pqclean/code.c ****  *
  32:/home/pacl/Documents/Repository/sca-2026/lib/crypto_kem/hqc128/pqclean/code.c ****  * @param[out] m Pointer to an array that is the message
  33:/home/pacl/Documents/Repository/sca-2026/lib/crypto_kem/hqc128/pqclean/code.c ****  * @param[in] em Pointer to an array that is the code word
  34:/home/pacl/Documents/Repository/sca-2026/lib/crypto_kem/hqc128/pqclean/code.c ****  */
  35:/home/pacl/Documents/Repository/sca-2026/lib/crypto_kem/hqc128/pqclean/code.c **** void PQCLEAN_HQC128_CLEAN_code_decode(uint8_t *m, const uint64_t *em) {
  89              		.loc 1 35 71 is_stmt 1 view -0
  90              		.cfi_startproc
  91              		@ args = 0, pretend = 0, frame = 48
  92              		@ frame_needed = 0, uses_anonymous_args = 0
  36:/home/pacl/Documents/Repository/sca-2026/lib/crypto_kem/hqc128/pqclean/code.c ****     uint8_t tmp[VEC_N1_SIZE_BYTES] = {0};
  93              		.loc 1 36 5 view .LVU13
  35:/home/pacl/Documents/Repository/sca-2026/lib/crypto_kem/hqc128/pqclean/code.c ****     uint8_t tmp[VEC_N1_SIZE_BYTES] = {0};
  94              		.loc 1 35 71 is_stmt 0 view .LVU14
  95 0000 30B5     		push	{r4, r5, lr}
  96              	.LCFI3:
  97              		.cfi_def_cfa_offset 12
  98              		.cfi_offset 4, -12
  99              		.cfi_offset 5, -8
 100              		.cfi_offset 14, -4
 101 0002 8DB0     		sub	sp, sp, #52
 102              	.LCFI4:
 103              		.cfi_def_cfa_offset 64
 104              		.loc 1 36 13 view .LVU15
 105 0004 2E22     		movs	r2, #46
  35:/home/pacl/Documents/Repository/sca-2026/lib/crypto_kem/hqc128/pqclean/code.c ****     uint8_t tmp[VEC_N1_SIZE_BYTES] = {0};
 106              		.loc 1 35 71 view .LVU16
 107 0006 0D46     		mov	r5, r1
 108 0008 0446     		mov	r4, r0
 109              		.loc 1 36 13 view .LVU17
 110 000a 0021     		movs	r1, #0
 111              	.LVL7:
 112              		.loc 1 36 13 view .LVU18
 113 000c 6846     		mov	r0, sp
 114              	.LVL8:
 115              		.loc 1 36 13 view .LVU19
 116 000e FFF7FEFF 		bl	memset
 117              	.LVL9:
  37:/home/pacl/Documents/Repository/sca-2026/lib/crypto_kem/hqc128/pqclean/code.c **** 
  38:/home/pacl/Documents/Repository/sca-2026/lib/crypto_kem/hqc128/pqclean/code.c ****     PQCLEAN_HQC128_CLEAN_reed_muller_decode(tmp, em);
 118              		.loc 1 38 5 is_stmt 1 view .LVU20
 119 0012 2946     		mov	r1, r5
 120 0014 6846     		mov	r0, sp
 121 0016 FFF7FEFF 		bl	PQCLEAN_HQC128_CLEAN_reed_muller_decode
 122              	.LVL10:
  39:/home/pacl/Documents/Repository/sca-2026/lib/crypto_kem/hqc128/pqclean/code.c ****     PQCLEAN_HQC128_CLEAN_reed_solomon_decode(m, tmp);
 123              		.loc 1 39 5 view .LVU21
 124 001a 6946     		mov	r1, sp
 125 001c 2046     		mov	r0, r4
 126 001e FFF7FEFF 		bl	PQCLEAN_HQC128_CLEAN_reed_solomon_decode
 127              	.LVL11:
  40:/home/pacl/Documents/Repository/sca-2026/lib/crypto_kem/hqc128/pqclean/code.c **** 
  41:/home/pacl/Documents/Repository/sca-2026/lib/crypto_kem/hqc128/pqclean/code.c **** }
 128              		.loc 1 41 1 is_stmt 0 view .LVU22
 129 0022 0DB0     		add	sp, sp, #52
 130              	.LCFI5:
 131              		.cfi_def_cfa_offset 12
 132              		@ sp needed
 133 0024 30BD     		pop	{r4, r5, pc}
 134              		.loc 1 41 1 view .LVU23
 135              		.cfi_endproc
 136              	.LFE1:
 138 0026 00BF     		.text
 139              	.Letext0:
 140              		.file 2 "/usr/lib/gcc/arm-none-eabi/13.2.1/include/stdint.h"
 141              		.file 3 "/home/pacl/Documents/Repository/sca-2026/include/crypto_kem/hqc128/pqclean/reed_solomon.h
 142              		.file 4 "/home/pacl/Documents/Repository/sca-2026/include/crypto_kem/hqc128/pqclean/reed_muller.h"
 143              		.file 5 "<built-in>"
DEFINED SYMBOLS
                            *ABS*:00000000 code.c
     /tmp/ccvnpASr.s:19     .text.PQCLEAN_HQC128_CLEAN_code_encode:00000000 $t
     /tmp/ccvnpASr.s:26     .text.PQCLEAN_HQC128_CLEAN_code_encode:00000000 PQCLEAN_HQC128_CLEAN_code_encode
     /tmp/ccvnpASr.s:79     .text.PQCLEAN_HQC128_CLEAN_code_decode:00000000 $t
     /tmp/ccvnpASr.s:86     .text.PQCLEAN_HQC128_CLEAN_code_decode:00000000 PQCLEAN_HQC128_CLEAN_code_decode

UNDEFINED SYMBOLS
memset
PQCLEAN_HQC128_CLEAN_reed_solomon_encode
PQCLEAN_HQC128_CLEAN_reed_muller_encode
PQCLEAN_HQC128_CLEAN_reed_muller_decode
PQCLEAN_HQC128_CLEAN_reed_solomon_decode
