   1              		.cpu cortex-m4
   2              		.arch armv7e-m
   3              		.fpu fpv4-sp-d16
   4              		.eabi_attribute 27, 1
   5              		.eabi_attribute 28, 1
   6              		.eabi_attribute 20, 1
   7              		.eabi_attribute 21, 1
   8              		.eabi_attribute 23, 3
   9              		.eabi_attribute 24, 1
  10              		.eabi_attribute 25, 1
  11              		.eabi_attribute 26, 1
  12              		.eabi_attribute 30, 4
  13              		.eabi_attribute 34, 1
  14              		.eabi_attribute 18, 4
  15              		.file	"hal.c"
  16              		.text
  17              	.Ltext0:
  18              		.cfi_sections	.debug_frame
  19              		.file 1 "/home/pacl/Documents/Repository/chipwhisperer/firmware/mcu/hal/hal.c"
  20              		.section	.text.led_ok,"ax",%progbits
  21              		.align	1
  22              		.weak	led_ok
  23              		.syntax unified
  24              		.thumb
  25              		.thumb_func
  27              	led_ok:
  28              	.LVL0:
  29              	.LFB0:
   1:/home/pacl/Documents/Repository/chipwhisperer/firmware/mcu/hal/hal.c **** /*
   2:/home/pacl/Documents/Repository/chipwhisperer/firmware/mcu/hal/hal.c ****     This file is part of the ChipWhisperer Example Targets
   3:/home/pacl/Documents/Repository/chipwhisperer/firmware/mcu/hal/hal.c ****     Copyright (C) 2012-2015 NewAE Technology Inc.
   4:/home/pacl/Documents/Repository/chipwhisperer/firmware/mcu/hal/hal.c **** 
   5:/home/pacl/Documents/Repository/chipwhisperer/firmware/mcu/hal/hal.c ****     This program is free software: you can redistribute it and/or modify
   6:/home/pacl/Documents/Repository/chipwhisperer/firmware/mcu/hal/hal.c ****     it under the terms of the GNU General Public License as published by
   7:/home/pacl/Documents/Repository/chipwhisperer/firmware/mcu/hal/hal.c ****     the Free Software Foundation, either version 3 of the License, or
   8:/home/pacl/Documents/Repository/chipwhisperer/firmware/mcu/hal/hal.c ****     (at your option) any later version.
   9:/home/pacl/Documents/Repository/chipwhisperer/firmware/mcu/hal/hal.c **** 
  10:/home/pacl/Documents/Repository/chipwhisperer/firmware/mcu/hal/hal.c ****     This program is distributed in the hope that it will be useful,
  11:/home/pacl/Documents/Repository/chipwhisperer/firmware/mcu/hal/hal.c ****     but WITHOUT ANY WARRANTY; without even the implied warranty of
  12:/home/pacl/Documents/Repository/chipwhisperer/firmware/mcu/hal/hal.c ****     MERCHANTABILITY or FITNESS FOR A PARTICULAR PURPOSE.  See the
  13:/home/pacl/Documents/Repository/chipwhisperer/firmware/mcu/hal/hal.c ****     GNU General Public License for more details.
  14:/home/pacl/Documents/Repository/chipwhisperer/firmware/mcu/hal/hal.c **** 
  15:/home/pacl/Documents/Repository/chipwhisperer/firmware/mcu/hal/hal.c ****     You should have received a copy of the GNU General Public License
  16:/home/pacl/Documents/Repository/chipwhisperer/firmware/mcu/hal/hal.c ****     along with this program.  If not, see <http://www.gnu.org/licenses/>.
  17:/home/pacl/Documents/Repository/chipwhisperer/firmware/mcu/hal/hal.c **** */
  18:/home/pacl/Documents/Repository/chipwhisperer/firmware/mcu/hal/hal.c **** 
  19:/home/pacl/Documents/Repository/chipwhisperer/firmware/mcu/hal/hal.c **** #include "hal.h"
  20:/home/pacl/Documents/Repository/chipwhisperer/firmware/mcu/hal/hal.c **** 
  21:/home/pacl/Documents/Repository/chipwhisperer/firmware/mcu/hal/hal.c **** __attribute__((weak)) void led_ok(unsigned int status)
  22:/home/pacl/Documents/Repository/chipwhisperer/firmware/mcu/hal/hal.c **** {
  30              		.loc 1 22 1 view -0
  31              		.cfi_startproc
  32              		@ args = 0, pretend = 0, frame = 0
  33              		@ frame_needed = 0, uses_anonymous_args = 0
  34              		@ link register save eliminated.
  23:/home/pacl/Documents/Repository/chipwhisperer/firmware/mcu/hal/hal.c **** }
  35              		.loc 1 23 1 view .LVU1
  36 0000 7047     		bx	lr
  37              		.cfi_endproc
  38              	.LFE0:
  40              		.section	.text.led_error,"ax",%progbits
  41              		.align	1
  42              		.weak	led_error
  43              		.syntax unified
  44              		.thumb
  45              		.thumb_func
  47              	led_error:
  48              	.LFB11:
  49              		.cfi_startproc
  24:/home/pacl/Documents/Repository/chipwhisperer/firmware/mcu/hal/hal.c **** 
  25:/home/pacl/Documents/Repository/chipwhisperer/firmware/mcu/hal/hal.c **** __attribute__((weak)) void led_error(unsigned int status)
  50              		.loc 1 25 28 view -0
  51              		@ args = 0, pretend = 0, frame = 0
  52              		@ frame_needed = 0, uses_anonymous_args = 0
  53              		@ link register save eliminated.
  54 0000 7047     		bx	lr
  55              		.cfi_endproc
  56              	.LFE11:
  58              		.section	.text._close,"ax",%progbits
  59              		.align	1
  60              		.weak	_close
  61              		.syntax unified
  62              		.thumb
  63              		.thumb_func
  65              	_close:
  66              	.LFB2:
  26:/home/pacl/Documents/Repository/chipwhisperer/firmware/mcu/hal/hal.c **** {
  27:/home/pacl/Documents/Repository/chipwhisperer/firmware/mcu/hal/hal.c **** }
  28:/home/pacl/Documents/Repository/chipwhisperer/firmware/mcu/hal/hal.c **** 
  29:/home/pacl/Documents/Repository/chipwhisperer/firmware/mcu/hal/hal.c **** #ifdef __GNUC__
  30:/home/pacl/Documents/Repository/chipwhisperer/firmware/mcu/hal/hal.c **** #if ((__GNUC__ > 11) || \
  31:/home/pacl/Documents/Repository/chipwhisperer/firmware/mcu/hal/hal.c ****      ((__GNUC__ == 11) && (__GNUC_MINOR__ >= 3)))
  32:/home/pacl/Documents/Repository/chipwhisperer/firmware/mcu/hal/hal.c **** __attribute__((weak)) void _close() {}
  67              		.loc 1 32 37 view -0
  68              		.cfi_startproc
  69              		@ args = 0, pretend = 0, frame = 0
  70              		@ frame_needed = 0, uses_anonymous_args = 0
  71              		@ link register save eliminated.
  72              		.loc 1 32 38 view .LVU4
  73 0000 7047     		bx	lr
  74              		.cfi_endproc
  75              	.LFE2:
  77              		.section	.text._fstat,"ax",%progbits
  78              		.align	1
  79              		.weak	_fstat
  80              		.syntax unified
  81              		.thumb
  82              		.thumb_func
  84              	_fstat:
  85              	.LFB13:
  86              		.cfi_startproc
  33:/home/pacl/Documents/Repository/chipwhisperer/firmware/mcu/hal/hal.c **** __attribute__((weak)) void _fstat() {}
  87              		.loc 1 33 28 view -0
  88              		@ args = 0, pretend = 0, frame = 0
  89              		@ frame_needed = 0, uses_anonymous_args = 0
  90              		@ link register save eliminated.
  91 0000 7047     		bx	lr
  92              		.cfi_endproc
  93              	.LFE13:
  95              		.section	.text._getpid,"ax",%progbits
  96              		.align	1
  97              		.weak	_getpid
  98              		.syntax unified
  99              		.thumb
 100              		.thumb_func
 102              	_getpid:
 103              	.LFB15:
 104              		.cfi_startproc
  34:/home/pacl/Documents/Repository/chipwhisperer/firmware/mcu/hal/hal.c **** __attribute__((weak)) void _getpid() {}
 105              		.loc 1 34 28 view -0
 106              		@ args = 0, pretend = 0, frame = 0
 107              		@ frame_needed = 0, uses_anonymous_args = 0
 108              		@ link register save eliminated.
 109 0000 7047     		bx	lr
 110              		.cfi_endproc
 111              	.LFE15:
 113              		.section	.text._isatty,"ax",%progbits
 114              		.align	1
 115              		.weak	_isatty
 116              		.syntax unified
 117              		.thumb
 118              		.thumb_func
 120              	_isatty:
 121              	.LFB17:
 122              		.cfi_startproc
  35:/home/pacl/Documents/Repository/chipwhisperer/firmware/mcu/hal/hal.c **** __attribute__((weak)) void _isatty() {}
 123              		.loc 1 35 28 view -0
 124              		@ args = 0, pretend = 0, frame = 0
 125              		@ frame_needed = 0, uses_anonymous_args = 0
 126              		@ link register save eliminated.
 127 0000 7047     		bx	lr
 128              		.cfi_endproc
 129              	.LFE17:
 131              		.section	.text._kill,"ax",%progbits
 132              		.align	1
 133              		.weak	_kill
 134              		.syntax unified
 135              		.thumb
 136              		.thumb_func
 138              	_kill:
 139              	.LFB19:
 140              		.cfi_startproc
  36:/home/pacl/Documents/Repository/chipwhisperer/firmware/mcu/hal/hal.c **** __attribute__((weak)) void _kill() {}
 141              		.loc 1 36 28 view -0
 142              		@ args = 0, pretend = 0, frame = 0
 143              		@ frame_needed = 0, uses_anonymous_args = 0
 144              		@ link register save eliminated.
 145 0000 7047     		bx	lr
 146              		.cfi_endproc
 147              	.LFE19:
 149              		.section	.text._lseek,"ax",%progbits
 150              		.align	1
 151              		.weak	_lseek
 152              		.syntax unified
 153              		.thumb
 154              		.thumb_func
 156              	_lseek:
 157              	.LFB21:
 158              		.cfi_startproc
  37:/home/pacl/Documents/Repository/chipwhisperer/firmware/mcu/hal/hal.c **** __attribute__((weak)) void _lseek() {}
 159              		.loc 1 37 28 view -0
 160              		@ args = 0, pretend = 0, frame = 0
 161              		@ frame_needed = 0, uses_anonymous_args = 0
 162              		@ link register save eliminated.
 163 0000 7047     		bx	lr
 164              		.cfi_endproc
 165              	.LFE21:
 167              		.section	.text._read,"ax",%progbits
 168              		.align	1
 169              		.weak	_read
 170              		.syntax unified
 171              		.thumb
 172              		.thumb_func
 174              	_read:
 175              	.LFB23:
 176              		.cfi_startproc
  38:/home/pacl/Documents/Repository/chipwhisperer/firmware/mcu/hal/hal.c **** __attribute__((weak)) void _read() {}
 177              		.loc 1 38 28 view -0
 178              		@ args = 0, pretend = 0, frame = 0
 179              		@ frame_needed = 0, uses_anonymous_args = 0
 180              		@ link register save eliminated.
 181 0000 7047     		bx	lr
 182              		.cfi_endproc
 183              	.LFE23:
 185              		.section	.text._write,"ax",%progbits
 186              		.align	1
 187              		.weak	_write
 188              		.syntax unified
 189              		.thumb
 190              		.thumb_func
 192              	_write:
 193              	.LFB25:
 194              		.cfi_startproc
  39:/home/pacl/Documents/Repository/chipwhisperer/firmware/mcu/hal/hal.c **** __attribute__((weak)) void _write() {}
 195              		.loc 1 39 28 view -0
 196              		@ args = 0, pretend = 0, frame = 0
 197              		@ frame_needed = 0, uses_anonymous_args = 0
 198              		@ link register save eliminated.
 199 0000 7047     		bx	lr
 200              		.cfi_endproc
 201              	.LFE25:
 203              		.text
 204              	.Letext0:
DEFINED SYMBOLS
                            *ABS*:00000000 hal.c
     /tmp/ccpKSRyn.s:21     .text.led_ok:00000000 $t
     /tmp/ccpKSRyn.s:27     .text.led_ok:00000000 led_ok
     /tmp/ccpKSRyn.s:41     .text.led_error:00000000 $t
     /tmp/ccpKSRyn.s:47     .text.led_error:00000000 led_error
     /tmp/ccpKSRyn.s:59     .text._close:00000000 $t
     /tmp/ccpKSRyn.s:65     .text._close:00000000 _close
     /tmp/ccpKSRyn.s:78     .text._fstat:00000000 $t
     /tmp/ccpKSRyn.s:84     .text._fstat:00000000 _fstat
     /tmp/ccpKSRyn.s:96     .text._getpid:00000000 $t
     /tmp/ccpKSRyn.s:102    .text._getpid:00000000 _getpid
     /tmp/ccpKSRyn.s:114    .text._isatty:00000000 $t
     /tmp/ccpKSRyn.s:120    .text._isatty:00000000 _isatty
     /tmp/ccpKSRyn.s:132    .text._kill:00000000 $t
     /tmp/ccpKSRyn.s:138    .text._kill:00000000 _kill
     /tmp/ccpKSRyn.s:150    .text._lseek:00000000 $t
     /tmp/ccpKSRyn.s:156    .text._lseek:00000000 _lseek
     /tmp/ccpKSRyn.s:168    .text._read:00000000 $t
     /tmp/ccpKSRyn.s:174    .text._read:00000000 _read
     /tmp/ccpKSRyn.s:186    .text._write:00000000 $t
     /tmp/ccpKSRyn.s:192    .text._write:00000000 _write

NO UNDEFINED SYMBOLS
