   1              		.cpu cortex-m4
   2              		.arch armv7e-m
   3              		.fpu fpv4-sp-d16
   4              		.eabi_attribute 27, 1
   5              		.eabi_attribute 28, 1
   6              		.eabi_attribute 20, 1
   7              		.eabi_attribute 21, 1
   8              		.eabi_attribute 23, 3
   9              		.eabi_attribute 24, 1
  10              		.eabi_attribute 25, 1
  11              		.eabi_attribute 26, 1
  12              		.eabi_attribute 30, 4
  13              		.eabi_attribute 34, 1
  14              		.eabi_attribute 18, 4
  15              		.file	"simpleserial-smaug.c"
  16              		.text
  17              	.Ltext0:
  18              		.cfi_sections	.debug_frame
  19              		.file 1 "simpleserial-smaug.c"
  20              		.section	.text.cmd_pipeline,"ax",%progbits
  21              		.align	1
  22              		.syntax unified
  23              		.thumb
  24              		.thumb_func
  26              	cmd_pipeline:
  27              	.LVL0:
  28              	.LFB6:
   1:simpleserial-smaug.c **** // SimpleSerial-SMAUG: ChipWhisperer SCA target wrapper around SMAUG-T KEM.
   2:simpleserial-smaug.c **** //
   3:simpleserial-smaug.c **** // Commands (SimpleSerial v1.1; matches HQC reference firmware so 0x44 ack
   4:simpleserial-smaug.c **** // behavior can be compared apples-to-apples between the two KEMs):
   5:simpleserial-smaug.c **** //   k  - generate fresh (pk, sk) on-chip; reply 'r' carries first 16 B of pk
   6:simpleserial-smaug.c **** //   e  - encapsulate against the resident pk (no trigger); reply 'r' = first 16 B of ct
   7:simpleserial-smaug.c **** //   d  - decapsulate the resident ct with sk; TRIGGER HIGH around the call
   8:simpleserial-smaug.c **** //        reply 'r' = 1-byte mismatch flag (0 = ss_dec == ss_enc)
   9:simpleserial-smaug.c **** //   p  - full pipeline: keypair -> enc -> (trigger high) dec (trigger low)
  10:simpleserial-smaug.c **** //        single-shot capture helper; reply 'r' = 1-byte mismatch flag
  11:simpleserial-smaug.c **** //
  12:simpleserial-smaug.c **** // All key/ct buffers stay resident on the MCU; the host never sees the full
  13:simpleserial-smaug.c **** // 672 B pk/ct (would exceed SimpleSerial's 64 B-per-frame limit).
  14:simpleserial-smaug.c **** 
  15:simpleserial-smaug.c **** #include <stdint.h>
  16:simpleserial-smaug.c **** 
  17:simpleserial-smaug.c **** #include "hal.h"
  18:simpleserial-smaug.c **** #include "simpleserial.h"
  19:simpleserial-smaug.c **** 
  20:simpleserial-smaug.c **** #include "api.h"          // CRYPTO_{PUBLICKEY,SECRETKEY,CIPHERTEXT}BYTES
  21:simpleserial-smaug.c **** #include "parameters.h"   // CRYPTO_BYTES (= 32, shared-secret size)
  22:simpleserial-smaug.c **** 
  23:simpleserial-smaug.c **** extern int crypto_kem_keypair(uint8_t *pk, uint8_t *sk);
  24:simpleserial-smaug.c **** extern int crypto_kem_enc(uint8_t *ct, uint8_t *ss, const uint8_t *pk);
  25:simpleserial-smaug.c **** extern int crypto_kem_dec(uint8_t *ss, const uint8_t *ct, const uint8_t *sk);
  26:simpleserial-smaug.c **** 
  27:simpleserial-smaug.c **** static uint8_t pk[CRYPTO_PUBLICKEYBYTES];
  28:simpleserial-smaug.c **** static uint8_t sk[CRYPTO_SECRETKEYBYTES];
  29:simpleserial-smaug.c **** static uint8_t ct[CRYPTO_CIPHERTEXTBYTES];
  30:simpleserial-smaug.c **** static uint8_t ss_enc[CRYPTO_BYTES];
  31:simpleserial-smaug.c **** static uint8_t ss_dec[CRYPTO_BYTES];
  32:simpleserial-smaug.c **** 
  33:simpleserial-smaug.c **** static uint8_t cmd_keypair(uint8_t *buf, uint8_t len)
  34:simpleserial-smaug.c **** {
  35:simpleserial-smaug.c ****     (void)len; (void)buf;
  36:simpleserial-smaug.c ****     crypto_kem_keypair(pk, sk);
  37:simpleserial-smaug.c ****     simpleserial_put('r', 16, pk);
  38:simpleserial-smaug.c ****     return 0x00;
  39:simpleserial-smaug.c **** }
  40:simpleserial-smaug.c **** 
  41:simpleserial-smaug.c **** static uint8_t cmd_encaps(uint8_t *buf, uint8_t len)
  42:simpleserial-smaug.c **** {
  43:simpleserial-smaug.c ****     (void)len; (void)buf;
  44:simpleserial-smaug.c ****     crypto_kem_enc(ct, ss_enc, pk);
  45:simpleserial-smaug.c ****     simpleserial_put('r', 16, ct);
  46:simpleserial-smaug.c ****     return 0x00;
  47:simpleserial-smaug.c **** }
  48:simpleserial-smaug.c **** 
  49:simpleserial-smaug.c **** static uint8_t cmd_decaps(uint8_t *buf, uint8_t len)
  50:simpleserial-smaug.c **** {
  51:simpleserial-smaug.c ****     (void)len; (void)buf;
  52:simpleserial-smaug.c **** 
  53:simpleserial-smaug.c ****     trigger_high();
  54:simpleserial-smaug.c ****     crypto_kem_dec(ss_dec, ct, sk);
  55:simpleserial-smaug.c ****     trigger_low();
  56:simpleserial-smaug.c **** 
  57:simpleserial-smaug.c ****     uint8_t mismatch = 0;
  58:simpleserial-smaug.c ****     for (unsigned i = 0; i < CRYPTO_BYTES; i++) {
  59:simpleserial-smaug.c ****         mismatch |= (uint8_t)(ss_dec[i] ^ ss_enc[i]);
  60:simpleserial-smaug.c ****     }
  61:simpleserial-smaug.c ****     uint8_t status = (mismatch != 0);
  62:simpleserial-smaug.c ****     simpleserial_put('r', 1, &status);
  63:simpleserial-smaug.c ****     return 0x00;
  64:simpleserial-smaug.c **** }
  65:simpleserial-smaug.c **** 
  66:simpleserial-smaug.c **** static uint8_t cmd_pipeline(uint8_t *buf, uint8_t len)
  67:simpleserial-smaug.c **** {
  29              		.loc 1 67 1 view -0
  30              		.cfi_startproc
  31              		@ args = 0, pretend = 0, frame = 8
  32              		@ frame_needed = 0, uses_anonymous_args = 0
  68:simpleserial-smaug.c ****     (void)len; (void)buf;
  33              		.loc 1 68 5 view .LVU1
  34              		.loc 1 68 16 view .LVU2
  69:simpleserial-smaug.c **** 
  70:simpleserial-smaug.c ****     crypto_kem_keypair(pk, sk);
  35              		.loc 1 70 5 view .LVU3
  67:simpleserial-smaug.c ****     (void)len; (void)buf;
  36              		.loc 1 67 1 is_stmt 0 view .LVU4
  37 0000 37B5     		push	{r0, r1, r2, r4, r5, lr}
  38              	.LCFI0:
  39              		.cfi_def_cfa_offset 24
  40              		.cfi_offset 4, -12
  41              		.cfi_offset 5, -8
  42              		.cfi_offset 14, -4
  43              		.loc 1 70 5 view .LVU5
  44 0002 1A49     		ldr	r1, .L4
  45              	.LVL1:
  46              		.loc 1 70 5 view .LVU6
  47 0004 01F55070 		add	r0, r1, #832
  48              	.LVL2:
  49              		.loc 1 70 5 view .LVU7
  50 0008 FFF7FEFF 		bl	crypto_kem_keypair
  51              	.LVL3:
  71:simpleserial-smaug.c ****     crypto_kem_enc(ct, ss_enc, pk);
  52              		.loc 1 71 5 is_stmt 1 view .LVU8
  53 000c 184A     		ldr	r2, .L4+4
  54 000e 02F52871 		add	r1, r2, #672
  55 0012 02F53070 		add	r0, r2, #704
  56 0016 FFF7FEFF 		bl	crypto_kem_enc
  57              	.LVL4:
  72:simpleserial-smaug.c **** 
  73:simpleserial-smaug.c ****     trigger_high();
  58              		.loc 1 73 5 view .LVU9
  59 001a FFF7FEFF 		bl	trigger_high
  60              	.LVL5:
  74:simpleserial-smaug.c ****     crypto_kem_dec(ss_dec, ct, sk);
  61              		.loc 1 74 5 view .LVU10
  62 001e 134A     		ldr	r2, .L4
  63 0020 02F5C061 		add	r1, r2, #1536
  64 0024 02F50A60 		add	r0, r2, #2208
  65 0028 FFF7FEFF 		bl	crypto_kem_dec
  66              	.LVL6:
  75:simpleserial-smaug.c ****     trigger_low();
  67              		.loc 1 75 5 view .LVU11
  68 002c FFF7FEFF 		bl	trigger_low
  69              	.LVL7:
  76:simpleserial-smaug.c **** 
  77:simpleserial-smaug.c ****     uint8_t mismatch = 0;
  70              		.loc 1 77 5 view .LVU12
  78:simpleserial-smaug.c ****     for (unsigned i = 0; i < CRYPTO_BYTES; i++) {
  71              		.loc 1 78 5 view .LVU13
  72              	.LBB2:
  73              		.loc 1 78 10 view .LVU14
  74              		.loc 1 78 28 discriminator 1 view .LVU15
  75 0030 1048     		ldr	r0, .L4+8
  76              		.loc 1 78 19 is_stmt 0 view .LVU16
  77 0032 0022     		movs	r2, #0
  78 0034 A0F53074 		sub	r4, r0, #704
  79              	.LBE2:
  77:simpleserial-smaug.c ****     for (unsigned i = 0; i < CRYPTO_BYTES; i++) {
  80              		.loc 1 77 13 view .LVU17
  81 0038 1346     		mov	r3, r2
  82              	.LVL8:
  83              	.L2:
  84              	.LBB3:
  79:simpleserial-smaug.c ****         mismatch |= (uint8_t)(ss_dec[i] ^ ss_enc[i]);
  85              		.loc 1 79 9 is_stmt 1 view .LVU18
  86              		.loc 1 79 37 is_stmt 0 view .LVU19
  87 003a 10F8011B 		ldrb	r1, [r0], #1	@ zero_extendqisi2
  88              		.loc 1 79 49 view .LVU20
  89 003e 14F8015B 		ldrb	r5, [r4], #1	@ zero_extendqisi2
  78:simpleserial-smaug.c ****     for (unsigned i = 0; i < CRYPTO_BYTES; i++) {
  90              		.loc 1 78 45 discriminator 3 view .LVU21
  91 0042 0132     		adds	r2, r2, #1
  92              	.LVL9:
  93              		.loc 1 79 21 view .LVU22
  94 0044 6940     		eors	r1, r1, r5
  78:simpleserial-smaug.c ****     for (unsigned i = 0; i < CRYPTO_BYTES; i++) {
  95              		.loc 1 78 28 discriminator 1 view .LVU23
  96 0046 202A     		cmp	r2, #32
  97              		.loc 1 79 18 view .LVU24
  98 0048 43EA0103 		orr	r3, r3, r1
  99              	.LVL10:
  78:simpleserial-smaug.c ****     for (unsigned i = 0; i < CRYPTO_BYTES; i++) {
 100              		.loc 1 78 45 is_stmt 1 discriminator 3 view .LVU25
  78:simpleserial-smaug.c ****     for (unsigned i = 0; i < CRYPTO_BYTES; i++) {
 101              		.loc 1 78 28 discriminator 1 view .LVU26
 102 004c F5D1     		bne	.L2
 103              	.LBE3:
  80:simpleserial-smaug.c ****     }
  81:simpleserial-smaug.c ****     uint8_t status = (mismatch != 0);
 104              		.loc 1 81 5 view .LVU27
 105              		.loc 1 81 32 is_stmt 0 view .LVU28
 106 004e 003B     		subs	r3, r3, #0
 107              		.loc 1 81 32 view .LVU29
 108 0050 18BF     		it	ne
 109 0052 0123     		movne	r3, #1
 110              	.LVL11:
  82:simpleserial-smaug.c ****     simpleserial_put('r', 1, &status);
 111              		.loc 1 82 5 view .LVU30
 112 0054 0DF10702 		add	r2, sp, #7
 113              	.LVL12:
 114              		.loc 1 82 5 view .LVU31
 115 0058 0121     		movs	r1, #1
 116 005a 7220     		movs	r0, #114
  81:simpleserial-smaug.c ****     simpleserial_put('r', 1, &status);
 117              		.loc 1 81 32 view .LVU32
 118 005c 8DF80730 		strb	r3, [sp, #7]
 119              		.loc 1 82 5 is_stmt 1 view .LVU33
 120 0060 FFF7FEFF 		bl	simpleserial_put
 121              	.LVL13:
  83:simpleserial-smaug.c ****     return 0x00;
 122              		.loc 1 83 5 view .LVU34
  84:simpleserial-smaug.c **** }
 123              		.loc 1 84 1 is_stmt 0 view .LVU35
 124 0064 0020     		movs	r0, #0
 125 0066 03B0     		add	sp, sp, #12
 126              	.LCFI1:
 127              		.cfi_def_cfa_offset 12
 128              		@ sp needed
 129 0068 30BD     		pop	{r4, r5, pc}
 130              	.L5:
 131 006a 00BF     		.align	2
 132              	.L4:
 133 006c 00000000 		.word	.LANCHOR0
 134 0070 40030000 		.word	.LANCHOR0+832
 135 0074 A0080000 		.word	.LANCHOR0+2208
 136              		.cfi_endproc
 137              	.LFE6:
 139              		.section	.text.cmd_decaps,"ax",%progbits
 140              		.align	1
 141              		.syntax unified
 142              		.thumb
 143              		.thumb_func
 145              	cmd_decaps:
 146              	.LVL14:
 147              	.LFB5:
  50:simpleserial-smaug.c ****     (void)len; (void)buf;
 148              		.loc 1 50 1 is_stmt 1 view -0
 149              		.cfi_startproc
 150              		@ args = 0, pretend = 0, frame = 8
 151              		@ frame_needed = 0, uses_anonymous_args = 0
  51:simpleserial-smaug.c **** 
 152              		.loc 1 51 5 view .LVU37
  51:simpleserial-smaug.c **** 
 153              		.loc 1 51 16 view .LVU38
  53:simpleserial-smaug.c ****     crypto_kem_dec(ss_dec, ct, sk);
 154              		.loc 1 53 5 view .LVU39
  50:simpleserial-smaug.c ****     (void)len; (void)buf;
 155              		.loc 1 50 1 is_stmt 0 view .LVU40
 156 0000 37B5     		push	{r0, r1, r2, r4, r5, lr}
 157              	.LCFI2:
 158              		.cfi_def_cfa_offset 24
 159              		.cfi_offset 4, -12
 160              		.cfi_offset 5, -8
 161              		.cfi_offset 14, -4
  53:simpleserial-smaug.c ****     crypto_kem_dec(ss_dec, ct, sk);
 162              		.loc 1 53 5 view .LVU41
 163 0002 FFF7FEFF 		bl	trigger_high
 164              	.LVL15:
  54:simpleserial-smaug.c ****     trigger_low();
 165              		.loc 1 54 5 is_stmt 1 view .LVU42
 166 0006 134A     		ldr	r2, .L9
 167 0008 02F5C061 		add	r1, r2, #1536
 168 000c 02F50A60 		add	r0, r2, #2208
 169 0010 FFF7FEFF 		bl	crypto_kem_dec
 170              	.LVL16:
  55:simpleserial-smaug.c **** 
 171              		.loc 1 55 5 view .LVU43
 172 0014 FFF7FEFF 		bl	trigger_low
 173              	.LVL17:
  57:simpleserial-smaug.c ****     for (unsigned i = 0; i < CRYPTO_BYTES; i++) {
 174              		.loc 1 57 5 view .LVU44
  58:simpleserial-smaug.c ****         mismatch |= (uint8_t)(ss_dec[i] ^ ss_enc[i]);
 175              		.loc 1 58 5 view .LVU45
 176              	.LBB4:
  58:simpleserial-smaug.c ****         mismatch |= (uint8_t)(ss_dec[i] ^ ss_enc[i]);
 177              		.loc 1 58 10 view .LVU46
  58:simpleserial-smaug.c ****         mismatch |= (uint8_t)(ss_dec[i] ^ ss_enc[i]);
 178              		.loc 1 58 28 discriminator 1 view .LVU47
 179 0018 0F48     		ldr	r0, .L9+4
  58:simpleserial-smaug.c ****         mismatch |= (uint8_t)(ss_dec[i] ^ ss_enc[i]);
 180              		.loc 1 58 19 is_stmt 0 view .LVU48
 181 001a 0022     		movs	r2, #0
 182 001c A0F53074 		sub	r4, r0, #704
 183              	.LBE4:
  57:simpleserial-smaug.c ****     for (unsigned i = 0; i < CRYPTO_BYTES; i++) {
 184              		.loc 1 57 13 view .LVU49
 185 0020 1346     		mov	r3, r2
 186              	.LVL18:
 187              	.L7:
 188              	.LBB5:
  59:simpleserial-smaug.c ****     }
 189              		.loc 1 59 9 is_stmt 1 view .LVU50
  59:simpleserial-smaug.c ****     }
 190              		.loc 1 59 37 is_stmt 0 view .LVU51
 191 0022 10F8011B 		ldrb	r1, [r0], #1	@ zero_extendqisi2
  59:simpleserial-smaug.c ****     }
 192              		.loc 1 59 49 view .LVU52
 193 0026 14F8015B 		ldrb	r5, [r4], #1	@ zero_extendqisi2
  58:simpleserial-smaug.c ****         mismatch |= (uint8_t)(ss_dec[i] ^ ss_enc[i]);
 194              		.loc 1 58 45 discriminator 3 view .LVU53
 195 002a 0132     		adds	r2, r2, #1
 196              	.LVL19:
  59:simpleserial-smaug.c ****     }
 197              		.loc 1 59 21 view .LVU54
 198 002c 6940     		eors	r1, r1, r5
  58:simpleserial-smaug.c ****         mismatch |= (uint8_t)(ss_dec[i] ^ ss_enc[i]);
 199              		.loc 1 58 28 discriminator 1 view .LVU55
 200 002e 202A     		cmp	r2, #32
  59:simpleserial-smaug.c ****     }
 201              		.loc 1 59 18 view .LVU56
 202 0030 43EA0103 		orr	r3, r3, r1
 203              	.LVL20:
  58:simpleserial-smaug.c ****         mismatch |= (uint8_t)(ss_dec[i] ^ ss_enc[i]);
 204              		.loc 1 58 45 is_stmt 1 discriminator 3 view .LVU57
  58:simpleserial-smaug.c ****         mismatch |= (uint8_t)(ss_dec[i] ^ ss_enc[i]);
 205              		.loc 1 58 28 discriminator 1 view .LVU58
 206 0034 F5D1     		bne	.L7
 207              	.LBE5:
  61:simpleserial-smaug.c ****     simpleserial_put('r', 1, &status);
 208              		.loc 1 61 5 view .LVU59
  61:simpleserial-smaug.c ****     simpleserial_put('r', 1, &status);
 209              		.loc 1 61 32 is_stmt 0 view .LVU60
 210 0036 003B     		subs	r3, r3, #0
  61:simpleserial-smaug.c ****     simpleserial_put('r', 1, &status);
 211              		.loc 1 61 32 view .LVU61
 212 0038 18BF     		it	ne
 213 003a 0123     		movne	r3, #1
 214              	.LVL21:
  62:simpleserial-smaug.c ****     return 0x00;
 215              		.loc 1 62 5 view .LVU62
 216 003c 0DF10702 		add	r2, sp, #7
 217              	.LVL22:
  62:simpleserial-smaug.c ****     return 0x00;
 218              		.loc 1 62 5 view .LVU63
 219 0040 0121     		movs	r1, #1
 220 0042 7220     		movs	r0, #114
  61:simpleserial-smaug.c ****     simpleserial_put('r', 1, &status);
 221              		.loc 1 61 32 view .LVU64
 222 0044 8DF80730 		strb	r3, [sp, #7]
  62:simpleserial-smaug.c ****     return 0x00;
 223              		.loc 1 62 5 is_stmt 1 view .LVU65
 224 0048 FFF7FEFF 		bl	simpleserial_put
 225              	.LVL23:
  63:simpleserial-smaug.c **** }
 226              		.loc 1 63 5 view .LVU66
  64:simpleserial-smaug.c **** 
 227              		.loc 1 64 1 is_stmt 0 view .LVU67
 228 004c 0020     		movs	r0, #0
 229 004e 03B0     		add	sp, sp, #12
 230              	.LCFI3:
 231              		.cfi_def_cfa_offset 12
 232              		@ sp needed
 233 0050 30BD     		pop	{r4, r5, pc}
 234              	.L10:
 235 0052 00BF     		.align	2
 236              	.L9:
 237 0054 00000000 		.word	.LANCHOR0
 238 0058 A0080000 		.word	.LANCHOR0+2208
 239              		.cfi_endproc
 240              	.LFE5:
 242              		.section	.text.cmd_encaps,"ax",%progbits
 243              		.align	1
 244              		.syntax unified
 245              		.thumb
 246              		.thumb_func
 248              	cmd_encaps:
 249              	.LVL24:
 250              	.LFB4:
  42:simpleserial-smaug.c ****     (void)len; (void)buf;
 251              		.loc 1 42 1 is_stmt 1 view -0
 252              		.cfi_startproc
 253              		@ args = 0, pretend = 0, frame = 0
 254              		@ frame_needed = 0, uses_anonymous_args = 0
  43:simpleserial-smaug.c ****     crypto_kem_enc(ct, ss_enc, pk);
 255              		.loc 1 43 5 view .LVU69
  43:simpleserial-smaug.c ****     crypto_kem_enc(ct, ss_enc, pk);
 256              		.loc 1 43 16 view .LVU70
  44:simpleserial-smaug.c ****     simpleserial_put('r', 16, ct);
 257              		.loc 1 44 5 view .LVU71
  42:simpleserial-smaug.c ****     (void)len; (void)buf;
 258              		.loc 1 42 1 is_stmt 0 view .LVU72
 259 0000 10B5     		push	{r4, lr}
 260              	.LCFI4:
 261              		.cfi_def_cfa_offset 8
 262              		.cfi_offset 4, -8
 263              		.cfi_offset 14, -4
  44:simpleserial-smaug.c ****     simpleserial_put('r', 16, ct);
 264              		.loc 1 44 5 view .LVU73
 265 0002 0849     		ldr	r1, .L12
 266              	.LVL25:
  44:simpleserial-smaug.c ****     simpleserial_put('r', 16, ct);
 267              		.loc 1 44 5 view .LVU74
 268 0004 01F5C064 		add	r4, r1, #1536
 269 0008 01F55072 		add	r2, r1, #832
 270 000c 2046     		mov	r0, r4
 271              	.LVL26:
  44:simpleserial-smaug.c ****     simpleserial_put('r', 16, ct);
 272              		.loc 1 44 5 view .LVU75
 273 000e 01F5BC61 		add	r1, r1, #1504
 274 0012 FFF7FEFF 		bl	crypto_kem_enc
 275              	.LVL27:
  45:simpleserial-smaug.c ****     return 0x00;
 276              		.loc 1 45 5 is_stmt 1 view .LVU76
 277 0016 2246     		mov	r2, r4
 278 0018 1021     		movs	r1, #16
 279 001a 7220     		movs	r0, #114
 280 001c FFF7FEFF 		bl	simpleserial_put
 281              	.LVL28:
  46:simpleserial-smaug.c **** }
 282              		.loc 1 46 5 view .LVU77
  47:simpleserial-smaug.c **** 
 283              		.loc 1 47 1 is_stmt 0 view .LVU78
 284 0020 0020     		movs	r0, #0
 285 0022 10BD     		pop	{r4, pc}
 286              	.L13:
 287              		.align	2
 288              	.L12:
 289 0024 00000000 		.word	.LANCHOR0
 290              		.cfi_endproc
 291              	.LFE4:
 293              		.section	.text.cmd_keypair,"ax",%progbits
 294              		.align	1
 295              		.syntax unified
 296              		.thumb
 297              		.thumb_func
 299              	cmd_keypair:
 300              	.LVL29:
 301              	.LFB3:
  34:simpleserial-smaug.c ****     (void)len; (void)buf;
 302              		.loc 1 34 1 is_stmt 1 view -0
 303              		.cfi_startproc
 304              		@ args = 0, pretend = 0, frame = 0
 305              		@ frame_needed = 0, uses_anonymous_args = 0
  35:simpleserial-smaug.c ****     crypto_kem_keypair(pk, sk);
 306              		.loc 1 35 5 view .LVU80
  35:simpleserial-smaug.c ****     crypto_kem_keypair(pk, sk);
 307              		.loc 1 35 16 view .LVU81
  36:simpleserial-smaug.c ****     simpleserial_put('r', 16, pk);
 308              		.loc 1 36 5 view .LVU82
  34:simpleserial-smaug.c ****     (void)len; (void)buf;
 309              		.loc 1 34 1 is_stmt 0 view .LVU83
 310 0000 10B5     		push	{r4, lr}
 311              	.LCFI5:
 312              		.cfi_def_cfa_offset 8
 313              		.cfi_offset 4, -8
 314              		.cfi_offset 14, -4
  36:simpleserial-smaug.c ****     simpleserial_put('r', 16, pk);
 315              		.loc 1 36 5 view .LVU84
 316 0002 0649     		ldr	r1, .L15
 317              	.LVL30:
  36:simpleserial-smaug.c ****     simpleserial_put('r', 16, pk);
 318              		.loc 1 36 5 view .LVU85
 319 0004 01F55074 		add	r4, r1, #832
 320 0008 2046     		mov	r0, r4
 321              	.LVL31:
  36:simpleserial-smaug.c ****     simpleserial_put('r', 16, pk);
 322              		.loc 1 36 5 view .LVU86
 323 000a FFF7FEFF 		bl	crypto_kem_keypair
 324              	.LVL32:
  37:simpleserial-smaug.c ****     return 0x00;
 325              		.loc 1 37 5 is_stmt 1 view .LVU87
 326 000e 2246     		mov	r2, r4
 327 0010 1021     		movs	r1, #16
 328 0012 7220     		movs	r0, #114
 329 0014 FFF7FEFF 		bl	simpleserial_put
 330              	.LVL33:
  38:simpleserial-smaug.c **** }
 331              		.loc 1 38 5 view .LVU88
  39:simpleserial-smaug.c **** 
 332              		.loc 1 39 1 is_stmt 0 view .LVU89
 333 0018 0020     		movs	r0, #0
 334 001a 10BD     		pop	{r4, pc}
 335              	.L16:
 336              		.align	2
 337              	.L15:
 338 001c 00000000 		.word	.LANCHOR0
 339              		.cfi_endproc
 340              	.LFE3:
 342              		.section	.text.startup.main,"ax",%progbits
 343              		.align	1
 344              		.global	main
 345              		.syntax unified
 346              		.thumb
 347              		.thumb_func
 349              	main:
 350              	.LFB7:
  85:simpleserial-smaug.c **** 
  86:simpleserial-smaug.c **** int main(void)
  87:simpleserial-smaug.c **** {
 351              		.loc 1 87 1 is_stmt 1 view -0
 352              		.cfi_startproc
 353              		@ Volatile: function does not return.
 354              		@ args = 0, pretend = 0, frame = 0
 355              		@ frame_needed = 0, uses_anonymous_args = 0
  88:simpleserial-smaug.c ****     platform_init();
 356              		.loc 1 88 5 view .LVU91
  87:simpleserial-smaug.c ****     platform_init();
 357              		.loc 1 87 1 is_stmt 0 view .LVU92
 358 0000 08B5     		push	{r3, lr}
 359              	.LCFI6:
 360              		.cfi_def_cfa_offset 8
 361              		.cfi_offset 3, -8
 362              		.cfi_offset 14, -4
 363              		.loc 1 88 5 view .LVU93
 364 0002 FFF7FEFF 		bl	platform_init
 365              	.LVL34:
  89:simpleserial-smaug.c ****     init_uart();
 366              		.loc 1 89 5 is_stmt 1 view .LVU94
 367 0006 FFF7FEFF 		bl	init_uart
 368              	.LVL35:
  90:simpleserial-smaug.c ****     trigger_setup();
 369              		.loc 1 90 5 view .LVU95
 370 000a FFF7FEFF 		bl	trigger_setup
 371              	.LVL36:
  91:simpleserial-smaug.c **** 
  92:simpleserial-smaug.c ****     simpleserial_init();
 372              		.loc 1 92 5 view .LVU96
 373 000e FFF7FEFF 		bl	simpleserial_init
 374              	.LVL37:
  93:simpleserial-smaug.c ****     simpleserial_addcmd('k', 0, cmd_keypair);
 375              		.loc 1 93 5 view .LVU97
 376 0012 0B4A     		ldr	r2, .L19
 377 0014 0021     		movs	r1, #0
 378 0016 6B20     		movs	r0, #107
 379 0018 FFF7FEFF 		bl	simpleserial_addcmd
 380              	.LVL38:
  94:simpleserial-smaug.c ****     simpleserial_addcmd('e', 0, cmd_encaps);
 381              		.loc 1 94 5 view .LVU98
 382 001c 094A     		ldr	r2, .L19+4
 383 001e 0021     		movs	r1, #0
 384 0020 6520     		movs	r0, #101
 385 0022 FFF7FEFF 		bl	simpleserial_addcmd
 386              	.LVL39:
  95:simpleserial-smaug.c ****     simpleserial_addcmd('d', 0, cmd_decaps);
 387              		.loc 1 95 5 view .LVU99
 388 0026 084A     		ldr	r2, .L19+8
 389 0028 0021     		movs	r1, #0
 390 002a 6420     		movs	r0, #100
 391 002c FFF7FEFF 		bl	simpleserial_addcmd
 392              	.LVL40:
  96:simpleserial-smaug.c ****     simpleserial_addcmd('p', 0, cmd_pipeline);
 393              		.loc 1 96 5 view .LVU100
 394 0030 064A     		ldr	r2, .L19+12
 395 0032 0021     		movs	r1, #0
 396 0034 7020     		movs	r0, #112
 397 0036 FFF7FEFF 		bl	simpleserial_addcmd
 398              	.LVL41:
 399              	.L18:
  97:simpleserial-smaug.c **** 
  98:simpleserial-smaug.c ****     while (1) {
 400              		.loc 1 98 5 view .LVU101
  99:simpleserial-smaug.c ****         simpleserial_get();
 401              		.loc 1 99 9 discriminator 1 view .LVU102
 402 003a FFF7FEFF 		bl	simpleserial_get
 403              	.LVL42:
  98:simpleserial-smaug.c ****         simpleserial_get();
 404              		.loc 1 98 11 view .LVU103
 405 003e FCE7     		b	.L18
 406              	.L20:
 407              		.align	2
 408              	.L19:
 409 0040 00000000 		.word	cmd_keypair
 410 0044 00000000 		.word	cmd_encaps
 411 0048 00000000 		.word	cmd_decaps
 412 004c 00000000 		.word	cmd_pipeline
 413              		.cfi_endproc
 414              	.LFE7:
 416              		.bss
 417              		.set	.LANCHOR0,. + 0
 420              	sk:
 421 0000 00000000 		.space	832
 421      00000000 
 421      00000000 
 421      00000000 
 421      00000000 
 424              	pk:
 425 0340 00000000 		.space	672
 425      00000000 
 425      00000000 
 425      00000000 
 425      00000000 
 428              	ss_enc:
 429 05e0 00000000 		.space	32
 429      00000000 
 429      00000000 
 429      00000000 
 429      00000000 
 432              	ct:
 433 0600 00000000 		.space	672
 433      00000000 
 433      00000000 
 433      00000000 
 433      00000000 
 436              	ss_dec:
 437 08a0 00000000 		.space	32
 437      00000000 
 437      00000000 
 437      00000000 
 437      00000000 
 438              		.text
 439              	.Letext0:
 440              		.file 2 "/home/pacl/Documents/Repository/chipwhisperer/firmware/mcu/hal/chipwhisperer-fw-extra/stm
 441              		.file 3 "/home/pacl/Documents/Repository/chipwhisperer/firmware/mcu/simpleserial/simpleserial.h"
 442              		.file 4 "/home/pacl/Documents/Repository/chipwhisperer/firmware/mcu/hal/hal.h"
 443              		.file 5 "/usr/lib/gcc/arm-none-eabi/13.2.1/include/stdint.h"
DEFINED SYMBOLS
                            *ABS*:00000000 simpleserial-smaug.c
     /tmp/ccSSCO8v.s:21     .text.cmd_pipeline:00000000 $t
     /tmp/ccSSCO8v.s:26     .text.cmd_pipeline:00000000 cmd_pipeline
     /tmp/ccSSCO8v.s:133    .text.cmd_pipeline:0000006c $d
     /tmp/ccSSCO8v.s:140    .text.cmd_decaps:00000000 $t
     /tmp/ccSSCO8v.s:145    .text.cmd_decaps:00000000 cmd_decaps
     /tmp/ccSSCO8v.s:237    .text.cmd_decaps:00000054 $d
     /tmp/ccSSCO8v.s:243    .text.cmd_encaps:00000000 $t
     /tmp/ccSSCO8v.s:248    .text.cmd_encaps:00000000 cmd_encaps
     /tmp/ccSSCO8v.s:289    .text.cmd_encaps:00000024 $d
     /tmp/ccSSCO8v.s:294    .text.cmd_keypair:00000000 $t
     /tmp/ccSSCO8v.s:299    .text.cmd_keypair:00000000 cmd_keypair
     /tmp/ccSSCO8v.s:338    .text.cmd_keypair:0000001c $d
     /tmp/ccSSCO8v.s:343    .text.startup.main:00000000 $t
     /tmp/ccSSCO8v.s:349    .text.startup.main:00000000 main
     /tmp/ccSSCO8v.s:409    .text.startup.main:00000040 $d
     /tmp/ccSSCO8v.s:420    .bss:00000000 sk
     /tmp/ccSSCO8v.s:421    .bss:00000000 $d
     /tmp/ccSSCO8v.s:424    .bss:00000340 pk
     /tmp/ccSSCO8v.s:428    .bss:000005e0 ss_enc
     /tmp/ccSSCO8v.s:432    .bss:00000600 ct
     /tmp/ccSSCO8v.s:436    .bss:000008a0 ss_dec

UNDEFINED SYMBOLS
crypto_kem_keypair
crypto_kem_enc
trigger_high
crypto_kem_dec
trigger_low
simpleserial_put
platform_init
init_uart
trigger_setup
simpleserial_init
simpleserial_addcmd
simpleserial_get
