   1              		.cpu cortex-m4
   2              		.arch armv7e-m
   3              		.fpu fpv4-sp-d16
   4              		.eabi_attribute 27, 1
   5              		.eabi_attribute 28, 1
   6              		.eabi_attribute 20, 1
   7              		.eabi_attribute 21, 1
   8              		.eabi_attribute 23, 3
   9              		.eabi_attribute 24, 1
  10              		.eabi_attribute 25, 1
  11              		.eabi_attribute 26, 1
  12              		.eabi_attribute 30, 4
  13              		.eabi_attribute 34, 1
  14              		.eabi_attribute 18, 4
  15              		.file	"smaug_rng.c"
  16              		.text
  17              	.Ltext0:
  18              		.cfi_sections	.debug_frame
  19              		.file 1 "smaug_rng.c"
  20              		.section	.text.rng_get_random_blocking,"ax",%progbits
  21              		.align	1
  22              		.global	rng_get_random_blocking
  23              		.syntax unified
  24              		.thumb
  25              		.thumb_func
  27              	rng_get_random_blocking:
  28              	.LVL0:
  29              	.LFB0:
   1:smaug_rng.c   **** // Bridge: SMAUG-T's bundled randombytes.c calls rng_get_random_blocking() once
   2:smaug_rng.c   **** // per 32-bit word it needs. In the upstream PQM4 setup that name lives in
   3:smaug_rng.c   **** // libopencm3 (drivers/rng.c). We're not linking libopencm3, so route the call
   4:smaug_rng.c   **** // to ChipWhisperer's STM32F4 HAL helper instead - it wraps HAL_RNG_GenerateRandomNumber.
   5:smaug_rng.c   **** 
   6:smaug_rng.c   **** #include <stdint.h>
   7:smaug_rng.c   **** 
   8:smaug_rng.c   **** extern uint32_t get_rand(void);
   9:smaug_rng.c   **** 
  10:smaug_rng.c   **** uint32_t rng_get_random_blocking(uint32_t rng)
  11:smaug_rng.c   **** {
  30              		.loc 1 11 1 view -0
  31              		.cfi_startproc
  32              		@ args = 0, pretend = 0, frame = 0
  33              		@ frame_needed = 0, uses_anonymous_args = 0
  34              		@ link register save eliminated.
  12:smaug_rng.c   ****     (void)rng;
  35              		.loc 1 12 5 view .LVU1
  13:smaug_rng.c   ****     return get_rand();
  36              		.loc 1 13 5 view .LVU2
  37              		.loc 1 13 12 is_stmt 0 view .LVU3
  38 0000 FFF7FEBF 		b	get_rand
  39              	.LVL1:
  40              		.loc 1 13 12 view .LVU4
  41              		.cfi_endproc
  42              	.LFE0:
  44              		.text
  45              	.Letext0:
  46              		.file 2 "/usr/lib/gcc/arm-none-eabi/13.2.1/include/stdint.h"
DEFINED SYMBOLS
                            *ABS*:00000000 smaug_rng.c
     /tmp/ccKlwHWd.s:21     .text.rng_get_random_blocking:00000000 $t
     /tmp/ccKlwHWd.s:27     .text.rng_get_random_blocking:00000000 rng_get_random_blocking

UNDEFINED SYMBOLS
get_rand
