   1              		.cpu cortex-m4
   2              		.arch armv7e-m
   3              		.fpu fpv4-sp-d16
   4              		.eabi_attribute 27, 1
   5              		.eabi_attribute 28, 1
   6              		.eabi_attribute 20, 1
   7              		.eabi_attribute 21, 1
   8              		.eabi_attribute 23, 3
   9              		.eabi_attribute 24, 1
  10              		.eabi_attribute 25, 1
  11              		.eabi_attribute 26, 1
  12              		.eabi_attribute 30, 4
  13              		.eabi_attribute 34, 1
  14              		.eabi_attribute 18, 4
  15              		.file	"stm32f4_hal.c"
  16              		.text
  17              	.Ltext0:
  18              		.cfi_sections	.debug_frame
  19              		.file 1 "/home/pacl/Documents/Repository/chipwhisperer/firmware/mcu/hal/chipwhisperer-fw-extra/stm
  20              		.section	.text.platform_init,"ax",%progbits
  21              		.align	1
  22              		.global	platform_init
  23              		.syntax unified
  24              		.thumb
  25              		.thumb_func
  27              	platform_init:
  28              	.LFB126:
   1:/home/pacl/Documents/Repository/chipwhisperer/firmware/mcu/hal/chipwhisperer-fw-extra/stm32f4/stm32f4_hal.c **** 
   2:/home/pacl/Documents/Repository/chipwhisperer/firmware/mcu/hal/chipwhisperer-fw-extra/stm32f4/stm32f4_hal.c **** #include "stm32f4_hal.h"
   3:/home/pacl/Documents/Repository/chipwhisperer/firmware/mcu/hal/chipwhisperer-fw-extra/stm32f4/stm32f4_hal.c **** #include "stm32f4_hal_lowlevel.h"
   4:/home/pacl/Documents/Repository/chipwhisperer/firmware/mcu/hal/chipwhisperer-fw-extra/stm32f4/stm32f4_hal.c **** #include "stm32f4xx_hal_rcc.h"
   5:/home/pacl/Documents/Repository/chipwhisperer/firmware/mcu/hal/chipwhisperer-fw-extra/stm32f4/stm32f4_hal.c **** #include "stm32f4xx_hal_gpio.h"
   6:/home/pacl/Documents/Repository/chipwhisperer/firmware/mcu/hal/chipwhisperer-fw-extra/stm32f4/stm32f4_hal.c **** #include "stm32f4xx_hal_dma.h"
   7:/home/pacl/Documents/Repository/chipwhisperer/firmware/mcu/hal/chipwhisperer-fw-extra/stm32f4/stm32f4_hal.c **** #include "stm32f4xx_hal_uart.h"
   8:/home/pacl/Documents/Repository/chipwhisperer/firmware/mcu/hal/chipwhisperer-fw-extra/stm32f4/stm32f4_hal.c **** #include "stm32f4xx_hal_cryp.h"
   9:/home/pacl/Documents/Repository/chipwhisperer/firmware/mcu/hal/chipwhisperer-fw-extra/stm32f4/stm32f4_hal.c **** #include "stm32f4xx_hal_rng.h"
  10:/home/pacl/Documents/Repository/chipwhisperer/firmware/mcu/hal/chipwhisperer-fw-extra/stm32f4/stm32f4_hal.c **** 
  11:/home/pacl/Documents/Repository/chipwhisperer/firmware/mcu/hal/chipwhisperer-fw-extra/stm32f4/stm32f4_hal.c **** RNG_HandleTypeDef RngHandle;
  12:/home/pacl/Documents/Repository/chipwhisperer/firmware/mcu/hal/chipwhisperer-fw-extra/stm32f4/stm32f4_hal.c **** UART_HandleTypeDef UartHandle;
  13:/home/pacl/Documents/Repository/chipwhisperer/firmware/mcu/hal/chipwhisperer-fw-extra/stm32f4/stm32f4_hal.c **** 
  14:/home/pacl/Documents/Repository/chipwhisperer/firmware/mcu/hal/chipwhisperer-fw-extra/stm32f4/stm32f4_hal.c **** uint8_t hw_key[16];
  15:/home/pacl/Documents/Repository/chipwhisperer/firmware/mcu/hal/chipwhisperer-fw-extra/stm32f4/stm32f4_hal.c **** static CRYP_HandleTypeDef cryp;
  16:/home/pacl/Documents/Repository/chipwhisperer/firmware/mcu/hal/chipwhisperer-fw-extra/stm32f4/stm32f4_hal.c **** 
  17:/home/pacl/Documents/Repository/chipwhisperer/firmware/mcu/hal/chipwhisperer-fw-extra/stm32f4/stm32f4_hal.c **** void platform_init(void)
  18:/home/pacl/Documents/Repository/chipwhisperer/firmware/mcu/hal/chipwhisperer-fw-extra/stm32f4/stm32f4_hal.c **** {
  29              		.loc 1 18 1 view -0
  30              		.cfi_startproc
  31              		@ args = 0, pretend = 0, frame = 72
  32              		@ frame_needed = 0, uses_anonymous_args = 0
  19:/home/pacl/Documents/Repository/chipwhisperer/firmware/mcu/hal/chipwhisperer-fw-extra/stm32f4/stm32f4_hal.c **** 	//HAL_Init();
  20:/home/pacl/Documents/Repository/chipwhisperer/firmware/mcu/hal/chipwhisperer-fw-extra/stm32f4/stm32f4_hal.c **** 
  21:/home/pacl/Documents/Repository/chipwhisperer/firmware/mcu/hal/chipwhisperer-fw-extra/stm32f4/stm32f4_hal.c **** #ifdef STM32F4FPU
  22:/home/pacl/Documents/Repository/chipwhisperer/firmware/mcu/hal/chipwhisperer-fw-extra/stm32f4/stm32f4_hal.c ****      /* set CP10 and CP11 Full Access */
  23:/home/pacl/Documents/Repository/chipwhisperer/firmware/mcu/hal/chipwhisperer-fw-extra/stm32f4/stm32f4_hal.c ****      SCB->CPACR |= ((3UL << 10*2)|(3UL << 11*2)); // SCB->CPACR |= 0x00f00000;
  33              		.loc 1 23 6 view .LVU1
  18:/home/pacl/Documents/Repository/chipwhisperer/firmware/mcu/hal/chipwhisperer-fw-extra/stm32f4/stm32f4_hal.c **** 	//HAL_Init();
  34              		.loc 1 18 1 is_stmt 0 view .LVU2
  35 0000 30B5     		push	{r4, r5, lr}
  36              	.LCFI0:
  37              		.cfi_def_cfa_offset 12
  38              		.cfi_offset 4, -12
  39              		.cfi_offset 5, -8
  40              		.cfi_offset 14, -4
  41              		.loc 1 23 9 view .LVU3
  42 0002 1F4A     		ldr	r2, .L4
  43 0004 D2F88830 		ldr	r3, [r2, #136]
  44              		.loc 1 23 17 view .LVU4
  45 0008 43F47003 		orr	r3, r3, #15728640
  46 000c C2F88830 		str	r3, [r2, #136]
  24:/home/pacl/Documents/Repository/chipwhisperer/firmware/mcu/hal/chipwhisperer-fw-extra/stm32f4/stm32f4_hal.c **** #endif
  25:/home/pacl/Documents/Repository/chipwhisperer/firmware/mcu/hal/chipwhisperer-fw-extra/stm32f4/stm32f4_hal.c **** 
  26:/home/pacl/Documents/Repository/chipwhisperer/firmware/mcu/hal/chipwhisperer-fw-extra/stm32f4/stm32f4_hal.c **** #ifdef USE_INTERNAL_CLK
  27:/home/pacl/Documents/Repository/chipwhisperer/firmware/mcu/hal/chipwhisperer-fw-extra/stm32f4/stm32f4_hal.c ****      RCC_OscInitTypeDef RCC_OscInitStruct;
  28:/home/pacl/Documents/Repository/chipwhisperer/firmware/mcu/hal/chipwhisperer-fw-extra/stm32f4/stm32f4_hal.c ****      RCC_OscInitStruct.OscillatorType = RCC_OSCILLATORTYPE_HSI;
  29:/home/pacl/Documents/Repository/chipwhisperer/firmware/mcu/hal/chipwhisperer-fw-extra/stm32f4/stm32f4_hal.c ****      RCC_OscInitStruct.HSEState       = RCC_HSE_OFF;
  30:/home/pacl/Documents/Repository/chipwhisperer/firmware/mcu/hal/chipwhisperer-fw-extra/stm32f4/stm32f4_hal.c ****      RCC_OscInitStruct.HSIState       = RCC_HSI_ON;
  31:/home/pacl/Documents/Repository/chipwhisperer/firmware/mcu/hal/chipwhisperer-fw-extra/stm32f4/stm32f4_hal.c **** 	 RCC_OscInitStruct.PLL.PLLState   = RCC_PLL_ON;  // we need PLL to use RNG
  32:/home/pacl/Documents/Repository/chipwhisperer/firmware/mcu/hal/chipwhisperer-fw-extra/stm32f4/stm32f4_hal.c **** 	 RCC_OscInitStruct.PLL.PLLSource  = RCC_PLLSOURCE_HSI;
  33:/home/pacl/Documents/Repository/chipwhisperer/firmware/mcu/hal/chipwhisperer-fw-extra/stm32f4/stm32f4_hal.c **** 	 RCC_OscInitStruct.PLL.PLLM       = 16;  // Internal clock is 16MHz.
  34:/home/pacl/Documents/Repository/chipwhisperer/firmware/mcu/hal/chipwhisperer-fw-extra/stm32f4/stm32f4_hal.c **** 	 RCC_OscInitStruct.PLL.PLLN       = 336;
  35:/home/pacl/Documents/Repository/chipwhisperer/firmware/mcu/hal/chipwhisperer-fw-extra/stm32f4/stm32f4_hal.c **** 	 RCC_OscInitStruct.PLL.PLLP       = 2;
  36:/home/pacl/Documents/Repository/chipwhisperer/firmware/mcu/hal/chipwhisperer-fw-extra/stm32f4/stm32f4_hal.c **** 	 RCC_OscInitStruct.PLL.PLLQ       = 7;  // divisor for RNG, USB and SDIO
  37:/home/pacl/Documents/Repository/chipwhisperer/firmware/mcu/hal/chipwhisperer-fw-extra/stm32f4/stm32f4_hal.c ****      HAL_RCC_OscConfig(&RCC_OscInitStruct);
  38:/home/pacl/Documents/Repository/chipwhisperer/firmware/mcu/hal/chipwhisperer-fw-extra/stm32f4/stm32f4_hal.c **** 
  39:/home/pacl/Documents/Repository/chipwhisperer/firmware/mcu/hal/chipwhisperer-fw-extra/stm32f4/stm32f4_hal.c ****      RCC_ClkInitTypeDef RCC_ClkInitStruct;
  40:/home/pacl/Documents/Repository/chipwhisperer/firmware/mcu/hal/chipwhisperer-fw-extra/stm32f4/stm32f4_hal.c ****      RCC_ClkInitStruct.ClockType      = (RCC_CLOCKTYPE_SYSCLK | RCC_CLOCKTYPE_HCLK | RCC_CLOCKTYPE_
  41:/home/pacl/Documents/Repository/chipwhisperer/firmware/mcu/hal/chipwhisperer-fw-extra/stm32f4/stm32f4_hal.c ****      RCC_ClkInitStruct.SYSCLKSource   = RCC_SYSCLKSOURCE_HSI;
  42:/home/pacl/Documents/Repository/chipwhisperer/firmware/mcu/hal/chipwhisperer-fw-extra/stm32f4/stm32f4_hal.c ****      RCC_ClkInitStruct.AHBCLKDivider  = RCC_SYSCLK_DIV1;
  43:/home/pacl/Documents/Repository/chipwhisperer/firmware/mcu/hal/chipwhisperer-fw-extra/stm32f4/stm32f4_hal.c ****      RCC_ClkInitStruct.APB1CLKDivider = RCC_HCLK_DIV1;
  44:/home/pacl/Documents/Repository/chipwhisperer/firmware/mcu/hal/chipwhisperer-fw-extra/stm32f4/stm32f4_hal.c ****      RCC_ClkInitStruct.APB2CLKDivider = RCC_HCLK_DIV1;
  45:/home/pacl/Documents/Repository/chipwhisperer/firmware/mcu/hal/chipwhisperer-fw-extra/stm32f4/stm32f4_hal.c ****      uint32_t flash_latency = 0;
  46:/home/pacl/Documents/Repository/chipwhisperer/firmware/mcu/hal/chipwhisperer-fw-extra/stm32f4/stm32f4_hal.c ****      HAL_RCC_ClockConfig(&RCC_ClkInitStruct, flash_latency);
  47:/home/pacl/Documents/Repository/chipwhisperer/firmware/mcu/hal/chipwhisperer-fw-extra/stm32f4/stm32f4_hal.c **** #elif USE_PLL
  48:/home/pacl/Documents/Repository/chipwhisperer/firmware/mcu/hal/chipwhisperer-fw-extra/stm32f4/stm32f4_hal.c **** 	RCC_OscInitTypeDef RCC_OscInitStruct;
  49:/home/pacl/Documents/Repository/chipwhisperer/firmware/mcu/hal/chipwhisperer-fw-extra/stm32f4/stm32f4_hal.c **** 	RCC_OscInitStruct.OscillatorType = RCC_OSCILLATORTYPE_HSE | RCC_OSCILLATORTYPE_HSI;
  50:/home/pacl/Documents/Repository/chipwhisperer/firmware/mcu/hal/chipwhisperer-fw-extra/stm32f4/stm32f4_hal.c **** 	RCC_OscInitStruct.HSEState       = RCC_HSE_BYPASS;
  51:/home/pacl/Documents/Repository/chipwhisperer/firmware/mcu/hal/chipwhisperer-fw-extra/stm32f4/stm32f4_hal.c **** 	RCC_OscInitStruct.HSIState       = RCC_HSI_ON;  // HSI is needed for the RNG
  52:/home/pacl/Documents/Repository/chipwhisperer/firmware/mcu/hal/chipwhisperer-fw-extra/stm32f4/stm32f4_hal.c **** 	RCC_OscInitStruct.PLL.PLLState   = RCC_PLL_ON;  // we need PLL to use RNG
  53:/home/pacl/Documents/Repository/chipwhisperer/firmware/mcu/hal/chipwhisperer-fw-extra/stm32f4/stm32f4_hal.c **** 	RCC_OscInitStruct.PLL.PLLSource  = RCC_PLLSOURCE_HSE;
  54:/home/pacl/Documents/Repository/chipwhisperer/firmware/mcu/hal/chipwhisperer-fw-extra/stm32f4/stm32f4_hal.c **** 	RCC_OscInitStruct.PLL.PLLM       = 12;  // Internal clock is 16MHz
  55:/home/pacl/Documents/Repository/chipwhisperer/firmware/mcu/hal/chipwhisperer-fw-extra/stm32f4/stm32f4_hal.c **** 	RCC_OscInitStruct.PLL.PLLN       = 196;
  56:/home/pacl/Documents/Repository/chipwhisperer/firmware/mcu/hal/chipwhisperer-fw-extra/stm32f4/stm32f4_hal.c **** 	RCC_OscInitStruct.PLL.PLLP       = RCC_PLLP_DIV4;
  57:/home/pacl/Documents/Repository/chipwhisperer/firmware/mcu/hal/chipwhisperer-fw-extra/stm32f4/stm32f4_hal.c **** 	RCC_OscInitStruct.PLL.PLLQ       = 7;  // divisor for RNG, USB and SDIO
  58:/home/pacl/Documents/Repository/chipwhisperer/firmware/mcu/hal/chipwhisperer-fw-extra/stm32f4/stm32f4_hal.c **** 	if (HAL_RCC_OscConfig(&RCC_OscInitStruct) != HAL_OK) {
  59:/home/pacl/Documents/Repository/chipwhisperer/firmware/mcu/hal/chipwhisperer-fw-extra/stm32f4/stm32f4_hal.c ****         for(;;);
  60:/home/pacl/Documents/Repository/chipwhisperer/firmware/mcu/hal/chipwhisperer-fw-extra/stm32f4/stm32f4_hal.c ****     }
  61:/home/pacl/Documents/Repository/chipwhisperer/firmware/mcu/hal/chipwhisperer-fw-extra/stm32f4/stm32f4_hal.c **** 
  62:/home/pacl/Documents/Repository/chipwhisperer/firmware/mcu/hal/chipwhisperer-fw-extra/stm32f4/stm32f4_hal.c **** 	RCC_ClkInitTypeDef RCC_ClkInitStruct;
  63:/home/pacl/Documents/Repository/chipwhisperer/firmware/mcu/hal/chipwhisperer-fw-extra/stm32f4/stm32f4_hal.c **** 	RCC_ClkInitStruct.ClockType      = (RCC_CLOCKTYPE_SYSCLK | RCC_CLOCKTYPE_HCLK | RCC_CLOCKTYPE_PCLK
  64:/home/pacl/Documents/Repository/chipwhisperer/firmware/mcu/hal/chipwhisperer-fw-extra/stm32f4/stm32f4_hal.c **** 	RCC_ClkInitStruct.SYSCLKSource   = RCC_SYSCLKSOURCE_PLLCLK;
  65:/home/pacl/Documents/Repository/chipwhisperer/firmware/mcu/hal/chipwhisperer-fw-extra/stm32f4/stm32f4_hal.c **** 	RCC_ClkInitStruct.AHBCLKDivider  = RCC_SYSCLK_DIV1;
  66:/home/pacl/Documents/Repository/chipwhisperer/firmware/mcu/hal/chipwhisperer-fw-extra/stm32f4/stm32f4_hal.c **** 	RCC_ClkInitStruct.APB1CLKDivider = RCC_HCLK_DIV2;
  67:/home/pacl/Documents/Repository/chipwhisperer/firmware/mcu/hal/chipwhisperer-fw-extra/stm32f4/stm32f4_hal.c **** 	RCC_ClkInitStruct.APB2CLKDivider = RCC_HCLK_DIV2;
  68:/home/pacl/Documents/Repository/chipwhisperer/firmware/mcu/hal/chipwhisperer-fw-extra/stm32f4/stm32f4_hal.c **** 	HAL_RCC_ClockConfig(&RCC_ClkInitStruct, FLASH_ACR_LATENCY_5WS);
  69:/home/pacl/Documents/Repository/chipwhisperer/firmware/mcu/hal/chipwhisperer-fw-extra/stm32f4/stm32f4_hal.c ****     FLASH->ACR |= 0b111 << 8; //enable ART acceleration
  70:/home/pacl/Documents/Repository/chipwhisperer/firmware/mcu/hal/chipwhisperer-fw-extra/stm32f4/stm32f4_hal.c **** 
  71:/home/pacl/Documents/Repository/chipwhisperer/firmware/mcu/hal/chipwhisperer-fw-extra/stm32f4/stm32f4_hal.c **** #else
  72:/home/pacl/Documents/Repository/chipwhisperer/firmware/mcu/hal/chipwhisperer-fw-extra/stm32f4/stm32f4_hal.c **** 	RCC_OscInitTypeDef RCC_OscInitStruct;
  47              		.loc 1 72 2 is_stmt 1 view .LVU5
  73:/home/pacl/Documents/Repository/chipwhisperer/firmware/mcu/hal/chipwhisperer-fw-extra/stm32f4/stm32f4_hal.c **** 	RCC_OscInitStruct.OscillatorType = RCC_OSCILLATORTYPE_HSE | RCC_OSCILLATORTYPE_HSI;
  48              		.loc 1 73 2 view .LVU6
  18:/home/pacl/Documents/Repository/chipwhisperer/firmware/mcu/hal/chipwhisperer-fw-extra/stm32f4/stm32f4_hal.c **** 	//HAL_Init();
  49              		.loc 1 18 1 is_stmt 0 view .LVU7
  50 0010 93B0     		sub	sp, sp, #76
  51              	.LCFI1:
  52              		.cfi_def_cfa_offset 88
  74:/home/pacl/Documents/Repository/chipwhisperer/firmware/mcu/hal/chipwhisperer-fw-extra/stm32f4/stm32f4_hal.c **** 	RCC_OscInitStruct.HSEState       = RCC_HSE_BYPASS;
  53              		.loc 1 74 35 view .LVU8
  54 0012 0322     		movs	r2, #3
  55 0014 4FF4A023 		mov	r3, #327680
  56 0018 CDE90623 		strd	r2, r3, [sp, #24]
  75:/home/pacl/Documents/Repository/chipwhisperer/firmware/mcu/hal/chipwhisperer-fw-extra/stm32f4/stm32f4_hal.c **** 	RCC_OscInitStruct.HSIState       = RCC_HSI_ON;  // HSI is needed for the RNG
  57              		.loc 1 75 2 is_stmt 1 view .LVU9
  76:/home/pacl/Documents/Repository/chipwhisperer/firmware/mcu/hal/chipwhisperer-fw-extra/stm32f4/stm32f4_hal.c **** 	RCC_OscInitStruct.PLL.PLLState   = RCC_PLL_ON;  // we need PLL to use RNG
  77:/home/pacl/Documents/Repository/chipwhisperer/firmware/mcu/hal/chipwhisperer-fw-extra/stm32f4/stm32f4_hal.c **** 	RCC_OscInitStruct.PLL.PLLSource  = RCC_PLLSOURCE_HSE;
  58              		.loc 1 77 35 is_stmt 0 view .LVU10
  59 001c 0221     		movs	r1, #2
  60 001e 4FF48003 		mov	r3, #4194304
  61 0022 CDE90C13 		strd	r1, r3, [sp, #48]
  78:/home/pacl/Documents/Repository/chipwhisperer/firmware/mcu/hal/chipwhisperer-fw-extra/stm32f4/stm32f4_hal.c **** 	RCC_OscInitStruct.PLL.PLLM       = 12;  // Internal clock is 16MHz
  79:/home/pacl/Documents/Repository/chipwhisperer/firmware/mcu/hal/chipwhisperer-fw-extra/stm32f4/stm32f4_hal.c **** 	RCC_OscInitStruct.PLL.PLLN       = 196;
  62              		.loc 1 79 35 view .LVU11
  63 0026 0C20     		movs	r0, #12
  64 0028 C423     		movs	r3, #196
  65 002a CDE90E03 		strd	r0, r3, [sp, #56]
  80:/home/pacl/Documents/Repository/chipwhisperer/firmware/mcu/hal/chipwhisperer-fw-extra/stm32f4/stm32f4_hal.c **** 	RCC_OscInitStruct.PLL.PLLP       = RCC_PLLP_DIV4;
  81:/home/pacl/Documents/Repository/chipwhisperer/firmware/mcu/hal/chipwhisperer-fw-extra/stm32f4/stm32f4_hal.c **** 	RCC_OscInitStruct.PLL.PLLQ       = 7;  // divisor for RNG, USB and SDIO
  66              		.loc 1 81 35 view .LVU12
  67 002e 0424     		movs	r4, #4
  68 0030 0723     		movs	r3, #7
  75:/home/pacl/Documents/Repository/chipwhisperer/firmware/mcu/hal/chipwhisperer-fw-extra/stm32f4/stm32f4_hal.c **** 	RCC_OscInitStruct.PLL.PLLState   = RCC_PLL_ON;  // we need PLL to use RNG
  69              		.loc 1 75 35 view .LVU13
  70 0032 0125     		movs	r5, #1
  82:/home/pacl/Documents/Repository/chipwhisperer/firmware/mcu/hal/chipwhisperer-fw-extra/stm32f4/stm32f4_hal.c **** 	if (HAL_RCC_OscConfig(&RCC_OscInitStruct) != HAL_OK) {
  71              		.loc 1 82 6 view .LVU14
  72 0034 06A8     		add	r0, sp, #24
  81:/home/pacl/Documents/Repository/chipwhisperer/firmware/mcu/hal/chipwhisperer-fw-extra/stm32f4/stm32f4_hal.c **** 	if (HAL_RCC_OscConfig(&RCC_OscInitStruct) != HAL_OK) {
  73              		.loc 1 81 35 view .LVU15
  74 0036 CDE91043 		strd	r4, r3, [sp, #64]
  75:/home/pacl/Documents/Repository/chipwhisperer/firmware/mcu/hal/chipwhisperer-fw-extra/stm32f4/stm32f4_hal.c **** 	RCC_OscInitStruct.PLL.PLLState   = RCC_PLL_ON;  // we need PLL to use RNG
  75              		.loc 1 75 35 view .LVU16
  76 003a 0995     		str	r5, [sp, #36]
  76:/home/pacl/Documents/Repository/chipwhisperer/firmware/mcu/hal/chipwhisperer-fw-extra/stm32f4/stm32f4_hal.c **** 	RCC_OscInitStruct.PLL.PLLSource  = RCC_PLLSOURCE_HSE;
  77              		.loc 1 76 2 is_stmt 1 view .LVU17
  78:/home/pacl/Documents/Repository/chipwhisperer/firmware/mcu/hal/chipwhisperer-fw-extra/stm32f4/stm32f4_hal.c **** 	RCC_OscInitStruct.PLL.PLLN       = 196;
  78              		.loc 1 78 2 view .LVU18
  80:/home/pacl/Documents/Repository/chipwhisperer/firmware/mcu/hal/chipwhisperer-fw-extra/stm32f4/stm32f4_hal.c **** 	RCC_OscInitStruct.PLL.PLLQ       = 7;  // divisor for RNG, USB and SDIO
  79              		.loc 1 80 2 view .LVU19
  80              		.loc 1 82 2 view .LVU20
  81              		.loc 1 82 6 is_stmt 0 view .LVU21
  82 003c FFF7FEFF 		bl	HAL_RCC_OscConfig
  83              	.LVL0:
  84              		.loc 1 82 5 discriminator 1 view .LVU22
  85 0040 0446     		mov	r4, r0
  86 0042 00B1     		cbz	r0, .L2
  87              	.L3:
  83:/home/pacl/Documents/Repository/chipwhisperer/firmware/mcu/hal/chipwhisperer-fw-extra/stm32f4/stm32f4_hal.c ****         for(;;);
  88              		.loc 1 83 9 is_stmt 1 view .LVU23
  89              		.loc 1 83 9 view .LVU24
  90 0044 FEE7     		b	.L3
  91              	.L2:
  84:/home/pacl/Documents/Repository/chipwhisperer/firmware/mcu/hal/chipwhisperer-fw-extra/stm32f4/stm32f4_hal.c ****     }
  85:/home/pacl/Documents/Repository/chipwhisperer/firmware/mcu/hal/chipwhisperer-fw-extra/stm32f4/stm32f4_hal.c **** 
  86:/home/pacl/Documents/Repository/chipwhisperer/firmware/mcu/hal/chipwhisperer-fw-extra/stm32f4/stm32f4_hal.c **** 	RCC_ClkInitTypeDef RCC_ClkInitStruct;
  92              		.loc 1 86 2 view .LVU25
  87:/home/pacl/Documents/Repository/chipwhisperer/firmware/mcu/hal/chipwhisperer-fw-extra/stm32f4/stm32f4_hal.c **** 	RCC_ClkInitStruct.ClockType      = (RCC_CLOCKTYPE_SYSCLK | RCC_CLOCKTYPE_HCLK | RCC_CLOCKTYPE_PCLK
  93              		.loc 1 87 2 view .LVU26
  88:/home/pacl/Documents/Repository/chipwhisperer/firmware/mcu/hal/chipwhisperer-fw-extra/stm32f4/stm32f4_hal.c **** 	RCC_ClkInitStruct.SYSCLKSource   = RCC_SYSCLKSOURCE_HSE;
  89:/home/pacl/Documents/Repository/chipwhisperer/firmware/mcu/hal/chipwhisperer-fw-extra/stm32f4/stm32f4_hal.c **** 	RCC_ClkInitStruct.AHBCLKDivider  = RCC_SYSCLK_DIV1;
  90:/home/pacl/Documents/Repository/chipwhisperer/firmware/mcu/hal/chipwhisperer-fw-extra/stm32f4/stm32f4_hal.c **** 	RCC_ClkInitStruct.APB1CLKDivider = RCC_HCLK_DIV1;
  91:/home/pacl/Documents/Repository/chipwhisperer/firmware/mcu/hal/chipwhisperer-fw-extra/stm32f4/stm32f4_hal.c **** 	RCC_ClkInitStruct.APB2CLKDivider = RCC_HCLK_DIV1;
  92:/home/pacl/Documents/Repository/chipwhisperer/firmware/mcu/hal/chipwhisperer-fw-extra/stm32f4/stm32f4_hal.c **** 	HAL_RCC_ClockConfig(&RCC_ClkInitStruct, FLASH_ACR_LATENCY_0WS); //wait states not needed for HSE
  94              		.loc 1 92 2 is_stmt 0 view .LVU27
  95 0046 0146     		mov	r1, r0
  90:/home/pacl/Documents/Repository/chipwhisperer/firmware/mcu/hal/chipwhisperer-fw-extra/stm32f4/stm32f4_hal.c **** 	RCC_ClkInitStruct.APB2CLKDivider = RCC_HCLK_DIV1;
  96              		.loc 1 90 35 view .LVU28
  97 0048 CDE90300 		strd	r0, r0, [sp, #12]
  87:/home/pacl/Documents/Repository/chipwhisperer/firmware/mcu/hal/chipwhisperer-fw-extra/stm32f4/stm32f4_hal.c **** 	RCC_ClkInitStruct.ClockType      = (RCC_CLOCKTYPE_SYSCLK | RCC_CLOCKTYPE_HCLK | RCC_CLOCKTYPE_PCLK
  98              		.loc 1 87 35 view .LVU29
  99 004c 0F23     		movs	r3, #15
  91:/home/pacl/Documents/Repository/chipwhisperer/firmware/mcu/hal/chipwhisperer-fw-extra/stm32f4/stm32f4_hal.c **** 	HAL_RCC_ClockConfig(&RCC_ClkInitStruct, FLASH_ACR_LATENCY_0WS); //wait states not needed for HSE
 100              		.loc 1 91 35 view .LVU30
 101 004e 0590     		str	r0, [sp, #20]
 102              		.loc 1 92 2 view .LVU31
 103 0050 01A8     		add	r0, sp, #4
  88:/home/pacl/Documents/Repository/chipwhisperer/firmware/mcu/hal/chipwhisperer-fw-extra/stm32f4/stm32f4_hal.c **** 	RCC_ClkInitStruct.SYSCLKSource   = RCC_SYSCLKSOURCE_HSE;
 104              		.loc 1 88 35 view .LVU32
 105 0052 CDE90135 		strd	r3, r5, [sp, #4]
  89:/home/pacl/Documents/Repository/chipwhisperer/firmware/mcu/hal/chipwhisperer-fw-extra/stm32f4/stm32f4_hal.c **** 	RCC_ClkInitStruct.APB1CLKDivider = RCC_HCLK_DIV1;
 106              		.loc 1 89 2 is_stmt 1 view .LVU33
  91:/home/pacl/Documents/Repository/chipwhisperer/firmware/mcu/hal/chipwhisperer-fw-extra/stm32f4/stm32f4_hal.c **** 	HAL_RCC_ClockConfig(&RCC_ClkInitStruct, FLASH_ACR_LATENCY_0WS); //wait states not needed for HSE
 107              		.loc 1 91 2 view .LVU34
 108              		.loc 1 92 2 view .LVU35
 109 0056 FFF7FEFF 		bl	HAL_RCC_ClockConfig
 110              	.LVL1:
  93:/home/pacl/Documents/Repository/chipwhisperer/firmware/mcu/hal/chipwhisperer-fw-extra/stm32f4/stm32f4_hal.c **** #endif
  94:/home/pacl/Documents/Repository/chipwhisperer/firmware/mcu/hal/chipwhisperer-fw-extra/stm32f4/stm32f4_hal.c **** 
  95:/home/pacl/Documents/Repository/chipwhisperer/firmware/mcu/hal/chipwhisperer-fw-extra/stm32f4/stm32f4_hal.c **** 	// Configure and starts the RNG
  96:/home/pacl/Documents/Repository/chipwhisperer/firmware/mcu/hal/chipwhisperer-fw-extra/stm32f4/stm32f4_hal.c **** 	__HAL_RCC_RNG_CLK_ENABLE();
 111              		.loc 1 96 2 view .LVU36
 112              	.LBB2:
 113              		.loc 1 96 2 view .LVU37
 114 005a 0A4B     		ldr	r3, .L4+4
 115 005c 0094     		str	r4, [sp]
 116              		.loc 1 96 2 view .LVU38
 117 005e 5A6B     		ldr	r2, [r3, #52]
 118              	.LBE2:
  97:/home/pacl/Documents/Repository/chipwhisperer/firmware/mcu/hal/chipwhisperer-fw-extra/stm32f4/stm32f4_hal.c **** 	RngHandle.Instance = RNG;
 119              		.loc 1 97 21 is_stmt 0 view .LVU39
 120 0060 0948     		ldr	r0, .L4+8
 121              	.LBB3:
  96:/home/pacl/Documents/Repository/chipwhisperer/firmware/mcu/hal/chipwhisperer-fw-extra/stm32f4/stm32f4_hal.c **** 	RngHandle.Instance = RNG;
 122              		.loc 1 96 2 view .LVU40
 123 0062 42F04002 		orr	r2, r2, #64
 124 0066 5A63     		str	r2, [r3, #52]
  96:/home/pacl/Documents/Repository/chipwhisperer/firmware/mcu/hal/chipwhisperer-fw-extra/stm32f4/stm32f4_hal.c **** 	RngHandle.Instance = RNG;
 125              		.loc 1 96 2 is_stmt 1 view .LVU41
 126 0068 5B6B     		ldr	r3, [r3, #52]
 127 006a 03F04003 		and	r3, r3, #64
 128 006e 0093     		str	r3, [sp]
  96:/home/pacl/Documents/Repository/chipwhisperer/firmware/mcu/hal/chipwhisperer-fw-extra/stm32f4/stm32f4_hal.c **** 	RngHandle.Instance = RNG;
 129              		.loc 1 96 2 view .LVU42
 130 0070 009B     		ldr	r3, [sp]
 131              	.LBE3:
  96:/home/pacl/Documents/Repository/chipwhisperer/firmware/mcu/hal/chipwhisperer-fw-extra/stm32f4/stm32f4_hal.c **** 	RngHandle.Instance = RNG;
 132              		.loc 1 96 2 view .LVU43
 133              		.loc 1 97 2 view .LVU44
 134              		.loc 1 97 21 is_stmt 0 view .LVU45
 135 0072 064B     		ldr	r3, .L4+12
 136 0074 0360     		str	r3, [r0]
  98:/home/pacl/Documents/Repository/chipwhisperer/firmware/mcu/hal/chipwhisperer-fw-extra/stm32f4/stm32f4_hal.c **** 	RngHandle.State = HAL_RNG_STATE_RESET;
 137              		.loc 1 98 2 is_stmt 1 view .LVU46
 138              		.loc 1 98 18 is_stmt 0 view .LVU47
 139 0076 4471     		strb	r4, [r0, #5]
  99:/home/pacl/Documents/Repository/chipwhisperer/firmware/mcu/hal/chipwhisperer-fw-extra/stm32f4/stm32f4_hal.c **** 	HAL_RNG_Init(&RngHandle);
 140              		.loc 1 99 2 is_stmt 1 view .LVU48
 141 0078 FFF7FEFF 		bl	HAL_RNG_Init
 142              	.LVL2:
 100:/home/pacl/Documents/Repository/chipwhisperer/firmware/mcu/hal/chipwhisperer-fw-extra/stm32f4/stm32f4_hal.c **** 
 101:/home/pacl/Documents/Repository/chipwhisperer/firmware/mcu/hal/chipwhisperer-fw-extra/stm32f4/stm32f4_hal.c **** }
 143              		.loc 1 101 1 is_stmt 0 view .LVU49
 144 007c 13B0     		add	sp, sp, #76
 145              	.LCFI2:
 146              		.cfi_def_cfa_offset 12
 147              		@ sp needed
 148 007e 30BD     		pop	{r4, r5, pc}
 149              	.L5:
 150              		.align	2
 151              	.L4:
 152 0080 00ED00E0 		.word	-536810240
 153 0084 00380240 		.word	1073887232
 154 0088 00000000 		.word	.LANCHOR0
 155 008c 00080650 		.word	1342572544
 156              		.cfi_endproc
 157              	.LFE126:
 159              		.section	.text.init_uart,"ax",%progbits
 160              		.align	1
 161              		.global	init_uart
 162              		.syntax unified
 163              		.thumb
 164              		.thumb_func
 166              	init_uart:
 167              	.LFB127:
 102:/home/pacl/Documents/Repository/chipwhisperer/firmware/mcu/hal/chipwhisperer-fw-extra/stm32f4/stm32f4_hal.c **** 
 103:/home/pacl/Documents/Repository/chipwhisperer/firmware/mcu/hal/chipwhisperer-fw-extra/stm32f4/stm32f4_hal.c **** void init_uart(void)
 104:/home/pacl/Documents/Repository/chipwhisperer/firmware/mcu/hal/chipwhisperer-fw-extra/stm32f4/stm32f4_hal.c **** {
 168              		.loc 1 104 1 is_stmt 1 view -0
 169              		.cfi_startproc
 170              		@ args = 0, pretend = 0, frame = 32
 171              		@ frame_needed = 0, uses_anonymous_args = 0
 105:/home/pacl/Documents/Repository/chipwhisperer/firmware/mcu/hal/chipwhisperer-fw-extra/stm32f4/stm32f4_hal.c **** 	GPIO_InitTypeDef GpioInit;
 172              		.loc 1 105 2 view .LVU51
 106:/home/pacl/Documents/Repository/chipwhisperer/firmware/mcu/hal/chipwhisperer-fw-extra/stm32f4/stm32f4_hal.c **** 	GpioInit.Pin       = GPIO_PIN_9 | GPIO_PIN_10;
 173              		.loc 1 106 2 view .LVU52
 104:/home/pacl/Documents/Repository/chipwhisperer/firmware/mcu/hal/chipwhisperer-fw-extra/stm32f4/stm32f4_hal.c **** 	GPIO_InitTypeDef GpioInit;
 174              		.loc 1 104 1 is_stmt 0 view .LVU53
 175 0000 30B5     		push	{r4, r5, lr}
 176              	.LCFI3:
 177              		.cfi_def_cfa_offset 12
 178              		.cfi_offset 4, -12
 179              		.cfi_offset 5, -8
 180              		.cfi_offset 14, -4
 107:/home/pacl/Documents/Repository/chipwhisperer/firmware/mcu/hal/chipwhisperer-fw-extra/stm32f4/stm32f4_hal.c **** 	GpioInit.Mode      = GPIO_MODE_AF_PP;
 181              		.loc 1 107 21 view .LVU54
 182 0002 0223     		movs	r3, #2
 104:/home/pacl/Documents/Repository/chipwhisperer/firmware/mcu/hal/chipwhisperer-fw-extra/stm32f4/stm32f4_hal.c **** 	GPIO_InitTypeDef GpioInit;
 183              		.loc 1 104 1 view .LVU55
 184 0004 89B0     		sub	sp, sp, #36
 185              	.LCFI4:
 186              		.cfi_def_cfa_offset 48
 187              		.loc 1 107 21 view .LVU56
 188 0006 4FF4C062 		mov	r2, #1536
 189 000a CDE90323 		strd	r2, r3, [sp, #12]
 108:/home/pacl/Documents/Repository/chipwhisperer/firmware/mcu/hal/chipwhisperer-fw-extra/stm32f4/stm32f4_hal.c **** 	GpioInit.Pull      = GPIO_PULLUP;
 190              		.loc 1 108 2 is_stmt 1 view .LVU57
 191              		.loc 1 108 21 is_stmt 0 view .LVU58
 192 000e 0122     		movs	r2, #1
 109:/home/pacl/Documents/Repository/chipwhisperer/firmware/mcu/hal/chipwhisperer-fw-extra/stm32f4/stm32f4_hal.c **** 	GpioInit.Speed     = GPIO_SPEED_FREQ_HIGH;
 193              		.loc 1 109 21 view .LVU59
 194 0010 CDE90523 		strd	r2, r3, [sp, #20]
 110:/home/pacl/Documents/Repository/chipwhisperer/firmware/mcu/hal/chipwhisperer-fw-extra/stm32f4/stm32f4_hal.c **** 	GpioInit.Alternate = GPIO_AF7_USART1;
 195              		.loc 1 110 2 is_stmt 1 view .LVU60
 196              	.LBB4:
 111:/home/pacl/Documents/Repository/chipwhisperer/firmware/mcu/hal/chipwhisperer-fw-extra/stm32f4/stm32f4_hal.c **** 	__GPIOA_CLK_ENABLE();
 197              		.loc 1 111 2 is_stmt 0 view .LVU61
 198 0014 154C     		ldr	r4, .L7
 199              	.LBE4:
 112:/home/pacl/Documents/Repository/chipwhisperer/firmware/mcu/hal/chipwhisperer-fw-extra/stm32f4/stm32f4_hal.c **** 	HAL_GPIO_Init(GPIOA, &GpioInit);
 200              		.loc 1 112 2 view .LVU62
 201 0016 1648     		ldr	r0, .L7+4
 202              	.LBB5:
 111:/home/pacl/Documents/Repository/chipwhisperer/firmware/mcu/hal/chipwhisperer-fw-extra/stm32f4/stm32f4_hal.c **** 	__GPIOA_CLK_ENABLE();
 203              		.loc 1 111 2 view .LVU63
 204 0018 0025     		movs	r5, #0
 205              	.LBE5:
 110:/home/pacl/Documents/Repository/chipwhisperer/firmware/mcu/hal/chipwhisperer-fw-extra/stm32f4/stm32f4_hal.c **** 	GpioInit.Alternate = GPIO_AF7_USART1;
 206              		.loc 1 110 21 view .LVU64
 207 001a 0723     		movs	r3, #7
 208              	.LBB6:
 111:/home/pacl/Documents/Repository/chipwhisperer/firmware/mcu/hal/chipwhisperer-fw-extra/stm32f4/stm32f4_hal.c **** 	__GPIOA_CLK_ENABLE();
 209              		.loc 1 111 2 view .LVU65
 210 001c 0195     		str	r5, [sp, #4]
 211              	.LBE6:
 110:/home/pacl/Documents/Repository/chipwhisperer/firmware/mcu/hal/chipwhisperer-fw-extra/stm32f4/stm32f4_hal.c **** 	GpioInit.Alternate = GPIO_AF7_USART1;
 212              		.loc 1 110 21 view .LVU66
 213 001e 0793     		str	r3, [sp, #28]
 111:/home/pacl/Documents/Repository/chipwhisperer/firmware/mcu/hal/chipwhisperer-fw-extra/stm32f4/stm32f4_hal.c **** 	__GPIOA_CLK_ENABLE();
 214              		.loc 1 111 2 is_stmt 1 view .LVU67
 215              	.LBB7:
 111:/home/pacl/Documents/Repository/chipwhisperer/firmware/mcu/hal/chipwhisperer-fw-extra/stm32f4/stm32f4_hal.c **** 	__GPIOA_CLK_ENABLE();
 216              		.loc 1 111 2 view .LVU68
 111:/home/pacl/Documents/Repository/chipwhisperer/firmware/mcu/hal/chipwhisperer-fw-extra/stm32f4/stm32f4_hal.c **** 	__GPIOA_CLK_ENABLE();
 217              		.loc 1 111 2 view .LVU69
 218 0020 236B     		ldr	r3, [r4, #48]
 219 0022 1343     		orrs	r3, r3, r2
 220 0024 2363     		str	r3, [r4, #48]
 111:/home/pacl/Documents/Repository/chipwhisperer/firmware/mcu/hal/chipwhisperer-fw-extra/stm32f4/stm32f4_hal.c **** 	__GPIOA_CLK_ENABLE();
 221              		.loc 1 111 2 view .LVU70
 222 0026 236B     		ldr	r3, [r4, #48]
 223 0028 1340     		ands	r3, r3, r2
 224 002a 0193     		str	r3, [sp, #4]
 111:/home/pacl/Documents/Repository/chipwhisperer/firmware/mcu/hal/chipwhisperer-fw-extra/stm32f4/stm32f4_hal.c **** 	__GPIOA_CLK_ENABLE();
 225              		.loc 1 111 2 view .LVU71
 226              	.LBE7:
 227              		.loc 1 112 2 is_stmt 0 view .LVU72
 228 002c 03A9     		add	r1, sp, #12
 229              	.LBB8:
 111:/home/pacl/Documents/Repository/chipwhisperer/firmware/mcu/hal/chipwhisperer-fw-extra/stm32f4/stm32f4_hal.c **** 	__GPIOA_CLK_ENABLE();
 230              		.loc 1 111 2 view .LVU73
 231 002e 019B     		ldr	r3, [sp, #4]
 232              	.LBE8:
 111:/home/pacl/Documents/Repository/chipwhisperer/firmware/mcu/hal/chipwhisperer-fw-extra/stm32f4/stm32f4_hal.c **** 	__GPIOA_CLK_ENABLE();
 233              		.loc 1 111 2 is_stmt 1 view .LVU74
 234              		.loc 1 112 2 view .LVU75
 235 0030 FFF7FEFF 		bl	HAL_GPIO_Init
 236              	.LVL3:
 113:/home/pacl/Documents/Repository/chipwhisperer/firmware/mcu/hal/chipwhisperer-fw-extra/stm32f4/stm32f4_hal.c **** 
 114:/home/pacl/Documents/Repository/chipwhisperer/firmware/mcu/hal/chipwhisperer-fw-extra/stm32f4/stm32f4_hal.c **** 	UartHandle.Instance        = USART1;
 237              		.loc 1 114 2 view .LVU76
 238              		.loc 1 114 29 is_stmt 0 view .LVU77
 239 0034 0F48     		ldr	r0, .L7+8
 115:/home/pacl/Documents/Repository/chipwhisperer/firmware/mcu/hal/chipwhisperer-fw-extra/stm32f4/stm32f4_hal.c ****   #if SS_VER==SS_VER_2_1
 116:/home/pacl/Documents/Repository/chipwhisperer/firmware/mcu/hal/chipwhisperer-fw-extra/stm32f4/stm32f4_hal.c ****   UartHandle.Init.BaudRate   = 230400;
 117:/home/pacl/Documents/Repository/chipwhisperer/firmware/mcu/hal/chipwhisperer-fw-extra/stm32f4/stm32f4_hal.c ****   #else
 118:/home/pacl/Documents/Repository/chipwhisperer/firmware/mcu/hal/chipwhisperer-fw-extra/stm32f4/stm32f4_hal.c ****   UartHandle.Init.BaudRate   = 38400;
 240              		.loc 1 118 30 view .LVU78
 241 0036 1049     		ldr	r1, .L7+12
 242              	.LBB9:
 119:/home/pacl/Documents/Repository/chipwhisperer/firmware/mcu/hal/chipwhisperer-fw-extra/stm32f4/stm32f4_hal.c ****   #endif
 120:/home/pacl/Documents/Repository/chipwhisperer/firmware/mcu/hal/chipwhisperer-fw-extra/stm32f4/stm32f4_hal.c **** 	UartHandle.Init.WordLength = UART_WORDLENGTH_8B;
 121:/home/pacl/Documents/Repository/chipwhisperer/firmware/mcu/hal/chipwhisperer-fw-extra/stm32f4/stm32f4_hal.c **** 	UartHandle.Init.StopBits   = UART_STOPBITS_1;
 122:/home/pacl/Documents/Repository/chipwhisperer/firmware/mcu/hal/chipwhisperer-fw-extra/stm32f4/stm32f4_hal.c **** 	UartHandle.Init.Parity     = UART_PARITY_NONE;
 123:/home/pacl/Documents/Repository/chipwhisperer/firmware/mcu/hal/chipwhisperer-fw-extra/stm32f4/stm32f4_hal.c **** 	UartHandle.Init.HwFlowCtl  = UART_HWCONTROL_NONE;
 124:/home/pacl/Documents/Repository/chipwhisperer/firmware/mcu/hal/chipwhisperer-fw-extra/stm32f4/stm32f4_hal.c **** 	UartHandle.Init.Mode       = UART_MODE_TX_RX;
 125:/home/pacl/Documents/Repository/chipwhisperer/firmware/mcu/hal/chipwhisperer-fw-extra/stm32f4/stm32f4_hal.c **** 	__USART1_CLK_ENABLE();
 243              		.loc 1 125 2 view .LVU79
 244 0038 0295     		str	r5, [sp, #8]
 245              	.LBE9:
 118:/home/pacl/Documents/Repository/chipwhisperer/firmware/mcu/hal/chipwhisperer-fw-extra/stm32f4/stm32f4_hal.c ****   #endif
 246              		.loc 1 118 30 view .LVU80
 247 003a 4FF41643 		mov	r3, #38400
 248 003e C0E90313 		strd	r1, r3, [r0, #12]
 120:/home/pacl/Documents/Repository/chipwhisperer/firmware/mcu/hal/chipwhisperer-fw-extra/stm32f4/stm32f4_hal.c **** 	UartHandle.Init.StopBits   = UART_STOPBITS_1;
 249              		.loc 1 120 2 is_stmt 1 view .LVU81
 121:/home/pacl/Documents/Repository/chipwhisperer/firmware/mcu/hal/chipwhisperer-fw-extra/stm32f4/stm32f4_hal.c **** 	UartHandle.Init.Parity     = UART_PARITY_NONE;
 250              		.loc 1 121 29 is_stmt 0 view .LVU82
 251 0042 C0E90555 		strd	r5, r5, [r0, #20]
 122:/home/pacl/Documents/Repository/chipwhisperer/firmware/mcu/hal/chipwhisperer-fw-extra/stm32f4/stm32f4_hal.c **** 	UartHandle.Init.HwFlowCtl  = UART_HWCONTROL_NONE;
 252              		.loc 1 122 2 is_stmt 1 view .LVU83
 124:/home/pacl/Documents/Repository/chipwhisperer/firmware/mcu/hal/chipwhisperer-fw-extra/stm32f4/stm32f4_hal.c **** 	__USART1_CLK_ENABLE();
 253              		.loc 1 124 29 is_stmt 0 view .LVU84
 254 0046 0C23     		movs	r3, #12
 122:/home/pacl/Documents/Repository/chipwhisperer/firmware/mcu/hal/chipwhisperer-fw-extra/stm32f4/stm32f4_hal.c **** 	UartHandle.Init.HwFlowCtl  = UART_HWCONTROL_NONE;
 255              		.loc 1 122 29 view .LVU85
 256 0048 C561     		str	r5, [r0, #28]
 123:/home/pacl/Documents/Repository/chipwhisperer/firmware/mcu/hal/chipwhisperer-fw-extra/stm32f4/stm32f4_hal.c **** 	UartHandle.Init.Mode       = UART_MODE_TX_RX;
 257              		.loc 1 123 2 is_stmt 1 view .LVU86
 123:/home/pacl/Documents/Repository/chipwhisperer/firmware/mcu/hal/chipwhisperer-fw-extra/stm32f4/stm32f4_hal.c **** 	UartHandle.Init.Mode       = UART_MODE_TX_RX;
 258              		.loc 1 123 29 is_stmt 0 view .LVU87
 259 004a 4562     		str	r5, [r0, #36]
 124:/home/pacl/Documents/Repository/chipwhisperer/firmware/mcu/hal/chipwhisperer-fw-extra/stm32f4/stm32f4_hal.c **** 	__USART1_CLK_ENABLE();
 260              		.loc 1 124 2 is_stmt 1 view .LVU88
 124:/home/pacl/Documents/Repository/chipwhisperer/firmware/mcu/hal/chipwhisperer-fw-extra/stm32f4/stm32f4_hal.c **** 	__USART1_CLK_ENABLE();
 261              		.loc 1 124 29 is_stmt 0 view .LVU89
 262 004c 0362     		str	r3, [r0, #32]
 263              		.loc 1 125 2 is_stmt 1 view .LVU90
 264              	.LBB10:
 265              		.loc 1 125 2 view .LVU91
 266              		.loc 1 125 2 view .LVU92
 267 004e 636C     		ldr	r3, [r4, #68]
 268 0050 43F01003 		orr	r3, r3, #16
 269 0054 6364     		str	r3, [r4, #68]
 270              		.loc 1 125 2 view .LVU93
 271 0056 636C     		ldr	r3, [r4, #68]
 272 0058 03F01003 		and	r3, r3, #16
 273 005c 0293     		str	r3, [sp, #8]
 274              		.loc 1 125 2 view .LVU94
 275              	.LBE10:
 126:/home/pacl/Documents/Repository/chipwhisperer/firmware/mcu/hal/chipwhisperer-fw-extra/stm32f4/stm32f4_hal.c **** 	HAL_UART_Init(&UartHandle);
 276              		.loc 1 126 2 is_stmt 0 view .LVU95
 277 005e 0C30     		adds	r0, r0, #12
 278              	.LBB11:
 125:/home/pacl/Documents/Repository/chipwhisperer/firmware/mcu/hal/chipwhisperer-fw-extra/stm32f4/stm32f4_hal.c **** 	HAL_UART_Init(&UartHandle);
 279              		.loc 1 125 2 view .LVU96
 280 0060 029B     		ldr	r3, [sp, #8]
 281              	.LBE11:
 125:/home/pacl/Documents/Repository/chipwhisperer/firmware/mcu/hal/chipwhisperer-fw-extra/stm32f4/stm32f4_hal.c **** 	HAL_UART_Init(&UartHandle);
 282              		.loc 1 125 2 is_stmt 1 view .LVU97
 283              		.loc 1 126 2 view .LVU98
 284 0062 FFF7FEFF 		bl	HAL_UART_Init
 285              	.LVL4:
 127:/home/pacl/Documents/Repository/chipwhisperer/firmware/mcu/hal/chipwhisperer-fw-extra/stm32f4/stm32f4_hal.c **** }
 286              		.loc 1 127 1 is_stmt 0 view .LVU99
 287 0066 09B0     		add	sp, sp, #36
 288              	.LCFI5:
 289              		.cfi_def_cfa_offset 12
 290              		@ sp needed
 291 0068 30BD     		pop	{r4, r5, pc}
 292              	.L8:
 293 006a 00BF     		.align	2
 294              	.L7:
 295 006c 00380240 		.word	1073887232
 296 0070 00000240 		.word	1073872896
 297 0074 00000000 		.word	.LANCHOR0
 298 0078 00100140 		.word	1073811456
 299              		.cfi_endproc
 300              	.LFE127:
 302              		.section	.text.trigger_setup,"ax",%progbits
 303              		.align	1
 304              		.global	trigger_setup
 305              		.syntax unified
 306              		.thumb
 307              		.thumb_func
 309              	trigger_setup:
 310              	.LFB128:
 128:/home/pacl/Documents/Repository/chipwhisperer/firmware/mcu/hal/chipwhisperer-fw-extra/stm32f4/stm32f4_hal.c **** 
 129:/home/pacl/Documents/Repository/chipwhisperer/firmware/mcu/hal/chipwhisperer-fw-extra/stm32f4/stm32f4_hal.c **** //#define STM32F4_WLCSP
 130:/home/pacl/Documents/Repository/chipwhisperer/firmware/mcu/hal/chipwhisperer-fw-extra/stm32f4/stm32f4_hal.c **** 
 131:/home/pacl/Documents/Repository/chipwhisperer/firmware/mcu/hal/chipwhisperer-fw-extra/stm32f4/stm32f4_hal.c **** void trigger_setup(void)
 132:/home/pacl/Documents/Repository/chipwhisperer/firmware/mcu/hal/chipwhisperer-fw-extra/stm32f4/stm32f4_hal.c **** {
 311              		.loc 1 132 1 is_stmt 1 view -0
 312              		.cfi_startproc
 313              		@ args = 0, pretend = 0, frame = 24
 314              		@ frame_needed = 0, uses_anonymous_args = 0
 133:/home/pacl/Documents/Repository/chipwhisperer/firmware/mcu/hal/chipwhisperer-fw-extra/stm32f4/stm32f4_hal.c **** 	__GPIOA_CLK_ENABLE();
 315              		.loc 1 133 2 view .LVU101
 316              	.LBB12:
 317              		.loc 1 133 2 view .LVU102
 318              	.LBE12:
 132:/home/pacl/Documents/Repository/chipwhisperer/firmware/mcu/hal/chipwhisperer-fw-extra/stm32f4/stm32f4_hal.c **** 	__GPIOA_CLK_ENABLE();
 319              		.loc 1 132 1 is_stmt 0 view .LVU103
 320 0000 7FB5     		push	{r0, r1, r2, r3, r4, r5, r6, lr}
 321              	.LCFI6:
 322              		.cfi_def_cfa_offset 32
 323              		.cfi_offset 14, -4
 324              	.LBB13:
 325              		.loc 1 133 2 view .LVU104
 326 0002 0D4B     		ldr	r3, .L10
 327              	.LBE13:
 134:/home/pacl/Documents/Repository/chipwhisperer/firmware/mcu/hal/chipwhisperer-fw-extra/stm32f4/stm32f4_hal.c **** #ifdef STM32F4_WLCSP
 135:/home/pacl/Documents/Repository/chipwhisperer/firmware/mcu/hal/chipwhisperer-fw-extra/stm32f4/stm32f4_hal.c ****  	GPIO_InitTypeDef GpioInit;
 136:/home/pacl/Documents/Repository/chipwhisperer/firmware/mcu/hal/chipwhisperer-fw-extra/stm32f4/stm32f4_hal.c **** 	GpioInit.Pin       = GPIO_PIN_4;
 137:/home/pacl/Documents/Repository/chipwhisperer/firmware/mcu/hal/chipwhisperer-fw-extra/stm32f4/stm32f4_hal.c **** 	GpioInit.Mode      = GPIO_MODE_OUTPUT_PP;
 138:/home/pacl/Documents/Repository/chipwhisperer/firmware/mcu/hal/chipwhisperer-fw-extra/stm32f4/stm32f4_hal.c **** 	GpioInit.Pull      = GPIO_NOPULL;
 139:/home/pacl/Documents/Repository/chipwhisperer/firmware/mcu/hal/chipwhisperer-fw-extra/stm32f4/stm32f4_hal.c **** 	GpioInit.Speed     = GPIO_SPEED_FREQ_HIGH;
 140:/home/pacl/Documents/Repository/chipwhisperer/firmware/mcu/hal/chipwhisperer-fw-extra/stm32f4/stm32f4_hal.c ****     __GPIOD_CLK_ENABLE();
 141:/home/pacl/Documents/Repository/chipwhisperer/firmware/mcu/hal/chipwhisperer-fw-extra/stm32f4/stm32f4_hal.c ****     HAL_GPIO_Init(GPIOD, &GpioInit);
 142:/home/pacl/Documents/Repository/chipwhisperer/firmware/mcu/hal/chipwhisperer-fw-extra/stm32f4/stm32f4_hal.c **** #else
 143:/home/pacl/Documents/Repository/chipwhisperer/firmware/mcu/hal/chipwhisperer-fw-extra/stm32f4/stm32f4_hal.c **** 	GPIO_InitTypeDef GpioInit;
 144:/home/pacl/Documents/Repository/chipwhisperer/firmware/mcu/hal/chipwhisperer-fw-extra/stm32f4/stm32f4_hal.c **** 	GpioInit.Pin       = GPIO_PIN_12;
 145:/home/pacl/Documents/Repository/chipwhisperer/firmware/mcu/hal/chipwhisperer-fw-extra/stm32f4/stm32f4_hal.c **** 	GpioInit.Mode      = GPIO_MODE_OUTPUT_PP;
 146:/home/pacl/Documents/Repository/chipwhisperer/firmware/mcu/hal/chipwhisperer-fw-extra/stm32f4/stm32f4_hal.c **** 	GpioInit.Pull      = GPIO_NOPULL;
 147:/home/pacl/Documents/Repository/chipwhisperer/firmware/mcu/hal/chipwhisperer-fw-extra/stm32f4/stm32f4_hal.c **** 	GpioInit.Speed     = GPIO_SPEED_FREQ_HIGH;
 148:/home/pacl/Documents/Repository/chipwhisperer/firmware/mcu/hal/chipwhisperer-fw-extra/stm32f4/stm32f4_hal.c **** 	HAL_GPIO_Init(GPIOA, &GpioInit);
 328              		.loc 1 148 2 view .LVU105
 329 0004 0D48     		ldr	r0, .L10+4
 330              	.LBB14:
 133:/home/pacl/Documents/Repository/chipwhisperer/firmware/mcu/hal/chipwhisperer-fw-extra/stm32f4/stm32f4_hal.c **** #ifdef STM32F4_WLCSP
 331              		.loc 1 133 2 view .LVU106
 332 0006 0021     		movs	r1, #0
 333 0008 0091     		str	r1, [sp]
 133:/home/pacl/Documents/Repository/chipwhisperer/firmware/mcu/hal/chipwhisperer-fw-extra/stm32f4/stm32f4_hal.c **** #ifdef STM32F4_WLCSP
 334              		.loc 1 133 2 is_stmt 1 view .LVU107
 335 000a 1A6B     		ldr	r2, [r3, #48]
 336 000c 42F00102 		orr	r2, r2, #1
 337 0010 1A63     		str	r2, [r3, #48]
 133:/home/pacl/Documents/Repository/chipwhisperer/firmware/mcu/hal/chipwhisperer-fw-extra/stm32f4/stm32f4_hal.c **** #ifdef STM32F4_WLCSP
 338              		.loc 1 133 2 view .LVU108
 339 0012 1B6B     		ldr	r3, [r3, #48]
 340              	.LBE14:
 146:/home/pacl/Documents/Repository/chipwhisperer/firmware/mcu/hal/chipwhisperer-fw-extra/stm32f4/stm32f4_hal.c **** 	GpioInit.Speed     = GPIO_SPEED_FREQ_HIGH;
 341              		.loc 1 146 21 is_stmt 0 view .LVU109
 342 0014 0391     		str	r1, [sp, #12]
 343              	.LBB15:
 133:/home/pacl/Documents/Repository/chipwhisperer/firmware/mcu/hal/chipwhisperer-fw-extra/stm32f4/stm32f4_hal.c **** #ifdef STM32F4_WLCSP
 344              		.loc 1 133 2 view .LVU110
 345 0016 03F00103 		and	r3, r3, #1
 346 001a 0093     		str	r3, [sp]
 133:/home/pacl/Documents/Repository/chipwhisperer/firmware/mcu/hal/chipwhisperer-fw-extra/stm32f4/stm32f4_hal.c **** #ifdef STM32F4_WLCSP
 347              		.loc 1 133 2 is_stmt 1 view .LVU111
 348 001c 009B     		ldr	r3, [sp]
 349              	.LBE15:
 133:/home/pacl/Documents/Repository/chipwhisperer/firmware/mcu/hal/chipwhisperer-fw-extra/stm32f4/stm32f4_hal.c **** #ifdef STM32F4_WLCSP
 350              		.loc 1 133 2 view .LVU112
 143:/home/pacl/Documents/Repository/chipwhisperer/firmware/mcu/hal/chipwhisperer-fw-extra/stm32f4/stm32f4_hal.c **** 	GpioInit.Pin       = GPIO_PIN_12;
 351              		.loc 1 143 2 view .LVU113
 144:/home/pacl/Documents/Repository/chipwhisperer/firmware/mcu/hal/chipwhisperer-fw-extra/stm32f4/stm32f4_hal.c **** 	GpioInit.Mode      = GPIO_MODE_OUTPUT_PP;
 352              		.loc 1 144 2 view .LVU114
 145:/home/pacl/Documents/Repository/chipwhisperer/firmware/mcu/hal/chipwhisperer-fw-extra/stm32f4/stm32f4_hal.c **** 	GpioInit.Pull      = GPIO_NOPULL;
 353              		.loc 1 145 21 is_stmt 0 view .LVU115
 354 001e 4FF48052 		mov	r2, #4096
 355 0022 0123     		movs	r3, #1
 356 0024 CDE90123 		strd	r2, r3, [sp, #4]
 146:/home/pacl/Documents/Repository/chipwhisperer/firmware/mcu/hal/chipwhisperer-fw-extra/stm32f4/stm32f4_hal.c **** 	GpioInit.Speed     = GPIO_SPEED_FREQ_HIGH;
 357              		.loc 1 146 2 is_stmt 1 view .LVU116
 147:/home/pacl/Documents/Repository/chipwhisperer/firmware/mcu/hal/chipwhisperer-fw-extra/stm32f4/stm32f4_hal.c **** 	HAL_GPIO_Init(GPIOA, &GpioInit);
 358              		.loc 1 147 2 view .LVU117
 359              		.loc 1 148 2 is_stmt 0 view .LVU118
 360 0028 01A9     		add	r1, sp, #4
 147:/home/pacl/Documents/Repository/chipwhisperer/firmware/mcu/hal/chipwhisperer-fw-extra/stm32f4/stm32f4_hal.c **** 	HAL_GPIO_Init(GPIOA, &GpioInit);
 361              		.loc 1 147 21 view .LVU119
 362 002a 0223     		movs	r3, #2
 363 002c 0493     		str	r3, [sp, #16]
 364              		.loc 1 148 2 is_stmt 1 view .LVU120
 365 002e FFF7FEFF 		bl	HAL_GPIO_Init
 366              	.LVL5:
 149:/home/pacl/Documents/Repository/chipwhisperer/firmware/mcu/hal/chipwhisperer-fw-extra/stm32f4/stm32f4_hal.c **** #endif
 150:/home/pacl/Documents/Repository/chipwhisperer/firmware/mcu/hal/chipwhisperer-fw-extra/stm32f4/stm32f4_hal.c **** }
 367              		.loc 1 150 1 is_stmt 0 view .LVU121
 368 0032 07B0     		add	sp, sp, #28
 369              	.LCFI7:
 370              		.cfi_def_cfa_offset 4
 371              		@ sp needed
 372 0034 5DF804FB 		ldr	pc, [sp], #4
 373              	.L11:
 374              		.align	2
 375              	.L10:
 376 0038 00380240 		.word	1073887232
 377 003c 00000240 		.word	1073872896
 378              		.cfi_endproc
 379              	.LFE128:
 381              		.section	.text.trigger_high,"ax",%progbits
 382              		.align	1
 383              		.global	trigger_high
 384              		.syntax unified
 385              		.thumb
 386              		.thumb_func
 388              	trigger_high:
 389              	.LFB129:
 151:/home/pacl/Documents/Repository/chipwhisperer/firmware/mcu/hal/chipwhisperer-fw-extra/stm32f4/stm32f4_hal.c **** void trigger_high(void)
 152:/home/pacl/Documents/Repository/chipwhisperer/firmware/mcu/hal/chipwhisperer-fw-extra/stm32f4/stm32f4_hal.c **** {
 390              		.loc 1 152 1 is_stmt 1 view -0
 391              		.cfi_startproc
 392              		@ args = 0, pretend = 0, frame = 0
 393              		@ frame_needed = 0, uses_anonymous_args = 0
 394              		@ link register save eliminated.
 153:/home/pacl/Documents/Repository/chipwhisperer/firmware/mcu/hal/chipwhisperer-fw-extra/stm32f4/stm32f4_hal.c **** #ifdef STM32F4_WLCSP
 154:/home/pacl/Documents/Repository/chipwhisperer/firmware/mcu/hal/chipwhisperer-fw-extra/stm32f4/stm32f4_hal.c ****     HAL_GPIO_WritePin(GPIOD, GPIO_PIN_4, SET);
 155:/home/pacl/Documents/Repository/chipwhisperer/firmware/mcu/hal/chipwhisperer-fw-extra/stm32f4/stm32f4_hal.c **** #else
 156:/home/pacl/Documents/Repository/chipwhisperer/firmware/mcu/hal/chipwhisperer-fw-extra/stm32f4/stm32f4_hal.c **** 	HAL_GPIO_WritePin(GPIOA, GPIO_PIN_12, SET);
 395              		.loc 1 156 2 view .LVU123
 396 0000 0248     		ldr	r0, .L13
 397 0002 0122     		movs	r2, #1
 398 0004 4FF48051 		mov	r1, #4096
 399 0008 FFF7FEBF 		b	HAL_GPIO_WritePin
 400              	.LVL6:
 401              	.L14:
 402              		.align	2
 403              	.L13:
 404 000c 00000240 		.word	1073872896
 405              		.cfi_endproc
 406              	.LFE129:
 408              		.section	.text.trigger_low,"ax",%progbits
 409              		.align	1
 410              		.global	trigger_low
 411              		.syntax unified
 412              		.thumb
 413              		.thumb_func
 415              	trigger_low:
 416              	.LFB130:
 157:/home/pacl/Documents/Repository/chipwhisperer/firmware/mcu/hal/chipwhisperer-fw-extra/stm32f4/stm32f4_hal.c **** #endif
 158:/home/pacl/Documents/Repository/chipwhisperer/firmware/mcu/hal/chipwhisperer-fw-extra/stm32f4/stm32f4_hal.c **** }
 159:/home/pacl/Documents/Repository/chipwhisperer/firmware/mcu/hal/chipwhisperer-fw-extra/stm32f4/stm32f4_hal.c **** 
 160:/home/pacl/Documents/Repository/chipwhisperer/firmware/mcu/hal/chipwhisperer-fw-extra/stm32f4/stm32f4_hal.c **** void trigger_low(void)
 161:/home/pacl/Documents/Repository/chipwhisperer/firmware/mcu/hal/chipwhisperer-fw-extra/stm32f4/stm32f4_hal.c **** {
 417              		.loc 1 161 1 view -0
 418              		.cfi_startproc
 419              		@ args = 0, pretend = 0, frame = 0
 420              		@ frame_needed = 0, uses_anonymous_args = 0
 421              		@ link register save eliminated.
 162:/home/pacl/Documents/Repository/chipwhisperer/firmware/mcu/hal/chipwhisperer-fw-extra/stm32f4/stm32f4_hal.c **** #ifdef STM32F4_WLCSP
 163:/home/pacl/Documents/Repository/chipwhisperer/firmware/mcu/hal/chipwhisperer-fw-extra/stm32f4/stm32f4_hal.c ****     HAL_GPIO_WritePin(GPIOD, GPIO_PIN_4, RESET);
 164:/home/pacl/Documents/Repository/chipwhisperer/firmware/mcu/hal/chipwhisperer-fw-extra/stm32f4/stm32f4_hal.c **** #else
 165:/home/pacl/Documents/Repository/chipwhisperer/firmware/mcu/hal/chipwhisperer-fw-extra/stm32f4/stm32f4_hal.c **** 	HAL_GPIO_WritePin(GPIOA, GPIO_PIN_12, RESET);
 422              		.loc 1 165 2 view .LVU125
 423 0000 0248     		ldr	r0, .L16
 424 0002 0022     		movs	r2, #0
 425 0004 4FF48051 		mov	r1, #4096
 426 0008 FFF7FEBF 		b	HAL_GPIO_WritePin
 427              	.LVL7:
 428              	.L17:
 429              		.align	2
 430              	.L16:
 431 000c 00000240 		.word	1073872896
 432              		.cfi_endproc
 433              	.LFE130:
 435              		.section	.text.getch,"ax",%progbits
 436              		.align	1
 437              		.global	getch
 438              		.syntax unified
 439              		.thumb
 440              		.thumb_func
 442              	getch:
 443              	.LFB131:
 166:/home/pacl/Documents/Repository/chipwhisperer/firmware/mcu/hal/chipwhisperer-fw-extra/stm32f4/stm32f4_hal.c **** #endif
 167:/home/pacl/Documents/Repository/chipwhisperer/firmware/mcu/hal/chipwhisperer-fw-extra/stm32f4/stm32f4_hal.c **** }
 168:/home/pacl/Documents/Repository/chipwhisperer/firmware/mcu/hal/chipwhisperer-fw-extra/stm32f4/stm32f4_hal.c **** char getch(void)
 169:/home/pacl/Documents/Repository/chipwhisperer/firmware/mcu/hal/chipwhisperer-fw-extra/stm32f4/stm32f4_hal.c **** {
 444              		.loc 1 169 1 view -0
 445              		.cfi_startproc
 446              		@ args = 0, pretend = 0, frame = 8
 447              		@ frame_needed = 0, uses_anonymous_args = 0
 170:/home/pacl/Documents/Repository/chipwhisperer/firmware/mcu/hal/chipwhisperer-fw-extra/stm32f4/stm32f4_hal.c **** 	uint8_t d;
 448              		.loc 1 170 2 view .LVU127
 171:/home/pacl/Documents/Repository/chipwhisperer/firmware/mcu/hal/chipwhisperer-fw-extra/stm32f4/stm32f4_hal.c **** 	while (HAL_UART_Receive(&UartHandle, &d, 1, 5000) != HAL_OK);
 449              		.loc 1 171 2 view .LVU128
 169:/home/pacl/Documents/Repository/chipwhisperer/firmware/mcu/hal/chipwhisperer-fw-extra/stm32f4/stm32f4_hal.c **** 	uint8_t d;
 450              		.loc 1 169 1 is_stmt 0 view .LVU129
 451 0000 13B5     		push	{r0, r1, r4, lr}
 452              	.LCFI8:
 453              		.cfi_def_cfa_offset 16
 454              		.cfi_offset 4, -8
 455              		.cfi_offset 14, -4
 456              		.loc 1 171 9 discriminator 1 view .LVU130
 457 0002 074C     		ldr	r4, .L21
 458              	.L19:
 459              		.loc 1 171 52 is_stmt 1 discriminator 1 view .LVU131
 460              		.loc 1 171 9 is_stmt 0 discriminator 1 view .LVU132
 461 0004 41F28833 		movw	r3, #5000
 462 0008 0122     		movs	r2, #1
 463 000a 0DF10701 		add	r1, sp, #7
 464 000e 2046     		mov	r0, r4
 465 0010 FFF7FEFF 		bl	HAL_UART_Receive
 466              	.LVL8:
 467              		.loc 1 171 52 discriminator 1 view .LVU133
 468 0014 0028     		cmp	r0, #0
 469 0016 F5D1     		bne	.L19
 172:/home/pacl/Documents/Repository/chipwhisperer/firmware/mcu/hal/chipwhisperer-fw-extra/stm32f4/stm32f4_hal.c **** 	return d;
 470              		.loc 1 172 2 is_stmt 1 view .LVU134
 173:/home/pacl/Documents/Repository/chipwhisperer/firmware/mcu/hal/chipwhisperer-fw-extra/stm32f4/stm32f4_hal.c **** }
 471              		.loc 1 173 1 is_stmt 0 view .LVU135
 472 0018 9DF80700 		ldrb	r0, [sp, #7]	@ zero_extendqisi2
 473 001c 02B0     		add	sp, sp, #8
 474              	.LCFI9:
 475              		.cfi_def_cfa_offset 8
 476              		@ sp needed
 477 001e 10BD     		pop	{r4, pc}
 478              	.L22:
 479              		.align	2
 480              	.L21:
 481 0020 0C000000 		.word	.LANCHOR0+12
 482              		.cfi_endproc
 483              	.LFE131:
 485              		.section	.text.putch,"ax",%progbits
 486              		.align	1
 487              		.global	putch
 488              		.syntax unified
 489              		.thumb
 490              		.thumb_func
 492              	putch:
 493              	.LVL9:
 494              	.LFB132:
 174:/home/pacl/Documents/Repository/chipwhisperer/firmware/mcu/hal/chipwhisperer-fw-extra/stm32f4/stm32f4_hal.c **** 
 175:/home/pacl/Documents/Repository/chipwhisperer/firmware/mcu/hal/chipwhisperer-fw-extra/stm32f4/stm32f4_hal.c **** void putch(char c)
 176:/home/pacl/Documents/Repository/chipwhisperer/firmware/mcu/hal/chipwhisperer-fw-extra/stm32f4/stm32f4_hal.c **** {
 495              		.loc 1 176 1 is_stmt 1 view -0
 496              		.cfi_startproc
 497              		@ args = 0, pretend = 0, frame = 8
 498              		@ frame_needed = 0, uses_anonymous_args = 0
 177:/home/pacl/Documents/Repository/chipwhisperer/firmware/mcu/hal/chipwhisperer-fw-extra/stm32f4/stm32f4_hal.c **** 	uint8_t d  = c;
 499              		.loc 1 177 2 view .LVU137
 176:/home/pacl/Documents/Repository/chipwhisperer/firmware/mcu/hal/chipwhisperer-fw-extra/stm32f4/stm32f4_hal.c **** 	uint8_t d  = c;
 500              		.loc 1 176 1 is_stmt 0 view .LVU138
 501 0000 07B5     		push	{r0, r1, r2, lr}
 502              	.LCFI10:
 503              		.cfi_def_cfa_offset 16
 504              		.cfi_offset 14, -4
 178:/home/pacl/Documents/Repository/chipwhisperer/firmware/mcu/hal/chipwhisperer-fw-extra/stm32f4/stm32f4_hal.c **** 	HAL_UART_Transmit(&UartHandle,  &d, 1, 5000);
 505              		.loc 1 178 2 view .LVU139
 506 0002 41F28833 		movw	r3, #5000
 177:/home/pacl/Documents/Repository/chipwhisperer/firmware/mcu/hal/chipwhisperer-fw-extra/stm32f4/stm32f4_hal.c **** 	uint8_t d  = c;
 507              		.loc 1 177 10 view .LVU140
 508 0006 8DF80700 		strb	r0, [sp, #7]
 509              		.loc 1 178 2 is_stmt 1 view .LVU141
 510 000a 0122     		movs	r2, #1
 511 000c 0DF10701 		add	r1, sp, #7
 512 0010 0248     		ldr	r0, .L24
 513              	.LVL10:
 514              		.loc 1 178 2 is_stmt 0 view .LVU142
 515 0012 FFF7FEFF 		bl	HAL_UART_Transmit
 516              	.LVL11:
 179:/home/pacl/Documents/Repository/chipwhisperer/firmware/mcu/hal/chipwhisperer-fw-extra/stm32f4/stm32f4_hal.c **** }
 517              		.loc 1 179 1 view .LVU143
 518 0016 03B0     		add	sp, sp, #12
 519              	.LCFI11:
 520              		.cfi_def_cfa_offset 4
 521              		@ sp needed
 522 0018 5DF804FB 		ldr	pc, [sp], #4
 523              	.L25:
 524              		.align	2
 525              	.L24:
 526 001c 0C000000 		.word	.LANCHOR0+12
 527              		.cfi_endproc
 528              	.LFE132:
 530              		.section	.text.get_rand,"ax",%progbits
 531              		.align	1
 532              		.global	get_rand
 533              		.syntax unified
 534              		.thumb
 535              		.thumb_func
 537              	get_rand:
 538              	.LFB133:
 180:/home/pacl/Documents/Repository/chipwhisperer/firmware/mcu/hal/chipwhisperer-fw-extra/stm32f4/stm32f4_hal.c **** 
 181:/home/pacl/Documents/Repository/chipwhisperer/firmware/mcu/hal/chipwhisperer-fw-extra/stm32f4/stm32f4_hal.c **** uint32_t get_rand(void)
 182:/home/pacl/Documents/Repository/chipwhisperer/firmware/mcu/hal/chipwhisperer-fw-extra/stm32f4/stm32f4_hal.c **** {
 539              		.loc 1 182 1 is_stmt 1 view -0
 540              		.cfi_startproc
 541              		@ args = 0, pretend = 0, frame = 8
 542              		@ frame_needed = 0, uses_anonymous_args = 0
 183:/home/pacl/Documents/Repository/chipwhisperer/firmware/mcu/hal/chipwhisperer-fw-extra/stm32f4/stm32f4_hal.c **** 	uint32_t prev_rand = RngHandle.RandomNumber;
 543              		.loc 1 183 2 view .LVU145
 182:/home/pacl/Documents/Repository/chipwhisperer/firmware/mcu/hal/chipwhisperer-fw-extra/stm32f4/stm32f4_hal.c **** 	uint32_t prev_rand = RngHandle.RandomNumber;
 544              		.loc 1 182 1 is_stmt 0 view .LVU146
 545 0000 37B5     		push	{r0, r1, r2, r4, r5, lr}
 546              	.LCFI12:
 547              		.cfi_def_cfa_offset 24
 548              		.cfi_offset 4, -12
 549              		.cfi_offset 5, -8
 550              		.cfi_offset 14, -4
 551              		.loc 1 183 11 view .LVU147
 552 0002 064C     		ldr	r4, .L33
 553 0004 A568     		ldr	r5, [r4, #8]
 554              	.LVL12:
 555              	.L28:
 184:/home/pacl/Documents/Repository/chipwhisperer/firmware/mcu/hal/chipwhisperer-fw-extra/stm32f4/stm32f4_hal.c **** 	uint32_t next_rand;
 556              		.loc 1 184 2 is_stmt 1 view .LVU148
 185:/home/pacl/Documents/Repository/chipwhisperer/firmware/mcu/hal/chipwhisperer-fw-extra/stm32f4/stm32f4_hal.c **** 	HAL_StatusTypeDef error;
 557              		.loc 1 185 2 view .LVU149
 186:/home/pacl/Documents/Repository/chipwhisperer/firmware/mcu/hal/chipwhisperer-fw-extra/stm32f4/stm32f4_hal.c **** 
 187:/home/pacl/Documents/Repository/chipwhisperer/firmware/mcu/hal/chipwhisperer-fw-extra/stm32f4/stm32f4_hal.c **** 	do {
 558              		.loc 1 187 2 view .LVU150
 188:/home/pacl/Documents/Repository/chipwhisperer/firmware/mcu/hal/chipwhisperer-fw-extra/stm32f4/stm32f4_hal.c **** 		error = HAL_RNG_GenerateRandomNumber(&RngHandle, &next_rand);
 559              		.loc 1 188 3 view .LVU151
 560              		.loc 1 188 11 is_stmt 0 view .LVU152
 561 0006 01A9     		add	r1, sp, #4
 562 0008 2046     		mov	r0, r4
 563 000a FFF7FEFF 		bl	HAL_RNG_GenerateRandomNumber
 564              	.LVL13:
 189:/home/pacl/Documents/Repository/chipwhisperer/firmware/mcu/hal/chipwhisperer-fw-extra/stm32f4/stm32f4_hal.c ****   	} while (error != HAL_OK && prev_rand == next_rand);
 565              		.loc 1 189 29 is_stmt 1 discriminator 2 view .LVU153
 566 000e 019B     		ldr	r3, [sp, #4]
 567 0010 08B1     		cbz	r0, .L27
 568              		.loc 1 189 29 is_stmt 0 discriminator 1 view .LVU154
 569 0012 AB42     		cmp	r3, r5
 570 0014 F7D0     		beq	.L28
 571              	.L27:
 190:/home/pacl/Documents/Repository/chipwhisperer/firmware/mcu/hal/chipwhisperer-fw-extra/stm32f4/stm32f4_hal.c ****   	return next_rand;
 572              		.loc 1 190 4 is_stmt 1 view .LVU155
 191:/home/pacl/Documents/Repository/chipwhisperer/firmware/mcu/hal/chipwhisperer-fw-extra/stm32f4/stm32f4_hal.c **** }
 573              		.loc 1 191 1 is_stmt 0 view .LVU156
 574 0016 1846     		mov	r0, r3
 575              	.LVL14:
 576              		.loc 1 191 1 view .LVU157
 577 0018 03B0     		add	sp, sp, #12
 578              	.LCFI13:
 579              		.cfi_def_cfa_offset 12
 580              		@ sp needed
 581 001a 30BD     		pop	{r4, r5, pc}
 582              	.LVL15:
 583              	.L34:
 584              		.loc 1 191 1 view .LVU158
 585              		.align	2
 586              	.L33:
 587 001c 00000000 		.word	.LANCHOR0
 588              		.cfi_endproc
 589              	.LFE133:
 591              		.section	.text.HW_AES128_LoadKey,"ax",%progbits
 592              		.align	1
 593              		.global	HW_AES128_LoadKey
 594              		.syntax unified
 595              		.thumb
 596              		.thumb_func
 598              	HW_AES128_LoadKey:
 599              	.LVL16:
 600              	.LFB135:
 192:/home/pacl/Documents/Repository/chipwhisperer/firmware/mcu/hal/chipwhisperer-fw-extra/stm32f4/stm32f4_hal.c **** 
 193:/home/pacl/Documents/Repository/chipwhisperer/firmware/mcu/hal/chipwhisperer-fw-extra/stm32f4/stm32f4_hal.c **** void HW_AES128_Init(void)
 194:/home/pacl/Documents/Repository/chipwhisperer/firmware/mcu/hal/chipwhisperer-fw-extra/stm32f4/stm32f4_hal.c **** {
 195:/home/pacl/Documents/Repository/chipwhisperer/firmware/mcu/hal/chipwhisperer-fw-extra/stm32f4/stm32f4_hal.c **** 	cryp.Instance = CRYP;
 196:/home/pacl/Documents/Repository/chipwhisperer/firmware/mcu/hal/chipwhisperer-fw-extra/stm32f4/stm32f4_hal.c **** 	cryp.Init.DataType = CRYP_DATATYPE_8B;
 197:/home/pacl/Documents/Repository/chipwhisperer/firmware/mcu/hal/chipwhisperer-fw-extra/stm32f4/stm32f4_hal.c **** 	cryp.Init.KeySize = CRYP_KEYSIZE_128B;
 198:/home/pacl/Documents/Repository/chipwhisperer/firmware/mcu/hal/chipwhisperer-fw-extra/stm32f4/stm32f4_hal.c **** 	cryp.Init.pKey = hw_key;
 199:/home/pacl/Documents/Repository/chipwhisperer/firmware/mcu/hal/chipwhisperer-fw-extra/stm32f4/stm32f4_hal.c ****   HW_AES128_LoadKey(hw_key);
 200:/home/pacl/Documents/Repository/chipwhisperer/firmware/mcu/hal/chipwhisperer-fw-extra/stm32f4/stm32f4_hal.c ****   __HAL_RCC_CRYP_CLK_ENABLE();
 201:/home/pacl/Documents/Repository/chipwhisperer/firmware/mcu/hal/chipwhisperer-fw-extra/stm32f4/stm32f4_hal.c **** 	HAL_CRYP_Init(&cryp);
 202:/home/pacl/Documents/Repository/chipwhisperer/firmware/mcu/hal/chipwhisperer-fw-extra/stm32f4/stm32f4_hal.c **** }
 203:/home/pacl/Documents/Repository/chipwhisperer/firmware/mcu/hal/chipwhisperer-fw-extra/stm32f4/stm32f4_hal.c **** 
 204:/home/pacl/Documents/Repository/chipwhisperer/firmware/mcu/hal/chipwhisperer-fw-extra/stm32f4/stm32f4_hal.c **** void HW_AES128_LoadKey(uint8_t* key)
 205:/home/pacl/Documents/Repository/chipwhisperer/firmware/mcu/hal/chipwhisperer-fw-extra/stm32f4/stm32f4_hal.c **** {
 601              		.loc 1 205 1 is_stmt 1 view -0
 602              		.cfi_startproc
 603              		@ args = 0, pretend = 0, frame = 0
 604              		@ frame_needed = 0, uses_anonymous_args = 0
 206:/home/pacl/Documents/Repository/chipwhisperer/firmware/mcu/hal/chipwhisperer-fw-extra/stm32f4/stm32f4_hal.c **** 	for(int i = 0; i < 16; i++)
 605              		.loc 1 206 2 view .LVU160
 606              	.LBB16:
 607              		.loc 1 206 6 view .LVU161
 608              		.loc 1 206 19 discriminator 1 view .LVU162
 609              	.LBE16:
 205:/home/pacl/Documents/Repository/chipwhisperer/firmware/mcu/hal/chipwhisperer-fw-extra/stm32f4/stm32f4_hal.c **** 	for(int i = 0; i < 16; i++)
 610              		.loc 1 205 1 is_stmt 0 view .LVU163
 611 0000 10B5     		push	{r4, lr}
 612              	.LCFI14:
 613              		.cfi_def_cfa_offset 8
 614              		.cfi_offset 4, -8
 615              		.cfi_offset 14, -4
 616              	.LBB17:
 207:/home/pacl/Documents/Repository/chipwhisperer/firmware/mcu/hal/chipwhisperer-fw-extra/stm32f4/stm32f4_hal.c **** 	{
 208:/home/pacl/Documents/Repository/chipwhisperer/firmware/mcu/hal/chipwhisperer-fw-extra/stm32f4/stm32f4_hal.c **** 		cryp.Init.pKey[i] = key[i];
 617              		.loc 1 208 12 view .LVU164
 618 0002 044C     		ldr	r4, .L38
 206:/home/pacl/Documents/Repository/chipwhisperer/firmware/mcu/hal/chipwhisperer-fw-extra/stm32f4/stm32f4_hal.c **** 	{
 619              		.loc 1 206 10 view .LVU165
 620 0004 0023     		movs	r3, #0
 621              	.LVL17:
 622              	.L36:
 623              		.loc 1 208 3 is_stmt 1 view .LVU166
 624              		.loc 1 208 21 is_stmt 0 view .LVU167
 625 0006 A26D     		ldr	r2, [r4, #88]
 626              		.loc 1 208 26 view .LVU168
 627 0008 C15C     		ldrb	r1, [r0, r3]	@ zero_extendqisi2
 628              		.loc 1 208 21 view .LVU169
 629 000a D154     		strb	r1, [r2, r3]
 206:/home/pacl/Documents/Repository/chipwhisperer/firmware/mcu/hal/chipwhisperer-fw-extra/stm32f4/stm32f4_hal.c **** 	{
 630              		.loc 1 206 26 is_stmt 1 discriminator 3 view .LVU170
 631 000c 0133     		adds	r3, r3, #1
 632              	.LVL18:
 206:/home/pacl/Documents/Repository/chipwhisperer/firmware/mcu/hal/chipwhisperer-fw-extra/stm32f4/stm32f4_hal.c **** 	{
 633              		.loc 1 206 19 discriminator 1 view .LVU171
 634 000e 102B     		cmp	r3, #16
 635 0010 F9D1     		bne	.L36
 636              	.LBE17:
 209:/home/pacl/Documents/Repository/chipwhisperer/firmware/mcu/hal/chipwhisperer-fw-extra/stm32f4/stm32f4_hal.c **** 	}
 210:/home/pacl/Documents/Repository/chipwhisperer/firmware/mcu/hal/chipwhisperer-fw-extra/stm32f4/stm32f4_hal.c **** }
 637              		.loc 1 210 1 is_stmt 0 view .LVU172
 638 0012 10BD     		pop	{r4, pc}
 639              	.L39:
 640              		.align	2
 641              	.L38:
 642 0014 00000000 		.word	.LANCHOR0
 643              		.cfi_endproc
 644              	.LFE135:
 646              		.section	.text.HW_AES128_Init,"ax",%progbits
 647              		.align	1
 648              		.global	HW_AES128_Init
 649              		.syntax unified
 650              		.thumb
 651              		.thumb_func
 653              	HW_AES128_Init:
 654              	.LFB134:
 194:/home/pacl/Documents/Repository/chipwhisperer/firmware/mcu/hal/chipwhisperer-fw-extra/stm32f4/stm32f4_hal.c **** 	cryp.Instance = CRYP;
 655              		.loc 1 194 1 is_stmt 1 view -0
 656              		.cfi_startproc
 657              		@ args = 0, pretend = 0, frame = 8
 658              		@ frame_needed = 0, uses_anonymous_args = 0
 195:/home/pacl/Documents/Repository/chipwhisperer/firmware/mcu/hal/chipwhisperer-fw-extra/stm32f4/stm32f4_hal.c **** 	cryp.Init.DataType = CRYP_DATATYPE_8B;
 659              		.loc 1 195 2 view .LVU174
 194:/home/pacl/Documents/Repository/chipwhisperer/firmware/mcu/hal/chipwhisperer-fw-extra/stm32f4/stm32f4_hal.c **** 	cryp.Instance = CRYP;
 660              		.loc 1 194 1 is_stmt 0 view .LVU175
 661 0000 37B5     		push	{r0, r1, r2, r4, r5, lr}
 662              	.LCFI15:
 663              		.cfi_def_cfa_offset 24
 664              		.cfi_offset 4, -12
 665              		.cfi_offset 5, -8
 666              		.cfi_offset 14, -4
 195:/home/pacl/Documents/Repository/chipwhisperer/firmware/mcu/hal/chipwhisperer-fw-extra/stm32f4/stm32f4_hal.c **** 	cryp.Init.DataType = CRYP_DATATYPE_8B;
 667              		.loc 1 195 16 view .LVU176
 668 0002 0F4C     		ldr	r4, .L41
 196:/home/pacl/Documents/Repository/chipwhisperer/firmware/mcu/hal/chipwhisperer-fw-extra/stm32f4/stm32f4_hal.c **** 	cryp.Init.KeySize = CRYP_KEYSIZE_128B;
 669              		.loc 1 196 21 view .LVU177
 670 0004 0F4A     		ldr	r2, .L41+4
 198:/home/pacl/Documents/Repository/chipwhisperer/firmware/mcu/hal/chipwhisperer-fw-extra/stm32f4/stm32f4_hal.c ****   HW_AES128_LoadKey(hw_key);
 671              		.loc 1 198 17 view .LVU178
 672 0006 04F18C00 		add	r0, r4, #140
 196:/home/pacl/Documents/Repository/chipwhisperer/firmware/mcu/hal/chipwhisperer-fw-extra/stm32f4/stm32f4_hal.c **** 	cryp.Init.KeySize = CRYP_KEYSIZE_128B;
 673              		.loc 1 196 21 view .LVU179
 674 000a 8023     		movs	r3, #128
 197:/home/pacl/Documents/Repository/chipwhisperer/firmware/mcu/hal/chipwhisperer-fw-extra/stm32f4/stm32f4_hal.c **** 	cryp.Init.pKey = hw_key;
 675              		.loc 1 197 20 view .LVU180
 676 000c 0025     		movs	r5, #0
 196:/home/pacl/Documents/Repository/chipwhisperer/firmware/mcu/hal/chipwhisperer-fw-extra/stm32f4/stm32f4_hal.c **** 	cryp.Init.KeySize = CRYP_KEYSIZE_128B;
 677              		.loc 1 196 21 view .LVU181
 678 000e C4E91323 		strd	r2, r3, [r4, #76]
 197:/home/pacl/Documents/Repository/chipwhisperer/firmware/mcu/hal/chipwhisperer-fw-extra/stm32f4/stm32f4_hal.c **** 	cryp.Init.pKey = hw_key;
 679              		.loc 1 197 2 is_stmt 1 view .LVU182
 198:/home/pacl/Documents/Repository/chipwhisperer/firmware/mcu/hal/chipwhisperer-fw-extra/stm32f4/stm32f4_hal.c ****   HW_AES128_LoadKey(hw_key);
 680              		.loc 1 198 17 is_stmt 0 view .LVU183
 681 0012 A065     		str	r0, [r4, #88]
 197:/home/pacl/Documents/Repository/chipwhisperer/firmware/mcu/hal/chipwhisperer-fw-extra/stm32f4/stm32f4_hal.c **** 	cryp.Init.pKey = hw_key;
 682              		.loc 1 197 20 view .LVU184
 683 0014 6565     		str	r5, [r4, #84]
 198:/home/pacl/Documents/Repository/chipwhisperer/firmware/mcu/hal/chipwhisperer-fw-extra/stm32f4/stm32f4_hal.c ****   HW_AES128_LoadKey(hw_key);
 684              		.loc 1 198 2 is_stmt 1 view .LVU185
 199:/home/pacl/Documents/Repository/chipwhisperer/firmware/mcu/hal/chipwhisperer-fw-extra/stm32f4/stm32f4_hal.c ****   __HAL_RCC_CRYP_CLK_ENABLE();
 685              		.loc 1 199 3 view .LVU186
 686 0016 FFF7FEFF 		bl	HW_AES128_LoadKey
 687              	.LVL19:
 200:/home/pacl/Documents/Repository/chipwhisperer/firmware/mcu/hal/chipwhisperer-fw-extra/stm32f4/stm32f4_hal.c **** 	HAL_CRYP_Init(&cryp);
 688              		.loc 1 200 3 view .LVU187
 689              	.LBB18:
 200:/home/pacl/Documents/Repository/chipwhisperer/firmware/mcu/hal/chipwhisperer-fw-extra/stm32f4/stm32f4_hal.c **** 	HAL_CRYP_Init(&cryp);
 690              		.loc 1 200 3 view .LVU188
 691 001a 0B4B     		ldr	r3, .L41+8
 692 001c 0195     		str	r5, [sp, #4]
 200:/home/pacl/Documents/Repository/chipwhisperer/firmware/mcu/hal/chipwhisperer-fw-extra/stm32f4/stm32f4_hal.c **** 	HAL_CRYP_Init(&cryp);
 693              		.loc 1 200 3 view .LVU189
 694 001e 5A6B     		ldr	r2, [r3, #52]
 695 0020 42F01002 		orr	r2, r2, #16
 696 0024 5A63     		str	r2, [r3, #52]
 200:/home/pacl/Documents/Repository/chipwhisperer/firmware/mcu/hal/chipwhisperer-fw-extra/stm32f4/stm32f4_hal.c **** 	HAL_CRYP_Init(&cryp);
 697              		.loc 1 200 3 view .LVU190
 698 0026 5B6B     		ldr	r3, [r3, #52]
 699 0028 03F01003 		and	r3, r3, #16
 700 002c 0193     		str	r3, [sp, #4]
 200:/home/pacl/Documents/Repository/chipwhisperer/firmware/mcu/hal/chipwhisperer-fw-extra/stm32f4/stm32f4_hal.c **** 	HAL_CRYP_Init(&cryp);
 701              		.loc 1 200 3 view .LVU191
 702 002e 019B     		ldr	r3, [sp, #4]
 703              	.LBE18:
 200:/home/pacl/Documents/Repository/chipwhisperer/firmware/mcu/hal/chipwhisperer-fw-extra/stm32f4/stm32f4_hal.c **** 	HAL_CRYP_Init(&cryp);
 704              		.loc 1 200 3 view .LVU192
 201:/home/pacl/Documents/Repository/chipwhisperer/firmware/mcu/hal/chipwhisperer-fw-extra/stm32f4/stm32f4_hal.c **** }
 705              		.loc 1 201 2 view .LVU193
 706 0030 04F14C00 		add	r0, r4, #76
 202:/home/pacl/Documents/Repository/chipwhisperer/firmware/mcu/hal/chipwhisperer-fw-extra/stm32f4/stm32f4_hal.c **** 
 707              		.loc 1 202 1 is_stmt 0 view .LVU194
 708 0034 03B0     		add	sp, sp, #12
 709              	.LCFI16:
 710              		.cfi_def_cfa_offset 12
 711              		@ sp needed
 712 0036 BDE83040 		pop	{r4, r5, lr}
 713              	.LCFI17:
 714              		.cfi_restore 14
 715              		.cfi_restore 5
 716              		.cfi_restore 4
 717              		.cfi_def_cfa_offset 0
 201:/home/pacl/Documents/Repository/chipwhisperer/firmware/mcu/hal/chipwhisperer-fw-extra/stm32f4/stm32f4_hal.c **** }
 718              		.loc 1 201 2 view .LVU195
 719 003a FFF7FEBF 		b	HAL_CRYP_Init
 720              	.LVL20:
 721              	.L42:
 722 003e 00BF     		.align	2
 723              	.L41:
 724 0040 00000000 		.word	.LANCHOR0
 725 0044 00000650 		.word	1342570496
 726 0048 00380240 		.word	1073887232
 727              		.cfi_endproc
 728              	.LFE134:
 730              		.section	.text.HW_AES128_Enc_pretrigger,"ax",%progbits
 731              		.align	1
 732              		.global	HW_AES128_Enc_pretrigger
 733              		.syntax unified
 734              		.thumb
 735              		.thumb_func
 737              	HW_AES128_Enc_pretrigger:
 738              	.LVL21:
 739              	.LFB136:
 211:/home/pacl/Documents/Repository/chipwhisperer/firmware/mcu/hal/chipwhisperer-fw-extra/stm32f4/stm32f4_hal.c **** 
 212:/home/pacl/Documents/Repository/chipwhisperer/firmware/mcu/hal/chipwhisperer-fw-extra/stm32f4/stm32f4_hal.c **** void HW_AES128_Enc_pretrigger(uint8_t* pt)
 213:/home/pacl/Documents/Repository/chipwhisperer/firmware/mcu/hal/chipwhisperer-fw-extra/stm32f4/stm32f4_hal.c **** {
 740              		.loc 1 213 1 is_stmt 1 view -0
 741              		.cfi_startproc
 742              		@ args = 0, pretend = 0, frame = 0
 743              		@ frame_needed = 0, uses_anonymous_args = 0
 744              		@ link register save eliminated.
 214:/home/pacl/Documents/Repository/chipwhisperer/firmware/mcu/hal/chipwhisperer-fw-extra/stm32f4/stm32f4_hal.c ****     HAL_CRYP_Init(&cryp);
 745              		.loc 1 214 5 view .LVU197
 746 0000 0148     		ldr	r0, .L44
 747              	.LVL22:
 748              		.loc 1 214 5 is_stmt 0 view .LVU198
 749 0002 FFF7FEBF 		b	HAL_CRYP_Init
 750              	.LVL23:
 751              	.L45:
 752 0006 00BF     		.align	2
 753              	.L44:
 754 0008 4C000000 		.word	.LANCHOR0+76
 755              		.cfi_endproc
 756              	.LFE136:
 758              		.section	.text.HW_AES128_Enc,"ax",%progbits
 759              		.align	1
 760              		.global	HW_AES128_Enc
 761              		.syntax unified
 762              		.thumb
 763              		.thumb_func
 765              	HW_AES128_Enc:
 766              	.LVL24:
 767              	.LFB137:
 215:/home/pacl/Documents/Repository/chipwhisperer/firmware/mcu/hal/chipwhisperer-fw-extra/stm32f4/stm32f4_hal.c **** }
 216:/home/pacl/Documents/Repository/chipwhisperer/firmware/mcu/hal/chipwhisperer-fw-extra/stm32f4/stm32f4_hal.c **** 
 217:/home/pacl/Documents/Repository/chipwhisperer/firmware/mcu/hal/chipwhisperer-fw-extra/stm32f4/stm32f4_hal.c **** void HW_AES128_Enc(uint8_t* pt)
 218:/home/pacl/Documents/Repository/chipwhisperer/firmware/mcu/hal/chipwhisperer-fw-extra/stm32f4/stm32f4_hal.c **** {
 768              		.loc 1 218 1 is_stmt 1 view -0
 769              		.cfi_startproc
 770              		@ args = 0, pretend = 0, frame = 0
 771              		@ frame_needed = 0, uses_anonymous_args = 0
 219:/home/pacl/Documents/Repository/chipwhisperer/firmware/mcu/hal/chipwhisperer-fw-extra/stm32f4/stm32f4_hal.c ****     HAL_CRYP_AESECB_Encrypt(&cryp, pt, 16, pt, 1000);
 772              		.loc 1 219 5 view .LVU200
 218:/home/pacl/Documents/Repository/chipwhisperer/firmware/mcu/hal/chipwhisperer-fw-extra/stm32f4/stm32f4_hal.c ****     HAL_CRYP_AESECB_Encrypt(&cryp, pt, 16, pt, 1000);
 773              		.loc 1 218 1 is_stmt 0 view .LVU201
 774 0000 07B5     		push	{r0, r1, r2, lr}
 775              	.LCFI18:
 776              		.cfi_def_cfa_offset 16
 777              		.cfi_offset 14, -4
 778              		.loc 1 219 5 view .LVU202
 779 0002 4FF47A72 		mov	r2, #1000
 218:/home/pacl/Documents/Repository/chipwhisperer/firmware/mcu/hal/chipwhisperer-fw-extra/stm32f4/stm32f4_hal.c ****     HAL_CRYP_AESECB_Encrypt(&cryp, pt, 16, pt, 1000);
 780              		.loc 1 218 1 view .LVU203
 781 0006 0346     		mov	r3, r0
 782              		.loc 1 219 5 view .LVU204
 783 0008 0092     		str	r2, [sp]
 784 000a 0146     		mov	r1, r0
 785 000c 1022     		movs	r2, #16
 786 000e 0348     		ldr	r0, .L47
 787              	.LVL25:
 788              		.loc 1 219 5 view .LVU205
 789 0010 FFF7FEFF 		bl	HAL_CRYP_AESECB_Encrypt
 790              	.LVL26:
 220:/home/pacl/Documents/Repository/chipwhisperer/firmware/mcu/hal/chipwhisperer-fw-extra/stm32f4/stm32f4_hal.c **** }
 791              		.loc 1 220 1 view .LVU206
 792 0014 03B0     		add	sp, sp, #12
 793              	.LCFI19:
 794              		.cfi_def_cfa_offset 4
 795              		@ sp needed
 796 0016 5DF804FB 		ldr	pc, [sp], #4
 797              	.L48:
 798 001a 00BF     		.align	2
 799              	.L47:
 800 001c 4C000000 		.word	.LANCHOR0+76
 801              		.cfi_endproc
 802              	.LFE137:
 804              		.section	.text.HW_AES128_Enc_posttrigger,"ax",%progbits
 805              		.align	1
 806              		.global	HW_AES128_Enc_posttrigger
 807              		.syntax unified
 808              		.thumb
 809              		.thumb_func
 811              	HW_AES128_Enc_posttrigger:
 812              	.LVL27:
 813              	.LFB138:
 221:/home/pacl/Documents/Repository/chipwhisperer/firmware/mcu/hal/chipwhisperer-fw-extra/stm32f4/stm32f4_hal.c **** 
 222:/home/pacl/Documents/Repository/chipwhisperer/firmware/mcu/hal/chipwhisperer-fw-extra/stm32f4/stm32f4_hal.c **** void HW_AES128_Enc_posttrigger(uint8_t* pt)
 223:/home/pacl/Documents/Repository/chipwhisperer/firmware/mcu/hal/chipwhisperer-fw-extra/stm32f4/stm32f4_hal.c **** {
 814              		.loc 1 223 1 is_stmt 1 view -0
 815              		.cfi_startproc
 816              		@ args = 0, pretend = 0, frame = 0
 817              		@ frame_needed = 0, uses_anonymous_args = 0
 818              		@ link register save eliminated.
 224:/home/pacl/Documents/Repository/chipwhisperer/firmware/mcu/hal/chipwhisperer-fw-extra/stm32f4/stm32f4_hal.c ****     ;
 819              		.loc 1 224 5 view .LVU208
 225:/home/pacl/Documents/Repository/chipwhisperer/firmware/mcu/hal/chipwhisperer-fw-extra/stm32f4/stm32f4_hal.c **** }
 820              		.loc 1 225 1 is_stmt 0 view .LVU209
 821 0000 7047     		bx	lr
 822              		.cfi_endproc
 823              	.LFE138:
 825              		.section	.text.HW_AES128_Dec,"ax",%progbits
 826              		.align	1
 827              		.global	HW_AES128_Dec
 828              		.syntax unified
 829              		.thumb
 830              		.thumb_func
 832              	HW_AES128_Dec:
 833              	.LVL28:
 834              	.LFB139:
 226:/home/pacl/Documents/Repository/chipwhisperer/firmware/mcu/hal/chipwhisperer-fw-extra/stm32f4/stm32f4_hal.c **** 
 227:/home/pacl/Documents/Repository/chipwhisperer/firmware/mcu/hal/chipwhisperer-fw-extra/stm32f4/stm32f4_hal.c **** void HW_AES128_Dec(uint8_t *pt)
 228:/home/pacl/Documents/Repository/chipwhisperer/firmware/mcu/hal/chipwhisperer-fw-extra/stm32f4/stm32f4_hal.c **** {
 835              		.loc 1 228 1 is_stmt 1 view -0
 836              		.cfi_startproc
 837              		@ args = 0, pretend = 0, frame = 0
 838              		@ frame_needed = 0, uses_anonymous_args = 0
 229:/home/pacl/Documents/Repository/chipwhisperer/firmware/mcu/hal/chipwhisperer-fw-extra/stm32f4/stm32f4_hal.c ****      HAL_CRYP_Init(&cryp);
 839              		.loc 1 229 6 view .LVU211
 228:/home/pacl/Documents/Repository/chipwhisperer/firmware/mcu/hal/chipwhisperer-fw-extra/stm32f4/stm32f4_hal.c ****      HAL_CRYP_Init(&cryp);
 840              		.loc 1 228 1 is_stmt 0 view .LVU212
 841 0000 37B5     		push	{r0, r1, r2, r4, r5, lr}
 842              	.LCFI20:
 843              		.cfi_def_cfa_offset 24
 844              		.cfi_offset 4, -12
 845              		.cfi_offset 5, -8
 846              		.cfi_offset 14, -4
 847              		.loc 1 229 6 view .LVU213
 848 0002 084D     		ldr	r5, .L51
 228:/home/pacl/Documents/Repository/chipwhisperer/firmware/mcu/hal/chipwhisperer-fw-extra/stm32f4/stm32f4_hal.c ****      HAL_CRYP_Init(&cryp);
 849              		.loc 1 228 1 view .LVU214
 850 0004 0446     		mov	r4, r0
 851              		.loc 1 229 6 view .LVU215
 852 0006 2846     		mov	r0, r5
 853              	.LVL29:
 854              		.loc 1 229 6 view .LVU216
 855 0008 FFF7FEFF 		bl	HAL_CRYP_Init
 856              	.LVL30:
 230:/home/pacl/Documents/Repository/chipwhisperer/firmware/mcu/hal/chipwhisperer-fw-extra/stm32f4/stm32f4_hal.c ****      HAL_CRYP_AESECB_Decrypt(&cryp, pt, 16, pt, 1000);
 857              		.loc 1 230 6 is_stmt 1 view .LVU217
 858 000c 4FF47A73 		mov	r3, #1000
 859 0010 0093     		str	r3, [sp]
 860 0012 1022     		movs	r2, #16
 861 0014 2346     		mov	r3, r4
 862 0016 2146     		mov	r1, r4
 863 0018 2846     		mov	r0, r5
 864 001a FFF7FEFF 		bl	HAL_CRYP_AESECB_Decrypt
 865              	.LVL31:
 231:/home/pacl/Documents/Repository/chipwhisperer/firmware/mcu/hal/chipwhisperer-fw-extra/stm32f4/stm32f4_hal.c **** }
 866              		.loc 1 231 1 is_stmt 0 view .LVU218
 867 001e 03B0     		add	sp, sp, #12
 868              	.LCFI21:
 869              		.cfi_def_cfa_offset 12
 870              		@ sp needed
 871 0020 30BD     		pop	{r4, r5, pc}
 872              	.LVL32:
 873              	.L52:
 874              		.loc 1 231 1 view .LVU219
 875 0022 00BF     		.align	2
 876              	.L51:
 877 0024 4C000000 		.word	.LANCHOR0+76
 878              		.cfi_endproc
 879              	.LFE139:
 881              		.global	hw_key
 882              		.global	UartHandle
 883              		.global	RngHandle
 884              		.bss
 885              		.align	2
 886              		.set	.LANCHOR0,. + 0
 889              	RngHandle:
 890 0000 00000000 		.space	12
 890      00000000 
 890      00000000 
 893              	UartHandle:
 894 000c 00000000 		.space	64
 894      00000000 
 894      00000000 
 894      00000000 
 894      00000000 
 897              	cryp:
 898 004c 00000000 		.space	64
 898      00000000 
 898      00000000 
 898      00000000 
 898      00000000 
 901              	hw_key:
 902 008c 00000000 		.space	16
 902      00000000 
 902      00000000 
 902      00000000 
 903              		.text
 904              	.Letext0:
 905              		.file 2 "/usr/lib/gcc/arm-none-eabi/13.2.1/include/stdint.h"
 906              		.file 3 "/home/pacl/Documents/Repository/chipwhisperer/firmware/mcu/hal/chipwhisperer-fw-extra/stm
 907              		.file 4 "/home/pacl/Documents/Repository/chipwhisperer/firmware/mcu/hal/chipwhisperer-fw-extra/stm
 908              		.file 5 "/home/pacl/Documents/Repository/chipwhisperer/firmware/mcu/hal/chipwhisperer-fw-extra/stm
 909              		.file 6 "/home/pacl/Documents/Repository/chipwhisperer/firmware/mcu/hal/chipwhisperer-fw-extra/stm
 910              		.file 7 "/home/pacl/Documents/Repository/chipwhisperer/firmware/mcu/hal/chipwhisperer-fw-extra/stm
 911              		.file 8 "/home/pacl/Documents/Repository/chipwhisperer/firmware/mcu/hal/chipwhisperer-fw-extra/stm
 912              		.file 9 "/home/pacl/Documents/Repository/chipwhisperer/firmware/mcu/hal/chipwhisperer-fw-extra/stm
 913              		.file 10 "/home/pacl/Documents/Repository/chipwhisperer/firmware/mcu/hal/chipwhisperer-fw-extra/st
 914              		.file 11 "/home/pacl/Documents/Repository/chipwhisperer/firmware/mcu/hal/chipwhisperer-fw-extra/st
 915              		.file 12 "/home/pacl/Documents/Repository/chipwhisperer/firmware/mcu/hal/chipwhisperer-fw-extra/st
 916              		.file 13 "/home/pacl/Documents/Repository/chipwhisperer/firmware/mcu/hal/chipwhisperer-fw-extra/st
DEFINED SYMBOLS
                            *ABS*:00000000 stm32f4_hal.c
     /tmp/ccRKYEO7.s:21     .text.platform_init:00000000 $t
     /tmp/ccRKYEO7.s:27     .text.platform_init:00000000 platform_init
     /tmp/ccRKYEO7.s:152    .text.platform_init:00000080 $d
     /tmp/ccRKYEO7.s:160    .text.init_uart:00000000 $t
     /tmp/ccRKYEO7.s:166    .text.init_uart:00000000 init_uart
     /tmp/ccRKYEO7.s:295    .text.init_uart:0000006c $d
     /tmp/ccRKYEO7.s:303    .text.trigger_setup:00000000 $t
     /tmp/ccRKYEO7.s:309    .text.trigger_setup:00000000 trigger_setup
     /tmp/ccRKYEO7.s:376    .text.trigger_setup:00000038 $d
     /tmp/ccRKYEO7.s:382    .text.trigger_high:00000000 $t
     /tmp/ccRKYEO7.s:388    .text.trigger_high:00000000 trigger_high
     /tmp/ccRKYEO7.s:404    .text.trigger_high:0000000c $d
     /tmp/ccRKYEO7.s:409    .text.trigger_low:00000000 $t
     /tmp/ccRKYEO7.s:415    .text.trigger_low:00000000 trigger_low
     /tmp/ccRKYEO7.s:431    .text.trigger_low:0000000c $d
     /tmp/ccRKYEO7.s:436    .text.getch:00000000 $t
     /tmp/ccRKYEO7.s:442    .text.getch:00000000 getch
     /tmp/ccRKYEO7.s:481    .text.getch:00000020 $d
     /tmp/ccRKYEO7.s:486    .text.putch:00000000 $t
     /tmp/ccRKYEO7.s:492    .text.putch:00000000 putch
     /tmp/ccRKYEO7.s:526    .text.putch:0000001c $d
     /tmp/ccRKYEO7.s:531    .text.get_rand:00000000 $t
     /tmp/ccRKYEO7.s:537    .text.get_rand:00000000 get_rand
     /tmp/ccRKYEO7.s:587    .text.get_rand:0000001c $d
     /tmp/ccRKYEO7.s:592    .text.HW_AES128_LoadKey:00000000 $t
     /tmp/ccRKYEO7.s:598    .text.HW_AES128_LoadKey:00000000 HW_AES128_LoadKey
     /tmp/ccRKYEO7.s:642    .text.HW_AES128_LoadKey:00000014 $d
     /tmp/ccRKYEO7.s:647    .text.HW_AES128_Init:00000000 $t
     /tmp/ccRKYEO7.s:653    .text.HW_AES128_Init:00000000 HW_AES128_Init
     /tmp/ccRKYEO7.s:724    .text.HW_AES128_Init:00000040 $d
     /tmp/ccRKYEO7.s:731    .text.HW_AES128_Enc_pretrigger:00000000 $t
     /tmp/ccRKYEO7.s:737    .text.HW_AES128_Enc_pretrigger:00000000 HW_AES128_Enc_pretrigger
     /tmp/ccRKYEO7.s:754    .text.HW_AES128_Enc_pretrigger:00000008 $d
     /tmp/ccRKYEO7.s:759    .text.HW_AES128_Enc:00000000 $t
     /tmp/ccRKYEO7.s:765    .text.HW_AES128_Enc:00000000 HW_AES128_Enc
     /tmp/ccRKYEO7.s:800    .text.HW_AES128_Enc:0000001c $d
     /tmp/ccRKYEO7.s:805    .text.HW_AES128_Enc_posttrigger:00000000 $t
     /tmp/ccRKYEO7.s:811    .text.HW_AES128_Enc_posttrigger:00000000 HW_AES128_Enc_posttrigger
     /tmp/ccRKYEO7.s:826    .text.HW_AES128_Dec:00000000 $t
     /tmp/ccRKYEO7.s:832    .text.HW_AES128_Dec:00000000 HW_AES128_Dec
     /tmp/ccRKYEO7.s:877    .text.HW_AES128_Dec:00000024 $d
     /tmp/ccRKYEO7.s:901    .bss:0000008c hw_key
     /tmp/ccRKYEO7.s:893    .bss:0000000c UartHandle
     /tmp/ccRKYEO7.s:889    .bss:00000000 RngHandle
     /tmp/ccRKYEO7.s:885    .bss:00000000 $d
     /tmp/ccRKYEO7.s:897    .bss:0000004c cryp

UNDEFINED SYMBOLS
HAL_RCC_OscConfig
HAL_RCC_ClockConfig
HAL_RNG_Init
HAL_GPIO_Init
HAL_UART_Init
HAL_GPIO_WritePin
HAL_UART_Receive
HAL_UART_Transmit
HAL_RNG_GenerateRandomNumber
HAL_CRYP_Init
HAL_CRYP_AESECB_Encrypt
HAL_CRYP_AESECB_Decrypt
