Archive member included to satisfy reference by file (symbol)

/home/pacl/Documents/Repository/sca-2026/lib/crypto_kem/smaug1.a(kem.c.o)
                              objdir-CW308_STM32F4/simpleserial-smaug.o (crypto_kem_keypair)
/home/pacl/Documents/Repository/sca-2026/lib/crypto_kem/smaug1.a(verify.c.o)
                              /home/pacl/Documents/Repository/sca-2026/lib/crypto_kem/smaug1.a(kem.c.o) (cryptolab_smaug1_verify)
/home/pacl/Documents/Repository/sca-2026/lib/crypto_kem/smaug1.a(fips202.c.o)
                              /home/pacl/Documents/Repository/sca-2026/lib/crypto_kem/smaug1.a(kem.c.o) (sha3_256)
/home/pacl/Documents/Repository/sca-2026/lib/crypto_kem/smaug1.a(randombytes.c.o)
                              /home/pacl/Documents/Repository/sca-2026/lib/crypto_kem/smaug1.a(kem.c.o) (PQCLEAN_randombytes)
/home/pacl/Documents/Repository/sca-2026/lib/crypto_kem/smaug1.a(keccakf1600.S.o)
                              /home/pacl/Documents/Repository/sca-2026/lib/crypto_kem/smaug1.a(fips202.c.o) (KeccakF1600_StateXORBytes)
/home/pacl/Documents/Repository/sca-2026/lib/crypto_kem/smaug1.a(hash.c.o)
                              /home/pacl/Documents/Repository/sca-2026/lib/crypto_kem/smaug1.a(kem.c.o) (cryptolab_smaug1_shake256_absorb_twice_squeeze)
/home/pacl/Documents/Repository/sca-2026/lib/crypto_kem/smaug1.a(indcpa.c.o)
                              /home/pacl/Documents/Repository/sca-2026/lib/crypto_kem/smaug1.a(kem.c.o) (cryptolab_smaug1_indcpa_keypair)
/home/pacl/Documents/Repository/sca-2026/lib/crypto_kem/smaug1.a(io.c.o)
                              /home/pacl/Documents/Repository/sca-2026/lib/crypto_kem/smaug1.a(indcpa.c.o) (cryptolab_smaug1_save_to_string)
/home/pacl/Documents/Repository/sca-2026/lib/crypto_kem/smaug1.a(key.c.o)
                              /home/pacl/Documents/Repository/sca-2026/lib/crypto_kem/smaug1.a(io.c.o) (cryptolab_smaug1_genAx)
/home/pacl/Documents/Repository/sca-2026/lib/crypto_kem/smaug1.a(pack.c.o)
                              /home/pacl/Documents/Repository/sca-2026/lib/crypto_kem/smaug1.a(key.c.o) (cryptolab_smaug1_bytes_to_Rq)
/home/pacl/Documents/Repository/sca-2026/lib/crypto_kem/smaug1.a(poly.c.o)
                              /home/pacl/Documents/Repository/sca-2026/lib/crypto_kem/smaug1.a(indcpa.c.o) (cryptolab_smaug1_vec_vec_mult_add)
/home/pacl/Documents/Repository/sca-2026/lib/crypto_kem/smaug1.a(toomcook.c.o)
                              /home/pacl/Documents/Repository/sca-2026/lib/crypto_kem/smaug1.a(poly.c.o) (cryptolab_smaug1_poly_mul_acc)
/home/pacl/Documents/Repository/sca-2026/lib/crypto_kem/smaug1.a(cbd.c.o)
                              /home/pacl/Documents/Repository/sca-2026/lib/crypto_kem/smaug1.a(indcpa.c.o) (cryptolab_smaug1_poly_cbd)
/home/pacl/Documents/Repository/sca-2026/lib/crypto_kem/smaug1.a(ciphertext.c.o)
                              /home/pacl/Documents/Repository/sca-2026/lib/crypto_kem/smaug1.a(indcpa.c.o) (cryptolab_smaug1_computeC1)
/home/pacl/Documents/Repository/sca-2026/lib/crypto_kem/smaug1.a(dg.c.o)
                              /home/pacl/Documents/Repository/sca-2026/lib/crypto_kem/smaug1.a(key.c.o) (cryptolab_smaug1_addGaussianErrorVec)
/home/pacl/Documents/Repository/sca-2026/lib/crypto_kem/smaug1.a(hwt.c.o)
                              /home/pacl/Documents/Repository/sca-2026/lib/crypto_kem/smaug1.a(key.c.o) (cryptolab_smaug1_hwt)
/usr/lib/gcc/arm-none-eabi/13.2.1/../../../arm-none-eabi/lib/thumb/v7e-m+fp/hard/libg.a(libc_a-memset.o)
                              /usr/lib/gcc/arm-none-eabi/13.2.1/../../../arm-none-eabi/lib/thumb/v7e-m+fp/hard/crt0.o (memset)
/usr/lib/gcc/arm-none-eabi/13.2.1/../../../arm-none-eabi/lib/thumb/v7e-m+fp/hard/libg.a(libc_a-errno.o)
                              objdir-CW308_STM32F4/stm32f4_sysmem.o (__errno)
/usr/lib/gcc/arm-none-eabi/13.2.1/../../../arm-none-eabi/lib/thumb/v7e-m+fp/hard/libg.a(libc_a-impure.o)
                              /usr/lib/gcc/arm-none-eabi/13.2.1/../../../arm-none-eabi/lib/thumb/v7e-m+fp/hard/libg.a(libc_a-errno.o) (_impure_ptr)
/usr/lib/gcc/arm-none-eabi/13.2.1/../../../arm-none-eabi/lib/thumb/v7e-m+fp/hard/libg.a(libc_a-memcpy.o)
                              /home/pacl/Documents/Repository/sca-2026/lib/crypto_kem/smaug1.a(fips202.c.o) (memcpy)
/usr/lib/gcc/arm-none-eabi/13.2.1/../../../arm-none-eabi/lib/thumb/v7e-m+fp/hard/libg.a(libc_a-init.o)
                              /usr/lib/gcc/arm-none-eabi/13.2.1/../../../arm-none-eabi/lib/thumb/v7e-m+fp/hard/crt0.o (__libc_init_array)
/usr/lib/gcc/arm-none-eabi/13.2.1/../../../arm-none-eabi/lib/thumb/v7e-m+fp/hard/libg.a(libc_a-findfp.o)
                              /usr/lib/gcc/arm-none-eabi/13.2.1/../../../arm-none-eabi/lib/thumb/v7e-m+fp/hard/libg.a(libc_a-impure.o) (__sf)
/usr/lib/gcc/arm-none-eabi/13.2.1/../../../arm-none-eabi/lib/thumb/v7e-m+fp/hard/libg.a(libc_a-exit.o)
[...]
Memory Configuration

Name             Origin             Length             Attributes
RAM              0x20000000         0x00020000         xrw
ROM              0x08000000         0x00100000         xr
*default*        0x00000000         0xffffffff

Linker script and memory map

LOAD /usr/lib/gcc/arm-none-eabi/13.2.1/thumb/v7e-m+fp/hard/crti.o
LOAD /usr/lib/gcc/arm-none-eabi/13.2.1/thumb/v7e-m+fp/hard/crtbegin.o
LOAD /usr/lib/gcc/arm-none-eabi/13.2.1/../../../arm-none-eabi/lib/thumb/v7e-m+fp/hard/crt0.o
LOAD objdir-CW308_STM32F4/simpleserial-smaug.o
LOAD objdir-CW308_STM32F4/smaug_rng.o
LOAD objdir-CW308_STM32F4/simpleserial.o
LOAD objdir-CW308_STM32F4/hal.o
LOAD objdir-CW308_STM32F4/stm32f4_hal.o
LOAD objdir-CW308_STM32F4/stm32f4_hal_lowlevel.o
LOAD objdir-CW308_STM32F4/stm32f4_sysmem.o
LOAD objdir-CW308_STM32F4/stm32f4xx_hal_rng.o
LOAD objdir-CW308_STM32F4/stm32f4_startup.o
LOAD /home/pacl/Documents/Repository/sca-2026/lib/crypto_kem/smaug1.a
LOAD /usr/lib/gcc/arm-none-eabi/13.2.1/../../../arm-none-eabi/lib/thumb/v7e-m+fp/hard/libm.a
LOAD /usr/lib/gcc/arm-none-eabi/13.2.1/../../../arm-none-eabi/lib/thumb/v7e-m+fp/hard/libm.a
START GROUP
LOAD /usr/lib/gcc/arm-none-eabi/13.2.1/thumb/v7e-m+fp/hard/libgcc.a
LOAD /usr/lib/gcc/arm-none-eabi/13.2.1/../../../arm-none-eabi/lib/thumb/v7e-m+fp/hard/libg.a
LOAD /usr/lib/gcc/arm-none-eabi/13.2.1/../../../arm-none-eabi/lib/thumb/v7e-m+fp/hard/libc.a
END GROUP
START GROUP
LOAD /usr/lib/gcc/arm-none-eabi/13.2.1/thumb/v7e-m+fp/hard/libgcc.a
LOAD /usr/lib/gcc/arm-none-eabi/13.2.1/../../../arm-none-eabi/lib/thumb/v7e-m+fp/hard/libc.a
LOAD /usr/lib/gcc/arm-none-eabi/13.2.1/../../../arm-none-eabi/lib/thumb/v7e-m+fp/hard/libnosys.a
END GROUP
LOAD /usr/lib/gcc/arm-none-eabi/13.2.1/thumb/v7e-m+fp/hard/crtend.o
LOAD /usr/lib/gcc/arm-none-eabi/13.2.1/thumb/v7e-m+fp/hard/crtn.o
                0x20020000                        _estack = 0x20020000
                0x00000000                        _Min_Heap_Size = 0x0
                0x00000400                        _Min_Stack_Size = 0x400

.isr_vector     0x08000000      0x188
                0x08000000                        . = ALIGN (0x4)
 *(.isr_vector)
 .isr_vector    0x08000000      0x188 objdir-CW308_STM32F4/stm32f4_startup.o
                0x08000000                g_pfnVectors
                0x08000188                        . = ALIGN (0x4)

.text           0x08000200     0x7e5c
                0x08000200                        . = ALIGN (0x4)
 *(.text)
 .text          0x08000200       0x88 /usr/lib/gcc/arm-none-eabi/13.2.1/thumb/v7e-m+fp/hard/crtbegin.o
 .text          0x08000288      0x262 /home/pacl/Documents/Repository/sca-2026/lib/crypto_kem/smaug1.a(kem.c.o)
                0x08000288                crypto_kem_keypair
                0x080002d6                crypto_kem_enc
                0x08000368                crypto_kem_dec
 .text          0x080004ea       0xd2 /home/pacl/Documents/Repository/sca-2026/lib/crypto_kem/smaug1.a(verify.c.o)
                0x080004ea                cryptolab_smaug1_verify
                0x08000558                cryptolab_smaug1_cmov
 .text          0x080005bc      0xc00 /home/pacl/Documents/Repository/sca-2026/lib/crypto_kem/smaug1.a(fips202.c.o)
                0x08000922                shake128_inc_init
                0x0800093a                shake128_inc_absorb
                0x0800095a                shake128_inc_finalize
                0x08000976                shake128_inc_squeeze
                0x08000996                shake128_inc_ctx_clone
                0x080009b2                shake128_inc_ctx_release
                0x080009c6                shake256_inc_init
                0x080009de                shake256_inc_absorb
                0x080009fe                shake256_inc_finalize
                0x08000a1a                shake256_inc_squeeze
                0x08000a3a                shake256_inc_ctx_clone
                0x08000a56                shake256_inc_ctx_release
                0x08000a6a                cshake128_simple_absorb
                0x08000af6                cshake128_simple_squeezeblocks
                0x08000b16                cshake128_simple
                0x08000ba6                shake128_absorb
                0x08000bf0                shake128_squeezeblocks
                0x08000c10                shake128
                0x08000c5a                shake128_ctx_release
                0x08000c6e                shake128_ctx_clone
                0x08000c8a                shake256_absorb
                0x08000cd4                shake256_squeezeblocks
                0x08000cf4                shake256
                0x08000d3e                shake256_ctx_release
                0x08000d52                shake256_ctx_clone
                0x08000d6e                sha3_256
                0x08000db6                sha3_256_inc_init
                0x08000dce                sha3_256_inc_absorb
                0x08000dee                sha3_256_inc_finalize
                0x08000e4c                sha3_256_inc_ctx_clone
                0x08000e68                sha3_256_inc_ctx_release
                0x08000e7c                sha3_384_inc_init
                0x08000e94                sha3_384_inc_absorb
                0x08000eb4                sha3_384_inc_finalize
                0x08000f06                sha3_384_inc_ctx_clone
                0x08000f22                sha3_384_inc_ctx_release
                0x08000f36                sha3_384
                0x08000f7e                sha3_512
                0x08000fc6                sha3_512_inc_init
                0x08000fde                sha3_512_inc_absorb
                0x08000ffe                sha3_512_inc_finalize
                0x08001050                sha3_512_inc_ctx_clone
                0x0800106c                sha3_512_inc_ctx_release
                0x08001080                cshake256_simple_absorb
                0x0800110c                cshake256_simple_squeezeblocks
                0x0800112c                cshake256_simple
 .text          0x080011bc       0x82 /home/pacl/Documents/Repository/sca-2026/lib/crypto_kem/smaug1.a(randombytes.c.o)
                0x080011bc                PQCLEAN_randombytes
 *fill*         0x0800123e       0xc2 
 .text          0x08001300     0x1fa0 /home/pacl/Documents/Repository/sca-2026/lib/crypto_kem/smaug1.a(keccakf1600.S.o)
                0x08001300                KeccakF1600_Initialize
                0x08001400                KeccakF1600_StateXORBytes
                0x08001700                KeccakF1600_StateExtractBytes
                0x08001b00                KeccakF1600_StatePermute
 .text          0x080032a0       0x58 /home/pacl/Documents/Repository/sca-2026/lib/crypto_kem/smaug1.a(hash.c.o)
                0x080032a0                cryptolab_smaug1_shake256_absorb_twice_squeeze
 .text          0x080032f8      0x642 /home/pacl/Documents/Repository/sca-2026/lib/crypto_kem/smaug1.a(indcpa.c.o)
                0x080032f8                cryptolab_smaug1_genRx_vec
                0x08003372                cryptolab_smaug1_indcpa_keypair
                0x08003476                cryptolab_smaug1_indcpa_enc
                0x08003596                cryptolab_smaug1_indcpa_dec
 .text          0x0800393a      0x148 /home/pacl/Documents/Repository/sca-2026/lib/crypto_kem/smaug1.a(io.c.o)
                0x0800393a                cryptolab_smaug1_save_to_string
                0x0800396a                cryptolab_smaug1_load_from_string
                0x0800399a                cryptolab_smaug1_save_to_string_sk
                0x080039d6                cryptolab_smaug1_load_from_string_sk
                0x08003a12                cryptolab_smaug1_save_to_string_pk
                0x08003a44                cryptolab_smaug1_load_from_string_pk
 .text          0x08003a82      0x1ca /home/pacl/Documents/Repository/sca-2026/lib/crypto_kem/smaug1.a(key.c.o)
                0x08003a82                cryptolab_smaug1_genAx
                0x08003b62                cryptolab_smaug1_genBx
                0x08003b8a                cryptolab_smaug1_genSx_vec
                0x08003c04                cryptolab_smaug1_genPubkey
 .text          0x08003c4c      0xdd8 /home/pacl/Documents/Repository/sca-2026/lib/crypto_kem/smaug1.a(pack.c.o)
                0x08003d16                cryptolab_smaug1_Rq_to_bytes
                0x08004092                cryptolab_smaug1_bytes_to_Rq
                0x0800437e                cryptolab_smaug1_Rq_vec_to_bytes
                0x080043c2                cryptolab_smaug1_bytes_to_Rq_vec
                0x08004406                cryptolab_smaug1_Rq_mat_to_bytes
                0x0800444a                cryptolab_smaug1_bytes_to_Rq_mat
                0x0800448e                cryptolab_smaug1_Rp_to_bytes
                0x080044d2                cryptolab_smaug1_Rp2_to_bytes
                0x08004656                cryptolab_smaug1_bytes_to_Rp
                0x0800469a                cryptolab_smaug1_bytes_to_Rp2
                0x08004822                cryptolab_smaug1_Rp_vec_to_bytes
                0x0800485e                cryptolab_smaug1_bytes_to_Rp_vec
                0x0800489a                cryptolab_smaug1_Sx_to_bytes
                0x08004930                cryptolab_smaug1_bytes_to_Sx
 .text          0x08004a24      0x4ac /home/pacl/Documents/Repository/sca-2026/lib/crypto_kem/smaug1.a(poly.c.o)
                0x08004a24                poly_add
                0x08004a72                poly_sub
                0x08004ac0                vec_vec_mult
                0x08004b00                cryptolab_smaug1_vec_vec_mult_add
                0x08004c44                cryptolab_smaug1_matrix_vec_mult_add
                0x08004d7c                cryptolab_smaug1_matrix_vec_mult_sub
 .text          0x08004ed0     0x102e /home/pacl/Documents/Repository/sca-2026/lib/crypto_kem/smaug1.a(toomcook.c.o)
                0x08005e12                cryptolab_smaug1_poly_mul_acc
 *fill*         0x08005efe        0x2 
 .text          0x08005f00      0x10c /home/pacl/Documents/Repository/sca-2026/lib/crypto_kem/smaug1.a(cbd.c.o)
                0x08005ff0                cryptolab_smaug1_poly_cbd
 .text          0x0800600c      0x108 /home/pacl/Documents/Repository/sca-2026/lib/crypto_kem/smaug1.a(ciphertext.c.o)
                0x0800600c                cryptolab_smaug1_computeC1
                0x08006078                cryptolab_smaug1_computeC2
 .text          0x08006114      0xae6 /home/pacl/Documents/Repository/sca-2026/lib/crypto_kem/smaug1.a(dg.c.o)
                0x080062b6                cryptolab_smaug1_addGaussianError
                0x08006b98                cryptolab_smaug1_addGaussianErrorVec
 .text          0x08006bfa      0x2d6 /home/pacl/Documents/Repository/sca-2026/lib/crypto_kem/smaug1.a(hwt.c.o)
                0x08006d04                cryptolab_smaug1_hwt
 .text          0x08006ed0       0xa4 /usr/lib/gcc/arm-none-eabi/13.2.1/../../../arm-none-eabi/lib/thumb/v7e-m+fp/hard/libg.a(libc_a-memset.o)
                0x08006ed0                memset
 .text          0x08006f74      0x134 /usr/lib/gcc/arm-none-eabi/13.2.1/../../../arm-none-eabi/lib/thumb/v7e-m+fp/hard/libg.a(libc_a-memcpy.o)
                0x08006f74                memcpy
 .text          0x080070a8       0x50 /usr/lib/gcc/arm-none-eabi/13.2.1/../../../arm-none-eabi/lib/thumb/v7e-m+fp/hard/libg.a(libc_a-init.o)
                0x080070a8                __libc_init_array
 .text          0x080070f8        0xc /usr/lib/gcc/arm-none-eabi/13.2.1/../../../arm-none-eabi/lib/thumb/v7e-m+fp/hard/libg.a(libc_a-atexit.o)
                0x080070f8                atexit
 .text          0x08007104       0x28 /usr/lib/gcc/arm-none-eabi/13.2.1/../../../arm-none-eabi/lib/thumb/v7e-m+fp/hard/libg.a(libc_a-fini.o)
                0x08007104                __libc_fini_array
 .text          0x0800712c       0x64 /usr/lib/gcc/arm-none-eabi/13.2.1/../../../arm-none-eabi/lib/thumb/v7e-m+fp/hard/libg.a(libc_a-__atexit.o)
                0x0800712c                __register_exitproc
 *(.text*)
 .text.cmd_pipeline
                0x08007190       0x78 objdir-CW308_STM32F4/simpleserial-smaug.o
 .text.cmd_decaps
                0x08007208       0x5c objdir-CW308_STM32F4/simpleserial-smaug.o
 .text.cmd_encaps
                0x08007264       0x28 objdir-CW308_STM32F4/simpleserial-smaug.o
 .text.cmd_keypair
                0x0800728c       0x20 objdir-CW308_STM32F4/simpleserial-smaug.o
 .text.startup.main
                0x080072ac       0x50 objdir-CW308_STM32F4/simpleserial-smaug.o
                0x080072ac                main
 .text.rng_get_random_blocking
                0x080072fc        0x4 objdir-CW308_STM32F4/smaug_rng.o
                0x080072fc                rng_get_random_blocking
 .text.check_version
                0x08007300        0x4 objdir-CW308_STM32F4/simpleserial.o
                0x08007300                check_version
 .text.simpleserial_put.part.0
                0x08007304       0x40 objdir-CW308_STM32F4/simpleserial.o
 .text.ss_num_commands
                0x08007344       0x24 objdir-CW308_STM32F4/simpleserial.o
                0x08007344                ss_num_commands
 .text.ss_get_commands
                0x08007368       0x50 objdir-CW308_STM32F4/simpleserial.o
                0x08007368                ss_get_commands
 .text.hex_decode
                0x080073b8       0x78 objdir-CW308_STM32F4/simpleserial.o
                0x080073b8                hex_decode
 .text.simpleserial_addcmd_flags
                0x08007430       0x2c objdir-CW308_STM32F4/simpleserial.o
                0x08007430                simpleserial_addcmd_flags
 .text.simpleserial_addcmd
                0x0800745c        0x6 objdir-CW308_STM32F4/simpleserial.o
                0x0800745c                simpleserial_addcmd
 *fill*         0x08007462        0x2 
 .text.simpleserial_init
                0x08007464       0x2c objdir-CW308_STM32F4/simpleserial.o
                0x08007464                simpleserial_init
 .text.simpleserial_get
                0x08007490       0xbc objdir-CW308_STM32F4/simpleserial.o
                0x08007490                simpleserial_get
 .text.simpleserial_put
                0x0800754c        0x8 objdir-CW308_STM32F4/simpleserial.o
                0x0800754c                simpleserial_put
 .text.platform_init
                0x08007554       0x90 objdir-CW308_STM32F4/stm32f4_hal.o
                0x08007554                platform_init
 .text.init_uart
                0x080075e4       0x7c objdir-CW308_STM32F4/stm32f4_hal.o
                0x080075e4                init_uart
 .text.trigger_setup
                0x08007660       0x40 objdir-CW308_STM32F4/stm32f4_hal.o
                0x08007660                trigger_setup
 .text.trigger_high
                0x080076a0       0x10 objdir-CW308_STM32F4/stm32f4_hal.o
                0x080076a0                trigger_high
 .text.trigger_low
                0x080076b0       0x10 objdir-CW308_STM32F4/stm32f4_hal.o
                0x080076b0                trigger_low
 .text.getch    0x080076c0       0x24 objdir-CW308_STM32F4/stm32f4_hal.o
                0x080076c0                getch
 .text.putch    0x080076e4       0x20 objdir-CW308_STM32F4/stm32f4_hal.o
                0x080076e4                putch
 .text.get_rand
                0x08007704       0x20 objdir-CW308_STM32F4/stm32f4_hal.o
                0x08007704                get_rand
 .text.HAL_GetTick
                0x08007724       0x10 objdir-CW308_STM32F4/stm32f4_hal_lowlevel.o
                0x08007724                HAL_GetTick
 .text.HAL_RCC_OscConfig
                0x08007734      0x33c objdir-CW308_STM32F4/stm32f4_hal_lowlevel.o
                0x08007734                HAL_RCC_OscConfig
 .text.HAL_RCC_ClockConfig
                0x08007a70      0x130 objdir-CW308_STM32F4/stm32f4_hal_lowlevel.o
                0x08007a70                HAL_RCC_ClockConfig
 .text.HAL_GPIO_Init
                0x08007ba0      0x1b0 objdir-CW308_STM32F4/stm32f4_hal_lowlevel.o
                0x08007ba0                HAL_GPIO_Init
 .text.HAL_GPIO_WritePin
                0x08007d50        0xa objdir-CW308_STM32F4/stm32f4_hal_lowlevel.o
                0x08007d50                HAL_GPIO_WritePin
 *fill*         0x08007d5a        0x2 
 .text.HAL_UART_Init
                0x08007d5c       0xdc objdir-CW308_STM32F4/stm32f4_hal_lowlevel.o
                0x08007d5c                HAL_UART_Init
 .text.HAL_UART_Transmit
                0x08007e38       0x8a objdir-CW308_STM32F4/stm32f4_hal_lowlevel.o
                0x08007e38                HAL_UART_Transmit
 .text.HAL_UART_Receive
                0x08007ec2       0x92 objdir-CW308_STM32F4/stm32f4_hal_lowlevel.o
                0x08007ec2                HAL_UART_Receive
 .text.HAL_RNG_MspInit
                0x08007f54        0x2 objdir-CW308_STM32F4/stm32f4xx_hal_rng.o
                0x08007f54                HAL_RNG_MspInit
 .text.HAL_RNG_Init
                0x08007f56       0x3a objdir-CW308_STM32F4/stm32f4xx_hal_rng.o
                0x08007f56                HAL_RNG_Init
 .text.HAL_RNG_GenerateRandomNumber
                0x08007f90       0x54 objdir-CW308_STM32F4/stm32f4xx_hal_rng.o
                0x08007f90                HAL_RNG_GenerateRandomNumber
 .text.Reset_Handler
                0x08007fe4       0x48 objdir-CW308_STM32F4/stm32f4_startup.o
                0x08007fe4                Reset_Handler
 .text.Default_Handler
                0x0800802c        0x2 objdir-CW308_STM32F4/stm32f4_startup.o
                0x0800802c                DebugMon_Handler
                0x0800802c                HardFault_Handler
                0x0800802c                SysTick_Handler
                0x0800802c                PendSV_Handler
                0x0800802c                NMI_Handler
                0x0800802c                UsageFault_Handler
                0x0800802c                Default_Handler
                0x0800802c                MemManage_Handler
                0x0800802c                SVC_Handler
                0x0800802c                BusFault_Handler
 *fill*         0x0800802e        0x2 
 .text.startup  0x08008030       0x14 /usr/lib/gcc/arm-none-eabi/13.2.1/../../../arm-none-eabi/lib/thumb/v7e-m+fp/hard/libg.a(libc_a-__call_atexit.o)
 *(.glue_7)
 .glue_7        0x08008044        0x0 linker stubs
 *(.glue_7t)
 .glue_7t       0x08008044        0x0 linker stubs
 *(.eh_frame)
 .eh_frame      0x08008044        0x0 /usr/lib/gcc/arm-none-eabi/13.2.1/thumb/v7e-m+fp/hard/crtbegin.o
 *(.init)
 .init          0x08008044        0x4 /usr/lib/gcc/arm-none-eabi/13.2.1/thumb/v7e-m+fp/hard/crti.o
                0x08008044                _init
 .init          0x08008048        0x8 /usr/lib/gcc/arm-none-eabi/13.2.1/thumb/v7e-m+fp/hard/crtn.o
 *(.fini)
 .fini          0x08008050        0x4 /usr/lib/gcc/arm-none-eabi/13.2.1/thumb/v7e-m+fp/hard/crti.o
                0x08008050                _fini
 .fini          0x08008054        0x8 /usr/lib/gcc/arm-none-eabi/13.2.1/thumb/v7e-m+fp/hard/crtn.o
                0x0800805c                        . = ALIGN (0x4)
                0x0800805c                        _etext = .

.vfp11_veneer   0x0800805c        0x0
 .vfp11_veneer  0x0800805c        0x0 linker stubs

.v4_bx          0x0800805c        0x0
 .v4_bx         0x0800805c        0x0 linker stubs

.iplt           0x0800805c        0x0
 .iplt          0x0800805c        0x0 /usr/lib/gcc/arm-none-eabi/13.2.1/thumb/v7e-m+fp/hard/crtbegin.o

.rodata         0x0800805c       0x10
                0x0800805c                        . = ALIGN (0x4)
 *(.rodata)
 .rodata        0x0800805c       0x10 objdir-CW308_STM32F4/simpleserial.o
 *(.rodata*)
                0x0800806c                        . = ALIGN (0x4)

.ARM.extab      0x0800806c        0x0
                0x0800806c                        . = ALIGN (0x4)
 *(.ARM.extab* .gnu.linkonce.armextab.*)
                0x0800806c                        . = ALIGN (0x4)

.ARM            0x0800806c        0x8
                0x0800806c                        . = ALIGN (0x4)
                0x0800806c                        __exidx_start = .
 *(.ARM.exidx*)
 .ARM.exidx     0x0800806c        0x8 /usr/lib/gcc/arm-none-eabi/13.2.1/../../../arm-none-eabi/lib/thumb/v7e-m+fp/hard/libg.a(libc_a-memcpy.o)
                0x08008074                        __exidx_end = .
                0x08008074                        . = ALIGN (0x4)

.rel.dyn        0x08008074        0x0
 .rel.iplt      0x08008074        0x0 /usr/lib/gcc/arm-none-eabi/13.2.1/thumb/v7e-m+fp/hard/crtbegin.o

.preinit_array  0x08008074        0x0
                0x08008074                        . = ALIGN (0x4)
                0x08008074                        PROVIDE (__preinit_array_start = .)
 *(.preinit_array*)
                0x08008074                        PROVIDE (__preinit_array_end = .)
                0x08008074                        . = ALIGN (0x4)

.init_array     0x08008074        0x8
                0x08008074                        . = ALIGN (0x4)
                0x08008074                        PROVIDE (__init_array_start = .)
 *(SORT_BY_NAME(.init_array.*))
 .init_array.00000
                0x08008074        0x4 /usr/lib/gcc/arm-none-eabi/13.2.1/../../../arm-none-eabi/lib/thumb/v7e-m+fp/hard/libg.a(libc_a-__call_atexit.o)
 *(.init_array*)
 .init_array    0x08008078        0x4 /usr/lib/gcc/arm-none-eabi/13.2.1/thumb/v7e-m+fp/hard/crtbegin.o
                0x0800807c                        PROVIDE (__init_array_end = .)
                0x0800807c                        . = ALIGN (0x4)

.fini_array     0x0800807c        0x4
                0x0800807c                        . = ALIGN (0x4)
                0x0800807c                        PROVIDE (__fini_array_start = .)
 *(SORT_BY_NAME(.fini_array.*))
 *(.fini_array*)
 .fini_array    0x0800807c        0x4 /usr/lib/gcc/arm-none-eabi/13.2.1/thumb/v7e-m+fp/hard/crtbegin.o
                0x08008080                        PROVIDE (__fini_array_end = .)
                0x08008080                        . = ALIGN (0x4)
                0x08008080                        _sidata = LOADADDR (.data)

.data           0x20000000        0x0 load address 0x08008080
                0x20000000                        . = ALIGN (0x4)
                0x20000000                        _sdata = .
 *(.data)
 *(.data*)
                0x20000000                        . = ALIGN (0x4)
                0x20000000                        _edata = .

.tm_clone_table
                0x20000000        0x0 load address 0x08008080
 .tm_clone_table
                0x20000000        0x0 /usr/lib/gcc/arm-none-eabi/13.2.1/thumb/v7e-m+fp/hard/crtbegin.o
 .tm_clone_table
                0x20000000        0x0 /usr/lib/gcc/arm-none-eabi/13.2.1/thumb/v7e-m+fp/hard/crtend.o

.igot.plt       0x20000000        0x0 load address 0x08008080
 .igot.plt      0x20000000        0x0 /usr/lib/gcc/arm-none-eabi/13.2.1/thumb/v7e-m+fp/hard/crtbegin.o
                0x20000000                        . = ALIGN (0x4)

.bss            0x20000000      0xd14 load address 0x08008080
                0x20000000                        _sbss = .
                0x20000000                        __bss_start__ = _sbss
 *(.bss)
 .bss           0x20000000       0x1c /usr/lib/gcc/arm-none-eabi/13.2.1/thumb/v7e-m+fp/hard/crtbegin.o
 .bss           0x2000001c      0x8c0 objdir-CW308_STM32F4/simpleserial-smaug.o
 .bss           0x200008dc      0x204 objdir-CW308_STM32F4/simpleserial.o
 .bss           0x20000ae0       0x9c objdir-CW308_STM32F4/stm32f4_hal.o
                0x20000ae0                RngHandle
                0x20000aec                UartHandle
                0x20000b6c                hw_key
 .bss           0x20000b7c        0x4 objdir-CW308_STM32F4/stm32f4_hal_lowlevel.o
 .bss           0x20000b80        0x4 /usr/lib/gcc/arm-none-eabi/13.2.1/../../../arm-none-eabi/lib/thumb/v7e-m+fp/hard/libg.a(libc_a-__call_atexit.o)
                0x20000b80                __atexit
 .bss           0x20000b84      0x190 /usr/lib/gcc/arm-none-eabi/13.2.1/../../../arm-none-eabi/lib/thumb/v7e-m+fp/hard/libg.a(libc_a-__atexit.o)
                0x20000b84                __atexit0
 *(.bss*)
 *(COMMON)
                0x20000d14                        . = ALIGN (0x4)
                0x20000d14                        _ebss = .
                0x20000d14                        __bss_end__ = _ebss

._user_heap_stack
                0x20000d14      0x404 load address 0x08008080
                0x20000d18                        . = ALIGN (0x8)
 *fill*         0x20000d14        0x4 
                0x20000d18                        PROVIDE (end = .)
                [!provide]                        PROVIDE (_end = .)
                0x20000d18                        . = (. + _Min_Heap_Size)
                0x20001118                        . = (. + _Min_Stack_Size)
 *fill*         0x20000d18      0x400 
                0x20001118                        . = ALIGN (0x8)

/DISCARD/
 libc.a(*)
 libm.a(*)
 libgcc.a(*)

.ARM.attributes
                0x00000000       0x30
 *(.ARM.attributes)
 .ARM.attributes
                0x00000000       0x22 /usr/lib/gcc/arm-none-eabi/13.2.1/thumb/v7e-m+fp/hard/crti.o
 .ARM.attributes
                0x00000022       0x34 /usr/lib/gcc/arm-none-eabi/13.2.1/thumb/v7e-m+fp/hard/crtbegin.o
 .ARM.attributes
                0x00000056       0x34 objdir-CW308_STM32F4/simpleserial-smaug.o
 .ARM.attributes
                0x0000008a       0x34 objdir-CW308_STM32F4/smaug_rng.o
 .ARM.attributes
                0x000000be       0x34 objdir-CW308_STM32F4/simpleserial.o
 .ARM.attributes
                0x000000f2       0x34 objdir-CW308_STM32F4/stm32f4_hal.o
 .ARM.attributes
                0x00000126       0x34 objdir-CW308_STM32F4/stm32f4_hal_lowlevel.o
 .ARM.attributes
                0x0000015a       0x34 objdir-CW308_STM32F4/stm32f4xx_hal_rng.o
 .ARM.attributes
                0x0000018e       0x25 objdir-CW308_STM32F4/stm32f4_startup.o
 .ARM.attributes
                0x000001b3       0x34 /home/pacl/Documents/Repository/sca-2026/lib/crypto_kem/smaug1.a(kem.c.o)
 .ARM.attributes
                0x000001e7       0x34 /home/pacl/Documents/Repository/sca-2026/lib/crypto_kem/smaug1.a(verify.c.o)
 .ARM.attributes
                0x0000021b       0x34 /home/pacl/Documents/Repository/sca-2026/lib/crypto_kem/smaug1.a(fips202.c.o)
 .ARM.attributes
                0x0000024f       0x34 /home/pacl/Documents/Repository/sca-2026/lib/crypto_kem/smaug1.a(randombytes.c.o)
 .ARM.attributes
                0x00000283       0x20 /home/pacl/Documents/Repository/sca-2026/lib/crypto_kem/smaug1.a(keccakf1600.S.o)
 .ARM.attributes
                0x000002a3       0x34 /home/pacl/Documents/Repository/sca-2026/lib/crypto_kem/smaug1.a(hash.c.o)
 .ARM.attributes
                0x000002d7       0x34 /home/pacl/Documents/Repository/sca-2026/lib/crypto_kem/smaug1.a(indcpa.c.o)
 .ARM.attributes
                0x0000030b       0x34 /home/pacl/Documents/Repository/sca-2026/lib/crypto_kem/smaug1.a(io.c.o)
 .ARM.attributes
                0x0000033f       0x34 /home/pacl/Documents/Repository/sca-2026/lib/crypto_kem/smaug1.a(key.c.o)
 .ARM.attributes
                0x00000373       0x34 /home/pacl/Documents/Repository/sca-2026/lib/crypto_kem/smaug1.a(pack.c.o)
 .ARM.attributes
                0x000003a7       0x34 /home/pacl/Documents/Repository/sca-2026/lib/crypto_kem/smaug1.a(poly.c.o)
 .ARM.attributes
                0x000003db       0x34 /home/pacl/Documents/Repository/sca-2026/lib/crypto_kem/smaug1.a(toomcook.c.o)
 .ARM.attributes
                0x0000040f       0x34 /home/pacl/Documents/Repository/sca-2026/lib/crypto_kem/smaug1.a(cbd.c.o)
 .ARM.attributes
                0x00000443       0x34 /home/pacl/Documents/Repository/sca-2026/lib/crypto_kem/smaug1.a(ciphertext.c.o)
 .ARM.attributes
                0x00000477       0x34 /home/pacl/Documents/Repository/sca-2026/lib/crypto_kem/smaug1.a(dg.c.o)
 .ARM.attributes
                0x000004ab       0x34 /home/pacl/Documents/Repository/sca-2026/lib/crypto_kem/smaug1.a(hwt.c.o)
 .ARM.attributes
                0x000004df       0x34 /usr/lib/gcc/arm-none-eabi/13.2.1/../../../arm-none-eabi/lib/thumb/v7e-m+fp/hard/libg.a(libc_a-memset.o)
 .ARM.attributes
                0x00000513       0x20 /usr/lib/gcc/arm-none-eabi/13.2.1/../../../arm-none-eabi/lib/thumb/v7e-m+fp/hard/libg.a(libc_a-memcpy.o)
 .ARM.attributes
                0x00000533       0x34 /usr/lib/gcc/arm-none-eabi/13.2.1/../../../arm-none-eabi/lib/thumb/v7e-m+fp/hard/libg.a(libc_a-init.o)
 .ARM.attributes
                0x00000567       0x34 /usr/lib/gcc/arm-none-eabi/13.2.1/../../../arm-none-eabi/lib/thumb/v7e-m+fp/hard/libg.a(libc_a-atexit.o)
 .ARM.attributes
                0x0000059b       0x34 /usr/lib/gcc/arm-none-eabi/13.2.1/../../../arm-none-eabi/lib/thumb/v7e-m+fp/hard/libg.a(libc_a-fini.o)
 .ARM.attributes
                0x000005cf       0x34 /usr/lib/gcc/arm-none-eabi/13.2.1/../../../arm-none-eabi/lib/thumb/v7e-m+fp/hard/libg.a(libc_a-__call_atexit.o)
 .ARM.attributes
                0x00000603       0x34 /usr/lib/gcc/arm-none-eabi/13.2.1/../../../arm-none-eabi/lib/thumb/v7e-m+fp/hard/libg.a(libc_a-__atexit.o)
 .ARM.attributes
                0x00000637       0x34 /usr/lib/gcc/arm-none-eabi/13.2.1/thumb/v7e-m+fp/hard/crtend.o
 .ARM.attributes
                0x0000066b       0x22 /usr/lib/gcc/arm-none-eabi/13.2.1/thumb/v7e-m+fp/hard/crtn.o
OUTPUT(simpleserial-smaug-CW308_STM32F4.elf elf32-littlearm)
LOAD linker stubs
LOAD /usr/lib/gcc/arm-none-eabi/13.2.1/../../../arm-none-eabi/lib/thumb/v7e-m+fp/hard/libc.a
LOAD /usr/lib/gcc/arm-none-eabi/13.2.1/../../../arm-none-eabi/lib/thumb/v7e-m+fp/hard/libm.a
LOAD /usr/lib/gcc/arm-none-eabi/13.2.1/thumb/v7e-m+fp/hard/libgcc.a

.comment        0x00000000       0x6c
 .comment       0x00000000       0x6c /usr/lib/gcc/arm-none-eabi/13.2.1/thumb/v7e-m+fp/hard/crtbegin.o
                                 0x27 (size before relaxing)
 .comment       0x0000006c       0x27 objdir-CW308_STM32F4/simpleserial-smaug.o
 .comment       0x0000006c       0x27 objdir-CW308_STM32F4/smaug_rng.o
 .comment       0x0000006c       0x27 objdir-CW308_STM32F4/simpleserial.o
 .comment       0x0000006c       0x27 objdir-CW308_STM32F4/stm32f4_hal.o
 .comment       0x0000006c       0x27 objdir-CW308_STM32F4/stm32f4_hal_lowlevel.o
 .comment       0x0000006c       0x27 objdir-CW308_STM32F4/stm32f4xx_hal_rng.o
 .comment       0x0000006c       0x47 /home/pacl/Documents/Repository/sca-2026/lib/crypto_kem/smaug1.a(kem.c.o)
 .comment       0x0000006c       0x47 /home/pacl/Documents/Repository/sca-2026/lib/crypto_kem/smaug1.a(verify.c.o)
 .comment       0x0000006c       0x47 /home/pacl/Documents/Repository/sca-2026/lib/crypto_kem/smaug1.a(fips202.c.o)
 .comment       0x0000006c       0x47 /home/pacl/Documents/Repository/sca-2026/lib/crypto_kem/smaug1.a(randombytes.c.o)
 .comment       0x0000006c       0x47 /home/pacl/Documents/Repository/sca-2026/lib/crypto_kem/smaug1.a(hash.c.o)
 .comment       0x0000006c       0x47 /home/pacl/Documents/Repository/sca-2026/lib/crypto_kem/smaug1.a(indcpa.c.o)
 .comment       0x0000006c       0x47 /home/pacl/Documents/Repository/sca-2026/lib/crypto_kem/smaug1.a(io.c.o)
 .comment       0x0000006c       0x47 /home/pacl/Documents/Repository/sca-2026/lib/crypto_kem/smaug1.a(key.c.o)
 .comment       0x0000006c       0x47 /home/pacl/Documents/Repository/sca-2026/lib/crypto_kem/smaug1.a(pack.c.o)
 .comment       0x0000006c       0x47 /home/pacl/Documents/Repository/sca-2026/lib/crypto_kem/smaug1.a(poly.c.o)
 .comment       0x0000006c       0x47 /home/pacl/Documents/Repository/sca-2026/lib/crypto_kem/smaug1.a(toomcook.c.o)
 .comment       0x0000006c       0x47 /home/pacl/Documents/Repository/sca-2026/lib/crypto_kem/smaug1.a(cbd.c.o)
 .comment       0x0000006c       0x47 /home/pacl/Documents/Repository/sca-2026/lib/crypto_kem/smaug1.a(ciphertext.c.o)
 .comment       0x0000006c       0x47 /home/pacl/Documents/Repository/sca-2026/lib/crypto_kem/smaug1.a(dg.c.o)
 .comment       0x0000006c       0x47 /home/pacl/Documents/Repository/sca-2026/lib/crypto_kem/smaug1.a(hwt.c.o)
 .comment       0x0000006c       0x27 /usr/lib/gcc/arm-none-eabi/13.2.1/../../../arm-none-eabi/lib/thumb/v7e-m+fp/hard/libg.a(libc_a-memset.o)
 .comment       0x0000006c       0x27 /usr/lib/gcc/arm-none-eabi/13.2.1/../../../arm-none-eabi/lib/thumb/v7e-m+fp/hard/libg.a(libc_a-init.o)
 .comment       0x0000006c       0x27 /usr/lib/gcc/arm-none-eabi/13.2.1/../../../arm-none-eabi/lib/thumb/v7e-m+fp/hard/libg.a(libc_a-atexit.o)
 .comment       0x0000006c       0x27 /usr/lib/gcc/arm-none-eabi/13.2.1/../../../arm-none-eabi/lib/thumb/v7e-m+fp/hard/libg.a(libc_a-fini.o)
 .comment       0x0000006c       0x27 /usr/lib/gcc/arm-none-eabi/13.2.1/../../../arm-none-eabi/lib/thumb/v7e-m+fp/hard/libg.a(libc_a-__call_atexit.o)
 .comment       0x0000006c       0x27 /usr/lib/gcc/arm-none-eabi/13.2.1/../../../arm-none-eabi/lib/thumb/v7e-m+fp/hard/libg.a(libc_a-__atexit.o)
 .comment       0x0000006c       0x27 /usr/lib/gcc/arm-none-eabi/13.2.1/thumb/v7e-m+fp/hard/crtend.o

.debug_info     0x00000000     0x5539
 .debug_info    0x00000000      0x604 objdir-CW308_STM32F4/simpleserial-smaug.o
 .debug_info    0x00000604       0xc4 objdir-CW308_STM32F4/smaug_rng.o
 .debug_info    0x000006c8      0x911 objdir-CW308_STM32F4/simpleserial.o
 .debug_info    0x00000fd9     0x1892 objdir-CW308_STM32F4/stm32f4_hal.o
 .debug_info    0x0000286b     0x1e81 objdir-CW308_STM32F4/stm32f4_hal_lowlevel.o
 .debug_info    0x000046ec      0x544 objdir-CW308_STM32F4/stm32f4xx_hal_rng.o
 .debug_info    0x00004c30      0x135 /usr/lib/gcc/arm-none-eabi/13.2.1/../../../arm-none-eabi/lib/thumb/v7e-m+fp/hard/libg.a(libc_a-memset.o)
 .debug_info    0x00004d65       0x33 /usr/lib/gcc/arm-none-eabi/13.2.1/../../../arm-none-eabi/lib/thumb/v7e-m+fp/hard/libg.a(libc_a-memcpy.o)
 .debug_info    0x00004d98      0x10b /usr/lib/gcc/arm-none-eabi/13.2.1/../../../arm-none-eabi/lib/thumb/v7e-m+fp/hard/libg.a(libc_a-init.o)
 .debug_info    0x00004ea3      0x11e /usr/lib/gcc/arm-none-eabi/13.2.1/../../../arm-none-eabi/lib/thumb/v7e-m+fp/hard/libg.a(libc_a-atexit.o)
 .debug_info    0x00004fc1       0xf7 /usr/lib/gcc/arm-none-eabi/13.2.1/../../../arm-none-eabi/lib/thumb/v7e-m+fp/hard/libg.a(libc_a-fini.o)
 .debug_info    0x000050b8      0x284 /usr/lib/gcc/arm-none-eabi/13.2.1/../../../arm-none-eabi/lib/thumb/v7e-m+fp/hard/libg.a(libc_a-__call_atexit.o)
 .debug_info    0x0000533c      0x1fd /usr/lib/gcc/arm-none-eabi/13.2.1/../../../arm-none-eabi/lib/thumb/v7e-m+fp/hard/libg.a(libc_a-__atexit.o)

.debug_abbrev   0x00000000     0x1526
 .debug_abbrev  0x00000000      0x1a1 objdir-CW308_STM32F4/simpleserial-smaug.o
 .debug_abbrev  0x000001a1       0x8e objdir-CW308_STM32F4/smaug_rng.o
 .debug_abbrev  0x0000022f      0x33f objdir-CW308_STM32F4/simpleserial.o
 .debug_abbrev  0x0000056e      0x2a4 objdir-CW308_STM32F4/stm32f4_hal.o
 .debug_abbrev  0x00000812      0x443 objdir-CW308_STM32F4/stm32f4_hal_lowlevel.o
 .debug_abbrev  0x00000c55      0x268 objdir-CW308_STM32F4/stm32f4xx_hal_rng.o
 .debug_abbrev  0x00000ebd       0xb7 /usr/lib/gcc/arm-none-eabi/13.2.1/../../../arm-none-eabi/lib/thumb/v7e-m+fp/hard/libg.a(libc_a-memset.o)
 .debug_abbrev  0x00000f74       0x28 /usr/lib/gcc/arm-none-eabi/13.2.1/../../../arm-none-eabi/lib/thumb/v7e-m+fp/hard/libg.a(libc_a-memcpy.o)
 .debug_abbrev  0x00000f9c       0xc9 /usr/lib/gcc/arm-none-eabi/13.2.1/../../../arm-none-eabi/lib/thumb/v7e-m+fp/hard/libg.a(libc_a-init.o)
 .debug_abbrev  0x00001065       0xc1 /usr/lib/gcc/arm-none-eabi/13.2.1/../../../arm-none-eabi/lib/thumb/v7e-m+fp/hard/libg.a(libc_a-atexit.o)
 .debug_abbrev  0x00001126       0xcc /usr/lib/gcc/arm-none-eabi/13.2.1/../../../arm-none-eabi/lib/thumb/v7e-m+fp/hard/libg.a(libc_a-fini.o)
 .debug_abbrev  0x000011f2      0x1dd /usr/lib/gcc/arm-none-eabi/13.2.1/../../../arm-none-eabi/lib/thumb/v7e-m+fp/hard/libg.a(libc_a-__call_atexit.o)
 .debug_abbrev  0x000013cf      0x157 /usr/lib/gcc/arm-none-eabi/13.2.1/../../../arm-none-eabi/lib/thumb/v7e-m+fp/hard/libg.a(libc_a-__atexit.o)

.debug_loc      0x00000000     0x24ef
 .debug_loc     0x00000000      0x2d4 objdir-CW308_STM32F4/simpleserial-smaug.o
 .debug_loc     0x000002d4       0x2b objdir-CW308_STM32F4/smaug_rng.o
 .debug_loc     0x000002ff      0x838 objdir-CW308_STM32F4/simpleserial.o
 .debug_loc     0x00000b37      0x2f2 objdir-CW308_STM32F4/stm32f4_hal.o
 .debug_loc     0x00000e29     0x12e3 objdir-CW308_STM32F4/stm32f4_hal_lowlevel.o
 .debug_loc     0x0000210c      0x3e3 objdir-CW308_STM32F4/stm32f4xx_hal_rng.o

.debug_aranges  0x00000000      0x360
 .debug_aranges
                0x00000000       0x40 objdir-CW308_STM32F4/simpleserial-smaug.o
 .debug_aranges
                0x00000040       0x20 objdir-CW308_STM32F4/smaug_rng.o
 .debug_aranges
                0x00000060       0x70 objdir-CW308_STM32F4/simpleserial.o
 .debug_aranges
                0x000000d0       0x88 objdir-CW308_STM32F4/stm32f4_hal.o
 .debug_aranges
                0x00000158       0xa0 objdir-CW308_STM32F4/stm32f4_hal_lowlevel.o
 .debug_aranges
                0x000001f8       0x80 objdir-CW308_STM32F4/stm32f4xx_hal_rng.o
 .debug_aranges
                0x00000278       0x20 /usr/lib/gcc/arm-none-eabi/13.2.1/../../../arm-none-eabi/lib/thumb/v7e-m+fp/hard/libg.a(libc_a-memset.o)
 .debug_aranges
                0x00000298       0x20 /usr/lib/gcc/arm-none-eabi/13.2.1/../../../arm-none-eabi/lib/thumb/v7e-m+fp/hard/libg.a(libc_a-memcpy.o)
 .debug_aranges
                0x000002b8       0x20 /usr/lib/gcc/arm-none-eabi/13.2.1/../../../arm-none-eabi/lib/thumb/v7e-m+fp/hard/libg.a(libc_a-init.o)
 .debug_aranges
                0x000002d8       0x20 /usr/lib/gcc/arm-none-eabi/13.2.1/../../../arm-none-eabi/lib/thumb/v7e-m+fp/hard/libg.a(libc_a-atexit.o)
 .debug_aranges
                0x000002f8       0x20 /usr/lib/gcc/arm-none-eabi/13.2.1/../../../arm-none-eabi/lib/thumb/v7e-m+fp/hard/libg.a(libc_a-fini.o)
 .debug_aranges
                0x00000318       0x28 /usr/lib/gcc/arm-none-eabi/13.2.1/../../../arm-none-eabi/lib/thumb/v7e-m+fp/hard/libg.a(libc_a-__call_atexit.o)
 .debug_aranges
                0x00000340       0x20 /usr/lib/gcc/arm-none-eabi/13.2.1/../../../arm-none-eabi/lib/thumb/v7e-m+fp/hard/libg.a(libc_a-__atexit.o)

.debug_ranges   0x00000000      0x4f8
 .debug_ranges  0x00000000       0x60 objdir-CW308_STM32F4/simpleserial-smaug.o
 .debug_ranges  0x00000060       0x10 objdir-CW308_STM32F4/smaug_rng.o
 .debug_ranges  0x00000070      0x150 objdir-CW308_STM32F4/simpleserial.o
 .debug_ranges  0x000001c0      0x120 objdir-CW308_STM32F4/stm32f4_hal.o
 .debug_ranges  0x000002e0      0x1a8 objdir-CW308_STM32F4/stm32f4_hal_lowlevel.o
 .debug_ranges  0x00000488       0x70 objdir-CW308_STM32F4/stm32f4xx_hal_rng.o

.debug_line     0x00000000     0x32eb
 .debug_line    0x00000000      0x2fe objdir-CW308_STM32F4/simpleserial-smaug.o
 .debug_line    0x000002fe       0x7a objdir-CW308_STM32F4/smaug_rng.o
 .debug_line    0x00000378      0x5ac objdir-CW308_STM32F4/simpleserial.o
 .debug_line    0x00000924      0x5df objdir-CW308_STM32F4/stm32f4_hal.o
 .debug_line    0x00000f03     0x1625 objdir-CW308_STM32F4/stm32f4_hal_lowlevel.o
 .debug_line    0x00002528      0x4d3 objdir-CW308_STM32F4/stm32f4xx_hal_rng.o
 .debug_line    0x000029fb      0x1b6 /usr/lib/gcc/arm-none-eabi/13.2.1/../../../arm-none-eabi/lib/thumb/v7e-m+fp/hard/libg.a(libc_a-memset.o)
 .debug_line    0x00002bb1       0xb9 /usr/lib/gcc/arm-none-eabi/13.2.1/../../../arm-none-eabi/lib/thumb/v7e-m+fp/hard/libg.a(libc_a-memcpy.o)
 .debug_line    0x00002c6a      0x11e /usr/lib/gcc/arm-none-eabi/13.2.1/../../../arm-none-eabi/lib/thumb/v7e-m+fp/hard/libg.a(libc_a-init.o)
 .debug_line    0x00002d88       0xc3 /usr/lib/gcc/arm-none-eabi/13.2.1/../../../arm-none-eabi/lib/thumb/v7e-m+fp/hard/libg.a(libc_a-atexit.o)
 .debug_line    0x00002e4b       0xd2 /usr/lib/gcc/arm-none-eabi/13.2.1/../../../arm-none-eabi/lib/thumb/v7e-m+fp/hard/libg.a(libc_a-fini.o)
 .debug_line    0x00002f1d      0x27f /usr/lib/gcc/arm-none-eabi/13.2.1/../../../arm-none-eabi/lib/thumb/v7e-m+fp/hard/libg.a(libc_a-__call_atexit.o)
 .debug_line    0x0000319c      0x14f /usr/lib/gcc/arm-none-eabi/13.2.1/../../../arm-none-eabi/lib/thumb/v7e-m+fp/hard/libg.a(libc_a-__atexit.o)

.debug_str      0x00000000     0x17db
 .debug_str     0x00000000     0x17db objdir-CW308_STM32F4/simpleserial-smaug.o
                                0x2ce (size before relaxing)
 .debug_str     0x000017db      0x1d8 objdir-CW308_STM32F4/smaug_rng.o
 .debug_str     0x000017db      0x32f objdir-CW308_STM32F4/simpleserial.o
 .debug_str     0x000017db      0xe59 objdir-CW308_STM32F4/stm32f4_hal.o
 .debug_str     0x000017db      0xe7a objdir-CW308_STM32F4/stm32f4_hal_lowlevel.o
 .debug_str     0x000017db      0x48e objdir-CW308_STM32F4/stm32f4xx_hal_rng.o
 .debug_str     0x000017db      0x1a8 /usr/lib/gcc/arm-none-eabi/13.2.1/../../../arm-none-eabi/lib/thumb/v7e-m+fp/hard/libg.a(libc_a-memset.o)
 .debug_str     0x000017db       0xa7 /usr/lib/gcc/arm-none-eabi/13.2.1/../../../arm-none-eabi/lib/thumb/v7e-m+fp/hard/libg.a(libc_a-memcpy.o)
 .debug_str     0x000017db      0x1f5 /usr/lib/gcc/arm-none-eabi/13.2.1/../../../arm-none-eabi/lib/thumb/v7e-m+fp/hard/libg.a(libc_a-init.o)
 .debug_str     0x000017db      0x1d1 /usr/lib/gcc/arm-none-eabi/13.2.1/../../../arm-none-eabi/lib/thumb/v7e-m+fp/hard/libg.a(libc_a-atexit.o)
 .debug_str     0x000017db      0x1cb /usr/lib/gcc/arm-none-eabi/13.2.1/../../../arm-none-eabi/lib/thumb/v7e-m+fp/hard/libg.a(libc_a-fini.o)
 .debug_str     0x000017db      0x25e /usr/lib/gcc/arm-none-eabi/13.2.1/../../../arm-none-eabi/lib/thumb/v7e-m+fp/hard/libg.a(libc_a-__call_atexit.o)
 .debug_str     0x000017db      0x23c /usr/lib/gcc/arm-none-eabi/13.2.1/../../../arm-none-eabi/lib/thumb/v7e-m+fp/hard/libg.a(libc_a-__atexit.o)

.debug_frame    0x00000000      0x750
 .debug_frame   0x00000000       0x90 objdir-CW308_STM32F4/simpleserial-smaug.o
 .debug_frame   0x00000090       0x20 objdir-CW308_STM32F4/smaug_rng.o
 .debug_frame   0x000000b0      0x144 objdir-CW308_STM32F4/simpleserial.o
 .debug_frame   0x000001f4      0x168 objdir-CW308_STM32F4/stm32f4_hal.o
 .debug_frame   0x0000035c      0x1b0 objdir-CW308_STM32F4/stm32f4_hal_lowlevel.o
 .debug_frame   0x0000050c      0x110 objdir-CW308_STM32F4/stm32f4xx_hal_rng.o
 .debug_frame   0x0000061c       0x2c /usr/lib/gcc/arm-none-eabi/13.2.1/../../../arm-none-eabi/lib/thumb/v7e-m+fp/hard/libg.a(libc_a-memset.o)
 .debug_frame   0x00000648       0x2c /usr/lib/gcc/arm-none-eabi/13.2.1/../../../arm-none-eabi/lib/thumb/v7e-m+fp/hard/libg.a(libc_a-init.o)
 .debug_frame   0x00000674       0x20 /usr/lib/gcc/arm-none-eabi/13.2.1/../../../arm-none-eabi/lib/thumb/v7e-m+fp/hard/libg.a(libc_a-atexit.o)
 .debug_frame   0x00000694       0x34 /usr/lib/gcc/arm-none-eabi/13.2.1/../../../arm-none-eabi/lib/thumb/v7e-m+fp/hard/libg.a(libc_a-fini.o)
 .debug_frame   0x000006c8       0x54 /usr/lib/gcc/arm-none-eabi/13.2.1/../../../arm-none-eabi/lib/thumb/v7e-m+fp/hard/libg.a(libc_a-__call_atexit.o)
 .debug_frame   0x0000071c       0x34 /usr/lib/gcc/arm-none-eabi/13.2.1/../../../arm-none-eabi/lib/thumb/v7e-m+fp/hard/libg.a(libc_a-__atexit.o)

.stab           0x00000000      0x144
 .stab          0x00000000      0x144 objdir-CW308_STM32F4/stm32f4_startup.o

.stabstr        0x00000000       0x81
 .stabstr       0x00000000       0x81 objdir-CW308_STM32F4/stm32f4_startup.o

.debug_loclists
                0x00000000      0x47c
 .debug_loclists
                0x00000000      0x1c2 /usr/lib/gcc/arm-none-eabi/13.2.1/../../../arm-none-eabi/lib/thumb/v7e-m+fp/hard/libg.a(libc_a-memset.o)
 .debug_loclists
                0x000001c2       0x65 /usr/lib/gcc/arm-none-eabi/13.2.1/../../../arm-none-eabi/lib/thumb/v7e-m+fp/hard/libg.a(libc_a-init.o)
 .debug_loclists
                0x00000227       0x2b /usr/lib/gcc/arm-none-eabi/13.2.1/../../../arm-none-eabi/lib/thumb/v7e-m+fp/hard/libg.a(libc_a-atexit.o)
 .debug_loclists
                0x00000252       0x42 /usr/lib/gcc/arm-none-eabi/13.2.1/../../../arm-none-eabi/lib/thumb/v7e-m+fp/hard/libg.a(libc_a-fini.o)
 .debug_loclists
                0x00000294      0x102 /usr/lib/gcc/arm-none-eabi/13.2.1/../../../arm-none-eabi/lib/thumb/v7e-m+fp/hard/libg.a(libc_a-__call_atexit.o)
 .debug_loclists
                0x00000396       0xe6 /usr/lib/gcc/arm-none-eabi/13.2.1/../../../arm-none-eabi/lib/thumb/v7e-m+fp/hard/libg.a(libc_a-__atexit.o)

.debug_line_str
                0x00000000       0x94
 .debug_line_str
                0x00000000       0x94 /usr/lib/gcc/arm-none-eabi/13.2.1/../../../arm-none-eabi/lib/thumb/v7e-m+fp/hard/libg.a(libc_a-memcpy.o)

.debug_rnglists
                0x00000000       0x3a
 .debug_rnglists
                0x00000000       0x3a /usr/lib/gcc/arm-none-eabi/13.2.1/../../../arm-none-eabi/lib/thumb/v7e-m+fp/hard/libg.a(libc_a-__call_atexit.o)

Cross Reference Table

Symbol                                            File
BusFault_Handler                                  objdir-CW308_STM32F4/stm32f4_startup.o
DebugMon_Handler                                  objdir-CW308_STM32F4/stm32f4_startup.o
Default_Handler                                   objdir-CW308_STM32F4/stm32f4_startup.o
HAL_CRYP_AESECB_Decrypt                           objdir-CW308_STM32F4/stm32f4_hal_lowlevel.o
                                                  objdir-CW308_STM32F4/stm32f4_hal.o
HAL_CRYP_AESECB_Encrypt                           objdir-CW308_STM32F4/stm32f4_hal_lowlevel.o
                                                  objdir-CW308_STM32F4/stm32f4_hal.o
HAL_CRYP_DeInit                                   objdir-CW308_STM32F4/stm32f4_hal_lowlevel.o
HAL_CRYP_Init                                     objdir-CW308_STM32F4/stm32f4_hal_lowlevel.o
                                                  objdir-CW308_STM32F4/stm32f4_hal.o
HAL_GPIO_Init                                     objdir-CW308_STM32F4/stm32f4_hal_lowlevel.o
                                                  objdir-CW308_STM32F4/stm32f4_hal.o
HAL_GPIO_WritePin                                 objdir-CW308_STM32F4/stm32f4_hal_lowlevel.o
                                                  objdir-CW308_STM32F4/stm32f4_hal.o
HAL_GetTick                                       objdir-CW308_STM32F4/stm32f4_hal_lowlevel.o
                                                  objdir-CW308_STM32F4/stm32f4xx_hal_rng.o
HAL_RCC_ClockConfig                               objdir-CW308_STM32F4/stm32f4_hal_lowlevel.o
                                                  objdir-CW308_STM32F4/stm32f4_hal.o
HAL_RCC_GetPCLK1Freq                              objdir-CW308_STM32F4/stm32f4_hal_lowlevel.o
HAL_RCC_GetPCLK2Freq                              objdir-CW308_STM32F4/stm32f4_hal_lowlevel.o
HAL_RCC_OscConfig                                 objdir-CW308_STM32F4/stm32f4_hal_lowlevel.o
                                                  objdir-CW308_STM32F4/stm32f4_hal.o
HAL_RNG_DeInit                                    objdir-CW308_STM32F4/stm32f4xx_hal_rng.o
HAL_RNG_ErrorCallback                             objdir-CW308_STM32F4/stm32f4xx_hal_rng.o
HAL_RNG_GenerateRandomNumber                      objdir-CW308_STM32F4/stm32f4xx_hal_rng.o
                                                  objdir-CW308_STM32F4/stm32f4_hal.o
HAL_RNG_GenerateRandomNumber_IT                   objdir-CW308_STM32F4/stm32f4xx_hal_rng.o
HAL_RNG_GetRandomNumber                           objdir-CW308_STM32F4/stm32f4xx_hal_rng.o
HAL_RNG_GetRandomNumber_IT                        objdir-CW308_STM32F4/stm32f4xx_hal_rng.o
HAL_RNG_GetState                                  objdir-CW308_STM32F4/stm32f4xx_hal_rng.o
HAL_RNG_IRQHandler                                objdir-CW308_STM32F4/stm32f4xx_hal_rng.o
HAL_RNG_Init                                      objdir-CW308_STM32F4/stm32f4xx_hal_rng.o
                                                  objdir-CW308_STM32F4/stm32f4_hal.o
HAL_RNG_MspDeInit                                 objdir-CW308_STM32F4/stm32f4xx_hal_rng.o
HAL_RNG_MspInit                                   objdir-CW308_STM32F4/stm32f4xx_hal_rng.o
HAL_RNG_ReadLastRandomNumber                      objdir-CW308_STM32F4/stm32f4xx_hal_rng.o
HAL_RNG_ReadyDataCallback                         objdir-CW308_STM32F4/stm32f4xx_hal_rng.o
HAL_UART_Init                                     objdir-CW308_STM32F4/stm32f4_hal_lowlevel.o
                                                  objdir-CW308_STM32F4/stm32f4_hal.o
HAL_UART_Receive                                  objdir-CW308_STM32F4/stm32f4_hal_lowlevel.o
                                                  objdir-CW308_STM32F4/stm32f4_hal.o
HAL_UART_Transmit                                 objdir-CW308_STM32F4/stm32f4_hal_lowlevel.o
                                                  objdir-CW308_STM32F4/stm32f4_hal.o
HW_AES128_Dec                                     objdir-CW308_STM32F4/stm32f4_hal.o
HW_AES128_Enc                                     objdir-CW308_STM32F4/stm32f4_hal.o
HW_AES128_Enc_posttrigger                         objdir-CW308_STM32F4/stm32f4_hal.o
HW_AES128_Enc_pretrigger                          objdir-CW308_STM32F4/stm32f4_hal.o
HW_AES128_Init                                    objdir-CW308_STM32F4/stm32f4_hal.o
HW_AES128_LoadKey                                 objdir-CW308_STM32F4/stm32f4_hal.o
HardFault_Handler                                 objdir-CW308_STM32F4/stm32f4_startup.o
KeccakF1600_Initialize                            /home/pacl/Documents/Repository/sca-2026/lib/crypto_kem/smaug1.a(keccakf1600.S.o)
KeccakF1600_StateExtractBytes                     /home/pacl/Documents/Repository/sca-2026/lib/crypto_kem/smaug1.a(keccakf1600.S.o)
                                                  /home/pacl/Documents/Repository/sca-2026/lib/crypto_kem/smaug1.a(fips202.c.o)
KeccakF1600_StatePermute                          /home/pacl/Documents/Repository/sca-2026/lib/crypto_kem/smaug1.a(keccakf1600.S.o)
                                                  /home/pacl/Documents/Repository/sca-2026/lib/crypto_kem/smaug1.a(fips202.c.o)
KeccakF1600_StateXORBytes                         /home/pacl/Documents/Repository/sca-2026/lib/crypto_kem/smaug1.a(keccakf1600.S.o)
                                                  /home/pacl/Documents/Repository/sca-2026/lib/crypto_kem/smaug1.a(fips202.c.o)
MemManage_Handler                                 objdir-CW308_STM32F4/stm32f4_startup.o
NMI_Handler                                       objdir-CW308_STM32F4/stm32f4_startup.o
PQCLEAN_randombytes                               /home/pacl/Documents/Repository/sca-2026/lib/crypto_kem/smaug1.a(randombytes.c.o)
                                                  /home/pacl/Documents/Repository/sca-2026/lib/crypto_kem/smaug1.a(indcpa.c.o)
                                                  /home/pacl/Documents/Repository/sca-2026/lib/crypto_kem/smaug1.a(kem.c.o)
PendSV_Handler                                    objdir-CW308_STM32F4/stm32f4_startup.o
RCC_AHB2PeriphClockCmd                            objdir-CW308_STM32F4/stm32f4_hal_lowlevel.o
Reset_Handler                                     objdir-CW308_STM32F4/stm32f4_startup.o
RngHandle                                         objdir-CW308_STM32F4/stm32f4_hal.o
SVC_Handler                                       objdir-CW308_STM32F4/stm32f4_startup.o
SysTick_Handler                                   objdir-CW308_STM32F4/stm32f4_startup.o
SystemInit                                        objdir-CW308_STM32F4/stm32f4_startup.o
UartHandle                                        objdir-CW308_STM32F4/stm32f4_hal.o
UsageFault_Handler                                objdir-CW308_STM32F4/stm32f4_startup.o
_ITM_deregisterTMCloneTable                       /usr/lib/gcc/arm-none-eabi/13.2.1/thumb/v7e-m+fp/hard/crtbegin.o
_ITM_registerTMCloneTable                         /usr/lib/gcc/arm-none-eabi/13.2.1/thumb/v7e-m+fp/hard/crtbegin.o
__TMC_END__                                       /usr/lib/gcc/arm-none-eabi/13.2.1/thumb/v7e-m+fp/hard/crtend.o
                                                  /usr/lib/gcc/arm-none-eabi/13.2.1/thumb/v7e-m+fp/hard/crtbegin.o
__atexit                                          /usr/lib/gcc/arm-none-eabi/13.2.1/../../../arm-none-eabi/lib/thumb/v7e-m+fp/hard/libg.a(libc_a-__call_atexit.o)
                                                  /usr/lib/gcc/arm-none-eabi/13.2.1/../../../arm-none-eabi/lib/thumb/v7e-m+fp/hard/libg.a(libc_a-__atexit.o)
__atexit0                                         /usr/lib/gcc/arm-none-eabi/13.2.1/../../../arm-none-eabi/lib/thumb/v7e-m+fp/hard/libg.a(libc_a-__atexit.o)
__bss_end__                                       /usr/lib/gcc/arm-none-eabi/13.2.1/../../../arm-none-eabi/lib/thumb/v7e-m+fp/hard/crt0.o
__bss_start__                                     /usr/lib/gcc/arm-none-eabi/13.2.1/../../../arm-none-eabi/lib/thumb/v7e-m+fp/hard/crt0.o
__call_exitprocs                                  /usr/lib/gcc/arm-none-eabi/13.2.1/../../../arm-none-eabi/lib/thumb/v7e-m+fp/hard/libg.a(libc_a-__call_atexit.o)
                                                  /usr/lib/gcc/arm-none-eabi/13.2.1/../../../arm-none-eabi/lib/thumb/v7e-m+fp/hard/libg.a(libc_a-exit.o)
__deregister_frame_info                           /usr/lib/gcc/arm-none-eabi/13.2.1/thumb/v7e-m+fp/hard/crtbegin.o
__dso_handle                                      /usr/lib/gcc/arm-none-eabi/13.2.1/thumb/v7e-m+fp/hard/crtbegin.o
__errno                                           /usr/lib/gcc/arm-none-eabi/13.2.1/../../../arm-none-eabi/lib/thumb/v7e-m+fp/hard/libg.a(libc_a-errno.o)
                                                  /usr/lib/gcc/arm-none-eabi/13.2.1/../../../arm-none-eabi/lib/thumb/v7e-m+fp/hard/libg.a(libc_a-sysconf.o)
                                                  objdir-CW308_STM32F4/stm32f4_sysmem.o
__fini_array_end                                  /usr/lib/gcc/arm-none-eabi/13.2.1/../../../arm-none-eabi/lib/thumb/v7e-m+fp/hard/libg.a(libc_a-fini.o)
__fini_array_start                                /usr/lib/gcc/arm-none-eabi/13.2.1/../../../arm-none-eabi/lib/thumb/v7e-m+fp/hard/libg.a(libc_a-fini.o)
__fp_lock_all                                     /usr/lib/gcc/arm-none-eabi/13.2.1/../../../arm-none-eabi/lib/thumb/v7e-m+fp/hard/libg.a(libc_a-findfp.o)
__fp_unlock_all                                   /usr/lib/gcc/arm-none-eabi/13.2.1/../../../arm-none-eabi/lib/thumb/v7e-m+fp/hard/libg.a(libc_a-findfp.o)
__init_array_end                                  /usr/lib/gcc/arm-none-eabi/13.2.1/../../../arm-none-eabi/lib/thumb/v7e-m+fp/hard/libg.a(libc_a-init.o)
__init_array_start                                /usr/lib/gcc/arm-none-eabi/13.2.1/../../../arm-none-eabi/lib/thumb/v7e-m+fp/hard/libg.a(libc_a-init.o)
__libc_fini                                       /usr/lib/gcc/arm-none-eabi/13.2.1/../../../arm-none-eabi/lib/thumb/v7e-m+fp/hard/libg.a(libc_a-__call_atexit.o)
__libc_fini_array                                 /usr/lib/gcc/arm-none-eabi/13.2.1/../../../arm-none-eabi/lib/thumb/v7e-m+fp/hard/libg.a(libc_a-fini.o)
                                                  /usr/lib/gcc/arm-none-eabi/13.2.1/../../../arm-none-eabi/lib/thumb/v7e-m+fp/hard/libg.a(libc_a-__call_atexit.o)
                                                  /usr/lib/gcc/arm-none-eabi/13.2.1/../../../arm-none-eabi/lib/thumb/v7e-m+fp/hard/crt0.o
__libc_init_array                                 /usr/lib/gcc/arm-none-eabi/13.2.1/../../../arm-none-eabi/lib/thumb/v7e-m+fp/hard/libg.a(libc_a-init.o)
                                                  objdir-CW308_STM32F4/stm32f4_startup.o
                                                  /usr/lib/gcc/arm-none-eabi/13.2.1/../../../arm-none-eabi/lib/thumb/v7e-m+fp/hard/crt0.o
__malloc_av_                                      /usr/lib/gcc/arm-none-eabi/13.2.1/../../../arm-none-eabi/lib/thumb/v7e-m+fp/hard/libg.a(libc_a-mallocr.o)
                                                  /usr/lib/gcc/arm-none-eabi/13.2.1/../../../arm-none-eabi/lib/thumb/v7e-m+fp/hard/libg.a(libc_a-freer.o)
__malloc_current_mallinfo                         /usr/lib/gcc/arm-none-eabi/13.2.1/../../../arm-none-eabi/lib/thumb/v7e-m+fp/hard/libg.a(libc_a-mallocr.o)
                                                  /usr/lib/gcc/arm-none-eabi/13.2.1/../../../arm-none-eabi/lib/thumb/v7e-m+fp/hard/libg.a(libc_a-freer.o)
__malloc_lock                                     /usr/lib/gcc/arm-none-eabi/13.2.1/../../../arm-none-eabi/lib/thumb/v7e-m+fp/hard/libg.a(libc_a-mlock.o)
                                                  /usr/lib/gcc/arm-none-eabi/13.2.1/../../../arm-none-eabi/lib/thumb/v7e-m+fp/hard/libg.a(libc_a-freer.o)
                                                  /usr/lib/gcc/arm-none-eabi/13.2.1/../../../arm-none-eabi/lib/thumb/v7e-m+fp/hard/libg.a(libc_a-mallocr.o)
__malloc_max_sbrked_mem                           /usr/lib/gcc/arm-none-eabi/13.2.1/../../../arm-none-eabi/lib/thumb/v7e-m+fp/hard/libg.a(libc_a-mallocr.o)
__malloc_max_total_mem                            /usr/lib/gcc/arm-none-eabi/13.2.1/../../../arm-none-eabi/lib/thumb/v7e-m+fp/hard/libg.a(libc_a-mallocr.o)
__malloc_sbrk_base                                /usr/lib/gcc/arm-none-eabi/13.2.1/../../../arm-none-eabi/lib/thumb/v7e-m+fp/hard/libg.a(libc_a-mallocr.o)
                                                  /usr/lib/gcc/arm-none-eabi/13.2.1/../../../arm-none-eabi/lib/thumb/v7e-m+fp/hard/libg.a(libc_a-freer.o)
__malloc_top_pad                                  /usr/lib/gcc/arm-none-eabi/13.2.1/../../../arm-none-eabi/lib/thumb/v7e-m+fp/hard/libg.a(libc_a-mallocr.o)
                                                  /usr/lib/gcc/arm-none-eabi/13.2.1/../../../arm-none-eabi/lib/thumb/v7e-m+fp/hard/libg.a(libc_a-freer.o)
__malloc_trim_threshold                           /usr/lib/gcc/arm-none-eabi/13.2.1/../../../arm-none-eabi/lib/thumb/v7e-m+fp/hard/libg.a(libc_a-mallocr.o)
                                                  /usr/lib/gcc/arm-none-eabi/13.2.1/../../../arm-none-eabi/lib/thumb/v7e-m+fp/hard/libg.a(libc_a-freer.o)
__malloc_unlock                                   /usr/lib/gcc/arm-none-eabi/13.2.1/../../../arm-none-eabi/lib/thumb/v7e-m+fp/hard/libg.a(libc_a-mlock.o)
                                                  /usr/lib/gcc/arm-none-eabi/13.2.1/../../../arm-none-eabi/lib/thumb/v7e-m+fp/hard/libg.a(libc_a-freer.o)
                                                  /usr/lib/gcc/arm-none-eabi/13.2.1/../../../arm-none-eabi/lib/thumb/v7e-m+fp/hard/libg.a(libc_a-mallocr.o)
__preinit_array_end                               /usr/lib/gcc/arm-none-eabi/13.2.1/../../../arm-none-eabi/lib/thumb/v7e-m+fp/hard/libg.a(libc_a-init.o)
__preinit_array_start                             /usr/lib/gcc/arm-none-eabi/13.2.1/../../../arm-none-eabi/lib/thumb/v7e-m+fp/hard/libg.a(libc_a-init.o)
__register_exitproc                               /usr/lib/gcc/arm-none-eabi/13.2.1/../../../arm-none-eabi/lib/thumb/v7e-m+fp/hard/libg.a(libc_a-__atexit.o)
                                                  /usr/lib/gcc/arm-none-eabi/13.2.1/../../../arm-none-eabi/lib/thumb/v7e-m+fp/hard/libg.a(libc_a-atexit.o)
__register_frame_info                             /usr/lib/gcc/arm-none-eabi/13.2.1/thumb/v7e-m+fp/hard/crtbegin.o
__sclose                                          /usr/lib/gcc/arm-none-eabi/13.2.1/../../../arm-none-eabi/lib/thumb/v7e-m+fp/hard/libg.a(libc_a-stdio.o)
                                                  /usr/lib/gcc/arm-none-eabi/13.2.1/../../../arm-none-eabi/lib/thumb/v7e-m+fp/hard/libg.a(libc_a-findfp.o)
__seofread                                        /usr/lib/gcc/arm-none-eabi/13.2.1/../../../arm-none-eabi/lib/thumb/v7e-m+fp/hard/libg.a(libc_a-stdio.o)
__sf                                              /usr/lib/gcc/arm-none-eabi/13.2.1/../../../arm-none-eabi/lib/thumb/v7e-m+fp/hard/libg.a(libc_a-findfp.o)
                                                  /usr/lib/gcc/arm-none-eabi/13.2.1/../../../arm-none-eabi/lib/thumb/v7e-m+fp/hard/libg.a(libc_a-impure.o)
__sflush_r                                        /usr/lib/gcc/arm-none-eabi/13.2.1/../../../arm-none-eabi/lib/thumb/v7e-m+fp/hard/libg.a(libc_a-fflush.o)
                                                  /usr/lib/gcc/arm-none-eabi/13.2.1/../../../arm-none-eabi/lib/thumb/v7e-m+fp/hard/libg.a(libc_a-fclose.o)
__sfp                                             /usr/lib/gcc/arm-none-eabi/13.2.1/../../../arm-none-eabi/lib/thumb/v7e-m+fp/hard/libg.a(libc_a-findfp.o)
__sfp_lock_acquire                                /usr/lib/gcc/arm-none-eabi/13.2.1/../../../arm-none-eabi/lib/thumb/v7e-m+fp/hard/libg.a(libc_a-findfp.o)
                                                  /usr/lib/gcc/arm-none-eabi/13.2.1/../../../arm-none-eabi/lib/thumb/v7e-m+fp/hard/libg.a(libc_a-fclose.o)
__sfp_lock_release                                /usr/lib/gcc/arm-none-eabi/13.2.1/../../../arm-none-eabi/lib/thumb/v7e-m+fp/hard/libg.a(libc_a-findfp.o)
                                                  /usr/lib/gcc/arm-none-eabi/13.2.1/../../../arm-none-eabi/lib/thumb/v7e-m+fp/hard/libg.a(libc_a-fclose.o)
__sglue                                           /usr/lib/gcc/arm-none-eabi/13.2.1/../../../arm-none-eabi/lib/thumb/v7e-m+fp/hard/libg.a(libc_a-findfp.o)
                                                  /usr/lib/gcc/arm-none-eabi/13.2.1/../../../arm-none-eabi/lib/thumb/v7e-m+fp/hard/libg.a(libc_a-fflush.o)
__sinit                                           /usr/lib/gcc/arm-none-eabi/13.2.1/../../../arm-none-eabi/lib/thumb/v7e-m+fp/hard/libg.a(libc_a-findfp.o)
                                                  /usr/lib/gcc/arm-none-eabi/13.2.1/../../../arm-none-eabi/lib/thumb/v7e-m+fp/hard/libg.a(libc_a-fflush.o)
                                                  /usr/lib/gcc/arm-none-eabi/13.2.1/../../../arm-none-eabi/lib/thumb/v7e-m+fp/hard/libg.a(libc_a-fclose.o)
__sread                                           /usr/lib/gcc/arm-none-eabi/13.2.1/../../../arm-none-eabi/lib/thumb/v7e-m+fp/hard/libg.a(libc_a-stdio.o)
                                                  /usr/lib/gcc/arm-none-eabi/13.2.1/../../../arm-none-eabi/lib/thumb/v7e-m+fp/hard/libg.a(libc_a-findfp.o)
__sseek                                           /usr/lib/gcc/arm-none-eabi/13.2.1/../../../arm-none-eabi/lib/thumb/v7e-m+fp/hard/libg.a(libc_a-stdio.o)
                                                  /usr/lib/gcc/arm-none-eabi/13.2.1/../../../arm-none-eabi/lib/thumb/v7e-m+fp/hard/libg.a(libc_a-findfp.o)
__stack                                           /usr/lib/gcc/arm-none-eabi/13.2.1/../../../arm-none-eabi/lib/thumb/v7e-m+fp/hard/crt0.o
__stdio_exit_handler                              /usr/lib/gcc/arm-none-eabi/13.2.1/../../../arm-none-eabi/lib/thumb/v7e-m+fp/hard/libg.a(libc_a-findfp.o)
                                                  /usr/lib/gcc/arm-none-eabi/13.2.1/../../../arm-none-eabi/lib/thumb/v7e-m+fp/hard/libg.a(libc_a-exit.o)
__swrite                                          /usr/lib/gcc/arm-none-eabi/13.2.1/../../../arm-none-eabi/lib/thumb/v7e-m+fp/hard/libg.a(libc_a-stdio.o)
                                                  /usr/lib/gcc/arm-none-eabi/13.2.1/../../../arm-none-eabi/lib/thumb/v7e-m+fp/hard/libg.a(libc_a-findfp.o)
_close                                            objdir-CW308_STM32F4/hal.o
                                                  /usr/lib/gcc/arm-none-eabi/13.2.1/../../../arm-none-eabi/lib/thumb/v7e-m+fp/hard/libg.a(libc_a-closer.o)
_close_r                                          /usr/lib/gcc/arm-none-eabi/13.2.1/../../../arm-none-eabi/lib/thumb/v7e-m+fp/hard/libg.a(libc_a-closer.o)
                                                  /usr/lib/gcc/arm-none-eabi/13.2.1/../../../arm-none-eabi/lib/thumb/v7e-m+fp/hard/libg.a(libc_a-stdio.o)
_ebss                                             objdir-CW308_STM32F4/stm32f4_startup.o
_edata                                            objdir-CW308_STM32F4/stm32f4_startup.o
_estack                                           objdir-CW308_STM32F4/stm32f4_startup.o
_exit                                             /usr/lib/gcc/arm-none-eabi/13.2.1/../../../arm-none-eabi/lib/thumb/v7e-m+fp/hard/libnosys.a(_exit.o)
                                                  /usr/lib/gcc/arm-none-eabi/13.2.1/../../../arm-none-eabi/lib/thumb/v7e-m+fp/hard/libg.a(libc_a-exit.o)
_fclose_r                                         /usr/lib/gcc/arm-none-eabi/13.2.1/../../../arm-none-eabi/lib/thumb/v7e-m+fp/hard/libg.a(libc_a-fclose.o)
                                                  /usr/lib/gcc/arm-none-eabi/13.2.1/../../../arm-none-eabi/lib/thumb/v7e-m+fp/hard/libg.a(libc_a-findfp.o)
_fflush_r                                         /usr/lib/gcc/arm-none-eabi/13.2.1/../../../arm-none-eabi/lib/thumb/v7e-m+fp/hard/libg.a(libc_a-fflush.o)
_fini                                             /usr/lib/gcc/arm-none-eabi/13.2.1/thumb/v7e-m+fp/hard/crti.o
                                                  /usr/lib/gcc/arm-none-eabi/13.2.1/../../../arm-none-eabi/lib/thumb/v7e-m+fp/hard/libg.a(libc_a-fini.o)
_free_r                                           /usr/lib/gcc/arm-none-eabi/13.2.1/../../../arm-none-eabi/lib/thumb/v7e-m+fp/hard/libg.a(libc_a-freer.o)
                                                  /usr/lib/gcc/arm-none-eabi/13.2.1/../../../arm-none-eabi/lib/thumb/v7e-m+fp/hard/libg.a(libc_a-reent.o)
                                                  /usr/lib/gcc/arm-none-eabi/13.2.1/../../../arm-none-eabi/lib/thumb/v7e-m+fp/hard/libg.a(libc_a-fflush.o)
                                                  /usr/lib/gcc/arm-none-eabi/13.2.1/../../../arm-none-eabi/lib/thumb/v7e-m+fp/hard/libg.a(libc_a-fclose.o)
                                                  /usr/lib/gcc/arm-none-eabi/13.2.1/../../../arm-none-eabi/lib/thumb/v7e-m+fp/hard/libg.a(libc_a-mallocr.o)
_fstat                                            objdir-CW308_STM32F4/hal.o
_fwalk_sglue                                      /usr/lib/gcc/arm-none-eabi/13.2.1/../../../arm-none-eabi/lib/thumb/v7e-m+fp/hard/libg.a(libc_a-fwalk.o)
                                                  /usr/lib/gcc/arm-none-eabi/13.2.1/../../../arm-none-eabi/lib/thumb/v7e-m+fp/hard/libg.a(libc_a-fflush.o)
                                                  /usr/lib/gcc/arm-none-eabi/13.2.1/../../../arm-none-eabi/lib/thumb/v7e-m+fp/hard/libg.a(libc_a-findfp.o)
_getpid                                           objdir-CW308_STM32F4/hal.o
_impure_data                                      /usr/lib/gcc/arm-none-eabi/13.2.1/../../../arm-none-eabi/lib/thumb/v7e-m+fp/hard/libg.a(libc_a-impure.o)
                                                  /usr/lib/gcc/arm-none-eabi/13.2.1/../../../arm-none-eabi/lib/thumb/v7e-m+fp/hard/libg.a(libc_a-fflush.o)
                                                  /usr/lib/gcc/arm-none-eabi/13.2.1/../../../arm-none-eabi/lib/thumb/v7e-m+fp/hard/libg.a(libc_a-findfp.o)
_impure_ptr                                       /usr/lib/gcc/arm-none-eabi/13.2.1/../../../arm-none-eabi/lib/thumb/v7e-m+fp/hard/libg.a(libc_a-impure.o)
                                                  /usr/lib/gcc/arm-none-eabi/13.2.1/../../../arm-none-eabi/lib/thumb/v7e-m+fp/hard/libg.a(libc_a-reent.o)
                                                  /usr/lib/gcc/arm-none-eabi/13.2.1/../../../arm-none-eabi/lib/thumb/v7e-m+fp/hard/libg.a(libc_a-fflush.o)
                                                  /usr/lib/gcc/arm-none-eabi/13.2.1/../../../arm-none-eabi/lib/thumb/v7e-m+fp/hard/libg.a(libc_a-fclose.o)
                                                  /usr/lib/gcc/arm-none-eabi/13.2.1/../../../arm-none-eabi/lib/thumb/v7e-m+fp/hard/libg.a(libc_a-errno.o)
_init                                             /usr/lib/gcc/arm-none-eabi/13.2.1/thumb/v7e-m+fp/hard/crti.o
                                                  /usr/lib/gcc/arm-none-eabi/13.2.1/../../../arm-none-eabi/lib/thumb/v7e-m+fp/hard/libg.a(libc_a-init.o)
_isatty                                           objdir-CW308_STM32F4/hal.o
_kill                                             objdir-CW308_STM32F4/hal.o
_lseek                                            objdir-CW308_STM32F4/hal.o
                                                  /usr/lib/gcc/arm-none-eabi/13.2.1/../../../arm-none-eabi/lib/thumb/v7e-m+fp/hard/libg.a(libc_a-lseekr.o)
_lseek_r                                          /usr/lib/gcc/arm-none-eabi/13.2.1/../../../arm-none-eabi/lib/thumb/v7e-m+fp/hard/libg.a(libc_a-lseekr.o)
                                                  /usr/lib/gcc/arm-none-eabi/13.2.1/../../../arm-none-eabi/lib/thumb/v7e-m+fp/hard/libg.a(libc_a-stdio.o)
_mainCRTStartup                                   /usr/lib/gcc/arm-none-eabi/13.2.1/../../../arm-none-eabi/lib/thumb/v7e-m+fp/hard/crt0.o
_malloc_r                                         /usr/lib/gcc/arm-none-eabi/13.2.1/../../../arm-none-eabi/lib/thumb/v7e-m+fp/hard/libg.a(libc_a-mallocr.o)
                                                  /usr/lib/gcc/arm-none-eabi/13.2.1/../../../arm-none-eabi/lib/thumb/v7e-m+fp/hard/libg.a(libc_a-findfp.o)
_malloc_trim_r                                    /usr/lib/gcc/arm-none-eabi/13.2.1/../../../arm-none-eabi/lib/thumb/v7e-m+fp/hard/libg.a(libc_a-freer.o)
_read                                             objdir-CW308_STM32F4/hal.o
                                                  /usr/lib/gcc/arm-none-eabi/13.2.1/../../../arm-none-eabi/lib/thumb/v7e-m+fp/hard/libg.a(libc_a-readr.o)
_read_r                                           /usr/lib/gcc/arm-none-eabi/13.2.1/../../../arm-none-eabi/lib/thumb/v7e-m+fp/hard/libg.a(libc_a-readr.o)
                                                  /usr/lib/gcc/arm-none-eabi/13.2.1/../../../arm-none-eabi/lib/thumb/v7e-m+fp/hard/libg.a(libc_a-stdio.o)
_reclaim_reent                                    /usr/lib/gcc/arm-none-eabi/13.2.1/../../../arm-none-eabi/lib/thumb/v7e-m+fp/hard/libg.a(libc_a-reent.o)
_sbrk                                             objdir-CW308_STM32F4/stm32f4_sysmem.o
                                                  /usr/lib/gcc/arm-none-eabi/13.2.1/../../../arm-none-eabi/lib/thumb/v7e-m+fp/hard/libg.a(libc_a-sbrkr.o)
_sbrk_r                                           /usr/lib/gcc/arm-none-eabi/13.2.1/../../../arm-none-eabi/lib/thumb/v7e-m+fp/hard/libg.a(libc_a-sbrkr.o)
                                                  /usr/lib/gcc/arm-none-eabi/13.2.1/../../../arm-none-eabi/lib/thumb/v7e-m+fp/hard/libg.a(libc_a-freer.o)
                                                  /usr/lib/gcc/arm-none-eabi/13.2.1/../../../arm-none-eabi/lib/thumb/v7e-m+fp/hard/libg.a(libc_a-mallocr.o)
_sbss                                             objdir-CW308_STM32F4/stm32f4_startup.o
_sdata                                            objdir-CW308_STM32F4/stm32f4_startup.o
_sidata                                           objdir-CW308_STM32F4/stm32f4_startup.o
_stack_init                                       /usr/lib/gcc/arm-none-eabi/13.2.1/../../../arm-none-eabi/lib/thumb/v7e-m+fp/hard/crt0.o
_start                                            /usr/lib/gcc/arm-none-eabi/13.2.1/../../../arm-none-eabi/lib/thumb/v7e-m+fp/hard/crt0.o
_write                                            objdir-CW308_STM32F4/hal.o
                                                  /usr/lib/gcc/arm-none-eabi/13.2.1/../../../arm-none-eabi/lib/thumb/v7e-m+fp/hard/libg.a(libc_a-writer.o)
_write_r                                          /usr/lib/gcc/arm-none-eabi/13.2.1/../../../arm-none-eabi/lib/thumb/v7e-m+fp/hard/libg.a(libc_a-writer.o)
                                                  /usr/lib/gcc/arm-none-eabi/13.2.1/../../../arm-none-eabi/lib/thumb/v7e-m+fp/hard/libg.a(libc_a-stdio.o)
atexit                                            /usr/lib/gcc/arm-none-eabi/13.2.1/../../../arm-none-eabi/lib/thumb/v7e-m+fp/hard/libg.a(libc_a-atexit.o)
                                                  /usr/lib/gcc/arm-none-eabi/13.2.1/../../../arm-none-eabi/lib/thumb/v7e-m+fp/hard/libg.a(libc_a-__call_atexit.o)
                                                  /usr/lib/gcc/arm-none-eabi/13.2.1/../../../arm-none-eabi/lib/thumb/v7e-m+fp/hard/crt0.o
check_version                                     objdir-CW308_STM32F4/simpleserial.o
crypto_kem_dec                                    /home/pacl/Documents/Repository/sca-2026/lib/crypto_kem/smaug1.a(kem.c.o)
                                                  objdir-CW308_STM32F4/simpleserial-smaug.o
crypto_kem_enc                                    /home/pacl/Documents/Repository/sca-2026/lib/crypto_kem/smaug1.a(kem.c.o)
                                                  objdir-CW308_STM32F4/simpleserial-smaug.o
crypto_kem_keypair                                /home/pacl/Documents/Repository/sca-2026/lib/crypto_kem/smaug1.a(kem.c.o)
                                                  objdir-CW308_STM32F4/simpleserial-smaug.o
cryptolab_smaug1_Rp2_to_bytes                     /home/pacl/Documents/Repository/sca-2026/lib/crypto_kem/smaug1.a(pack.c.o)
                                                  /home/pacl/Documents/Repository/sca-2026/lib/crypto_kem/smaug1.a(io.c.o)
cryptolab_smaug1_Rp_to_bytes                      /home/pacl/Documents/Repository/sca-2026/lib/crypto_kem/smaug1.a(pack.c.o)
cryptolab_smaug1_Rp_vec_to_bytes                  /home/pacl/Documents/Repository/sca-2026/lib/crypto_kem/smaug1.a(pack.c.o)
                                                  /home/pacl/Documents/Repository/sca-2026/lib/crypto_kem/smaug1.a(io.c.o)
cryptolab_smaug1_Rq_mat_to_bytes                  /home/pacl/Documents/Repository/sca-2026/lib/crypto_kem/smaug1.a(pack.c.o)
cryptolab_smaug1_Rq_to_bytes                      /home/pacl/Documents/Repository/sca-2026/lib/crypto_kem/smaug1.a(pack.c.o)
cryptolab_smaug1_Rq_vec_to_bytes                  /home/pacl/Documents/Repository/sca-2026/lib/crypto_kem/smaug1.a(pack.c.o)
                                                  /home/pacl/Documents/Repository/sca-2026/lib/crypto_kem/smaug1.a(io.c.o)
cryptolab_smaug1_Sx_to_bytes                      /home/pacl/Documents/Repository/sca-2026/lib/crypto_kem/smaug1.a(pack.c.o)
                                                  /home/pacl/Documents/Repository/sca-2026/lib/crypto_kem/smaug1.a(io.c.o)
cryptolab_smaug1_addGaussianError                 /home/pacl/Documents/Repository/sca-2026/lib/crypto_kem/smaug1.a(dg.c.o)
cryptolab_smaug1_addGaussianErrorVec              /home/pacl/Documents/Repository/sca-2026/lib/crypto_kem/smaug1.a(dg.c.o)
                                                  /home/pacl/Documents/Repository/sca-2026/lib/crypto_kem/smaug1.a(key.c.o)
cryptolab_smaug1_bytes_to_Rp                      /home/pacl/Documents/Repository/sca-2026/lib/crypto_kem/smaug1.a(pack.c.o)
cryptolab_smaug1_bytes_to_Rp2                     /home/pacl/Documents/Repository/sca-2026/lib/crypto_kem/smaug1.a(pack.c.o)
                                                  /home/pacl/Documents/Repository/sca-2026/lib/crypto_kem/smaug1.a(io.c.o)
cryptolab_smaug1_bytes_to_Rp_vec                  /home/pacl/Documents/Repository/sca-2026/lib/crypto_kem/smaug1.a(pack.c.o)
                                                  /home/pacl/Documents/Repository/sca-2026/lib/crypto_kem/smaug1.a(io.c.o)
cryptolab_smaug1_bytes_to_Rq                      /home/pacl/Documents/Repository/sca-2026/lib/crypto_kem/smaug1.a(pack.c.o)
                                                  /home/pacl/Documents/Repository/sca-2026/lib/crypto_kem/smaug1.a(key.c.o)
cryptolab_smaug1_bytes_to_Rq_mat                  /home/pacl/Documents/Repository/sca-2026/lib/crypto_kem/smaug1.a(pack.c.o)
cryptolab_smaug1_bytes_to_Rq_vec                  /home/pacl/Documents/Repository/sca-2026/lib/crypto_kem/smaug1.a(pack.c.o)
                                                  /home/pacl/Documents/Repository/sca-2026/lib/crypto_kem/smaug1.a(io.c.o)
cryptolab_smaug1_bytes_to_Sx                      /home/pacl/Documents/Repository/sca-2026/lib/crypto_kem/smaug1.a(pack.c.o)
                                                  /home/pacl/Documents/Repository/sca-2026/lib/crypto_kem/smaug1.a(io.c.o)
cryptolab_smaug1_cmov                             /home/pacl/Documents/Repository/sca-2026/lib/crypto_kem/smaug1.a(verify.c.o)
                                                  /home/pacl/Documents/Repository/sca-2026/lib/crypto_kem/smaug1.a(indcpa.c.o)
                                                  /home/pacl/Documents/Repository/sca-2026/lib/crypto_kem/smaug1.a(kem.c.o)
cryptolab_smaug1_computeC1                        /home/pacl/Documents/Repository/sca-2026/lib/crypto_kem/smaug1.a(ciphertext.c.o)
                                                  /home/pacl/Documents/Repository/sca-2026/lib/crypto_kem/smaug1.a(indcpa.c.o)
cryptolab_smaug1_computeC2                        /home/pacl/Documents/Repository/sca-2026/lib/crypto_kem/smaug1.a(ciphertext.c.o)
                                                  /home/pacl/Documents/Repository/sca-2026/lib/crypto_kem/smaug1.a(indcpa.c.o)
cryptolab_smaug1_genAx                            /home/pacl/Documents/Repository/sca-2026/lib/crypto_kem/smaug1.a(key.c.o)
                                                  /home/pacl/Documents/Repository/sca-2026/lib/crypto_kem/smaug1.a(io.c.o)
cryptolab_smaug1_genBx                            /home/pacl/Documents/Repository/sca-2026/lib/crypto_kem/smaug1.a(key.c.o)
cryptolab_smaug1_genPubkey                        /home/pacl/Documents/Repository/sca-2026/lib/crypto_kem/smaug1.a(key.c.o)
                                                  /home/pacl/Documents/Repository/sca-2026/lib/crypto_kem/smaug1.a(indcpa.c.o)
cryptolab_smaug1_genRx_vec                        /home/pacl/Documents/Repository/sca-2026/lib/crypto_kem/smaug1.a(indcpa.c.o)
cryptolab_smaug1_genSx_vec                        /home/pacl/Documents/Repository/sca-2026/lib/crypto_kem/smaug1.a(key.c.o)
                                                  /home/pacl/Documents/Repository/sca-2026/lib/crypto_kem/smaug1.a(indcpa.c.o)
cryptolab_smaug1_hwt                              /home/pacl/Documents/Repository/sca-2026/lib/crypto_kem/smaug1.a(hwt.c.o)
                                                  /home/pacl/Documents/Repository/sca-2026/lib/crypto_kem/smaug1.a(key.c.o)
cryptolab_smaug1_indcpa_dec                       /home/pacl/Documents/Repository/sca-2026/lib/crypto_kem/smaug1.a(indcpa.c.o)
                                                  /home/pacl/Documents/Repository/sca-2026/lib/crypto_kem/smaug1.a(kem.c.o)
cryptolab_smaug1_indcpa_enc                       /home/pacl/Documents/Repository/sca-2026/lib/crypto_kem/smaug1.a(indcpa.c.o)
                                                  /home/pacl/Documents/Repository/sca-2026/lib/crypto_kem/smaug1.a(kem.c.o)
cryptolab_smaug1_indcpa_keypair                   /home/pacl/Documents/Repository/sca-2026/lib/crypto_kem/smaug1.a(indcpa.c.o)
                                                  /home/pacl/Documents/Repository/sca-2026/lib/crypto_kem/smaug1.a(kem.c.o)
cryptolab_smaug1_load_from_string                 /home/pacl/Documents/Repository/sca-2026/lib/crypto_kem/smaug1.a(io.c.o)
                                                  /home/pacl/Documents/Repository/sca-2026/lib/crypto_kem/smaug1.a(indcpa.c.o)
cryptolab_smaug1_load_from_string_pk              /home/pacl/Documents/Repository/sca-2026/lib/crypto_kem/smaug1.a(io.c.o)
                                                  /home/pacl/Documents/Repository/sca-2026/lib/crypto_kem/smaug1.a(indcpa.c.o)
cryptolab_smaug1_load_from_string_sk              /home/pacl/Documents/Repository/sca-2026/lib/crypto_kem/smaug1.a(io.c.o)
                                                  /home/pacl/Documents/Repository/sca-2026/lib/crypto_kem/smaug1.a(indcpa.c.o)
cryptolab_smaug1_matrix_vec_mult_add              /home/pacl/Documents/Repository/sca-2026/lib/crypto_kem/smaug1.a(poly.c.o)
                                                  /home/pacl/Documents/Repository/sca-2026/lib/crypto_kem/smaug1.a(ciphertext.c.o)
cryptolab_smaug1_matrix_vec_mult_sub              /home/pacl/Documents/Repository/sca-2026/lib/crypto_kem/smaug1.a(poly.c.o)
                                                  /home/pacl/Documents/Repository/sca-2026/lib/crypto_kem/smaug1.a(key.c.o)
cryptolab_smaug1_poly_cbd                         /home/pacl/Documents/Repository/sca-2026/lib/crypto_kem/smaug1.a(cbd.c.o)
                                                  /home/pacl/Documents/Repository/sca-2026/lib/crypto_kem/smaug1.a(indcpa.c.o)
cryptolab_smaug1_poly_mul_acc                     /home/pacl/Documents/Repository/sca-2026/lib/crypto_kem/smaug1.a(toomcook.c.o)
                                                  /home/pacl/Documents/Repository/sca-2026/lib/crypto_kem/smaug1.a(poly.c.o)
cryptolab_smaug1_save_to_string                   /home/pacl/Documents/Repository/sca-2026/lib/crypto_kem/smaug1.a(io.c.o)
                                                  /home/pacl/Documents/Repository/sca-2026/lib/crypto_kem/smaug1.a(indcpa.c.o)
cryptolab_smaug1_save_to_string_pk                /home/pacl/Documents/Repository/sca-2026/lib/crypto_kem/smaug1.a(io.c.o)
                                                  /home/pacl/Documents/Repository/sca-2026/lib/crypto_kem/smaug1.a(indcpa.c.o)
cryptolab_smaug1_save_to_string_sk                /home/pacl/Documents/Repository/sca-2026/lib/crypto_kem/smaug1.a(io.c.o)
                                                  /home/pacl/Documents/Repository/sca-2026/lib/crypto_kem/smaug1.a(indcpa.c.o)
cryptolab_smaug1_shake256_absorb_twice_squeeze    /home/pacl/Documents/Repository/sca-2026/lib/crypto_kem/smaug1.a(hash.c.o)
                                                  /home/pacl/Documents/Repository/sca-2026/lib/crypto_kem/smaug1.a(kem.c.o)
cryptolab_smaug1_vec_vec_mult_add                 /home/pacl/Documents/Repository/sca-2026/lib/crypto_kem/smaug1.a(poly.c.o)
                                                  /home/pacl/Documents/Repository/sca-2026/lib/crypto_kem/smaug1.a(ciphertext.c.o)
                                                  /home/pacl/Documents/Repository/sca-2026/lib/crypto_kem/smaug1.a(indcpa.c.o)
cryptolab_smaug1_verify                           /home/pacl/Documents/Repository/sca-2026/lib/crypto_kem/smaug1.a(verify.c.o)
                                                  /home/pacl/Documents/Repository/sca-2026/lib/crypto_kem/smaug1.a(kem.c.o)
cshake128_simple                                  /home/pacl/Documents/Repository/sca-2026/lib/crypto_kem/smaug1.a(fips202.c.o)
cshake128_simple_absorb                           /home/pacl/Documents/Repository/sca-2026/lib/crypto_kem/smaug1.a(fips202.c.o)
cshake128_simple_squeezeblocks                    /home/pacl/Documents/Repository/sca-2026/lib/crypto_kem/smaug1.a(fips202.c.o)
cshake256_simple                                  /home/pacl/Documents/Repository/sca-2026/lib/crypto_kem/smaug1.a(fips202.c.o)
cshake256_simple_absorb                           /home/pacl/Documents/Repository/sca-2026/lib/crypto_kem/smaug1.a(fips202.c.o)
cshake256_simple_squeezeblocks                    /home/pacl/Documents/Repository/sca-2026/lib/crypto_kem/smaug1.a(fips202.c.o)
end                                               objdir-CW308_STM32F4/stm32f4_sysmem.o
errno                                             /usr/lib/gcc/arm-none-eabi/13.2.1/../../../arm-none-eabi/lib/thumb/v7e-m+fp/hard/libg.a(libc_a-reent.o)
                                                  /usr/lib/gcc/arm-none-eabi/13.2.1/../../../arm-none-eabi/lib/thumb/v7e-m+fp/hard/libg.a(libc_a-lseekr.o)
                                                  /usr/lib/gcc/arm-none-eabi/13.2.1/../../../arm-none-eabi/lib/thumb/v7e-m+fp/hard/libg.a(libc_a-readr.o)
                                                  /usr/lib/gcc/arm-none-eabi/13.2.1/../../../arm-none-eabi/lib/thumb/v7e-m+fp/hard/libg.a(libc_a-closer.o)
                                                  /usr/lib/gcc/arm-none-eabi/13.2.1/../../../arm-none-eabi/lib/thumb/v7e-m+fp/hard/libg.a(libc_a-sbrkr.o)
                                                  /usr/lib/gcc/arm-none-eabi/13.2.1/../../../arm-none-eabi/lib/thumb/v7e-m+fp/hard/libg.a(libc_a-writer.o)
exit                                              /usr/lib/gcc/arm-none-eabi/13.2.1/../../../arm-none-eabi/lib/thumb/v7e-m+fp/hard/libg.a(libc_a-exit.o)
                                                  /usr/lib/gcc/arm-none-eabi/13.2.1/../../../arm-none-eabi/lib/thumb/v7e-m+fp/hard/crt0.o
fclose                                            /usr/lib/gcc/arm-none-eabi/13.2.1/../../../arm-none-eabi/lib/thumb/v7e-m+fp/hard/libg.a(libc_a-fclose.o)
fflush                                            /usr/lib/gcc/arm-none-eabi/13.2.1/../../../arm-none-eabi/lib/thumb/v7e-m+fp/hard/libg.a(libc_a-fflush.o)
g_pfnVectors                                      objdir-CW308_STM32F4/stm32f4_startup.o
get_rand                                          objdir-CW308_STM32F4/stm32f4_hal.o
                                                  objdir-CW308_STM32F4/smaug_rng.o
getch                                             objdir-CW308_STM32F4/stm32f4_hal.o
                                                  objdir-CW308_STM32F4/simpleserial.o
hardware_init_hook                                /usr/lib/gcc/arm-none-eabi/13.2.1/../../../arm-none-eabi/lib/thumb/v7e-m+fp/hard/crt0.o
hex_decode                                        objdir-CW308_STM32F4/simpleserial.o
hw_key                                            objdir-CW308_STM32F4/stm32f4_hal.o
init_uart                                         objdir-CW308_STM32F4/stm32f4_hal.o
                                                  objdir-CW308_STM32F4/simpleserial-smaug.o
led_error                                         objdir-CW308_STM32F4/hal.o
led_ok                                            objdir-CW308_STM32F4/hal.o
main                                              objdir-CW308_STM32F4/simpleserial-smaug.o
                                                  objdir-CW308_STM32F4/stm32f4_startup.o
                                                  /usr/lib/gcc/arm-none-eabi/13.2.1/../../../arm-none-eabi/lib/thumb/v7e-m+fp/hard/crt0.o
memcpy                                            /usr/lib/gcc/arm-none-eabi/13.2.1/../../../arm-none-eabi/lib/thumb/v7e-m+fp/hard/libg.a(libc_a-memcpy.o)
                                                  /home/pacl/Documents/Repository/sca-2026/lib/crypto_kem/smaug1.a(dg.c.o)
                                                  /home/pacl/Documents/Repository/sca-2026/lib/crypto_kem/smaug1.a(key.c.o)
                                                  /home/pacl/Documents/Repository/sca-2026/lib/crypto_kem/smaug1.a(io.c.o)
                                                  /home/pacl/Documents/Repository/sca-2026/lib/crypto_kem/smaug1.a(indcpa.c.o)
                                                  /home/pacl/Documents/Repository/sca-2026/lib/crypto_kem/smaug1.a(fips202.c.o)
memset                                            /usr/lib/gcc/arm-none-eabi/13.2.1/../../../arm-none-eabi/lib/thumb/v7e-m+fp/hard/libg.a(libc_a-memset.o)
                                                  /usr/lib/gcc/arm-none-eabi/13.2.1/../../../arm-none-eabi/lib/thumb/v7e-m+fp/hard/libg.a(libc_a-findfp.o)
                                                  /home/pacl/Documents/Repository/sca-2026/lib/crypto_kem/smaug1.a(hwt.c.o)
                                                  /home/pacl/Documents/Repository/sca-2026/lib/crypto_kem/smaug1.a(dg.c.o)
                                                  /home/pacl/Documents/Repository/sca-2026/lib/crypto_kem/smaug1.a(toomcook.c.o)
                                                  /home/pacl/Documents/Repository/sca-2026/lib/crypto_kem/smaug1.a(poly.c.o)
                                                  /home/pacl/Documents/Repository/sca-2026/lib/crypto_kem/smaug1.a(pack.c.o)
                                                  /home/pacl/Documents/Repository/sca-2026/lib/crypto_kem/smaug1.a(key.c.o)
                                                  /home/pacl/Documents/Repository/sca-2026/lib/crypto_kem/smaug1.a(indcpa.c.o)
                                                  /home/pacl/Documents/Repository/sca-2026/lib/crypto_kem/smaug1.a(kem.c.o)
                                                  /usr/lib/gcc/arm-none-eabi/13.2.1/../../../arm-none-eabi/lib/thumb/v7e-m+fp/hard/crt0.o
platform_init                                     objdir-CW308_STM32F4/stm32f4_hal.o
                                                  objdir-CW308_STM32F4/simpleserial-smaug.o
poly_add                                          /home/pacl/Documents/Repository/sca-2026/lib/crypto_kem/smaug1.a(poly.c.o)
poly_sub                                          /home/pacl/Documents/Repository/sca-2026/lib/crypto_kem/smaug1.a(poly.c.o)
putch                                             objdir-CW308_STM32F4/stm32f4_hal.o
                                                  objdir-CW308_STM32F4/simpleserial.o
rng_get_random_blocking                           objdir-CW308_STM32F4/smaug_rng.o
                                                  /home/pacl/Documents/Repository/sca-2026/lib/crypto_kem/smaug1.a(randombytes.c.o)
sha3_256                                          /home/pacl/Documents/Repository/sca-2026/lib/crypto_kem/smaug1.a(fips202.c.o)
                                                  /home/pacl/Documents/Repository/sca-2026/lib/crypto_kem/smaug1.a(kem.c.o)
sha3_256_inc_absorb                               /home/pacl/Documents/Repository/sca-2026/lib/crypto_kem/smaug1.a(fips202.c.o)
sha3_256_inc_ctx_clone                            /home/pacl/Documents/Repository/sca-2026/lib/crypto_kem/smaug1.a(fips202.c.o)
sha3_256_inc_ctx_release                          /home/pacl/Documents/Repository/sca-2026/lib/crypto_kem/smaug1.a(fips202.c.o)
sha3_256_inc_finalize                             /home/pacl/Documents/Repository/sca-2026/lib/crypto_kem/smaug1.a(fips202.c.o)
sha3_256_inc_init                                 /home/pacl/Documents/Repository/sca-2026/lib/crypto_kem/smaug1.a(fips202.c.o)
sha3_384                                          /home/pacl/Documents/Repository/sca-2026/lib/crypto_kem/smaug1.a(fips202.c.o)
sha3_384_inc_absorb                               /home/pacl/Documents/Repository/sca-2026/lib/crypto_kem/smaug1.a(fips202.c.o)
sha3_384_inc_ctx_clone                            /home/pacl/Documents/Repository/sca-2026/lib/crypto_kem/smaug1.a(fips202.c.o)
sha3_384_inc_ctx_release                          /home/pacl/Documents/Repository/sca-2026/lib/crypto_kem/smaug1.a(fips202.c.o)
sha3_384_inc_finalize                             /home/pacl/Documents/Repository/sca-2026/lib/crypto_kem/smaug1.a(fips202.c.o)
sha3_384_inc_init                                 /home/pacl/Documents/Repository/sca-2026/lib/crypto_kem/smaug1.a(fips202.c.o)
sha3_512                                          /home/pacl/Documents/Repository/sca-2026/lib/crypto_kem/smaug1.a(fips202.c.o)
                                                  /home/pacl/Documents/Repository/sca-2026/lib/crypto_kem/smaug1.a(indcpa.c.o)
sha3_512_inc_absorb                               /home/pacl/Documents/Repository/sca-2026/lib/crypto_kem/smaug1.a(fips202.c.o)
sha3_512_inc_ctx_clone                            /home/pacl/Documents/Repository/sca-2026/lib/crypto_kem/smaug1.a(fips202.c.o)
sha3_512_inc_ctx_release                          /home/pacl/Documents/Repository/sca-2026/lib/crypto_kem/smaug1.a(fips202.c.o)
sha3_512_inc_finalize                             /home/pacl/Documents/Repository/sca-2026/lib/crypto_kem/smaug1.a(fips202.c.o)
sha3_512_inc_init                                 /home/pacl/Documents/Repository/sca-2026/lib/crypto_kem/smaug1.a(fips202.c.o)
shake128                                          /home/pacl/Documents/Repository/sca-2026/lib/crypto_kem/smaug1.a(fips202.c.o)
                                                  /home/pacl/Documents/Repository/sca-2026/lib/crypto_kem/smaug1.a(key.c.o)
shake128_absorb                                   /home/pacl/Documents/Repository/sca-2026/lib/crypto_kem/smaug1.a(fips202.c.o)
shake128_ctx_clone                                /home/pacl/Documents/Repository/sca-2026/lib/crypto_kem/smaug1.a(fips202.c.o)
shake128_ctx_release                              /home/pacl/Documents/Repository/sca-2026/lib/crypto_kem/smaug1.a(fips202.c.o)
shake128_inc_absorb                               /home/pacl/Documents/Repository/sca-2026/lib/crypto_kem/smaug1.a(fips202.c.o)
shake128_inc_ctx_clone                            /home/pacl/Documents/Repository/sca-2026/lib/crypto_kem/smaug1.a(fips202.c.o)
shake128_inc_ctx_release                          /home/pacl/Documents/Repository/sca-2026/lib/crypto_kem/smaug1.a(fips202.c.o)
shake128_inc_finalize                             /home/pacl/Documents/Repository/sca-2026/lib/crypto_kem/smaug1.a(fips202.c.o)
shake128_inc_init                                 /home/pacl/Documents/Repository/sca-2026/lib/crypto_kem/smaug1.a(fips202.c.o)
shake128_inc_squeeze                              /home/pacl/Documents/Repository/sca-2026/lib/crypto_kem/smaug1.a(fips202.c.o)
shake128_squeezeblocks                            /home/pacl/Documents/Repository/sca-2026/lib/crypto_kem/smaug1.a(fips202.c.o)
shake256                                          /home/pacl/Documents/Repository/sca-2026/lib/crypto_kem/smaug1.a(fips202.c.o)
                                                  /home/pacl/Documents/Repository/sca-2026/lib/crypto_kem/smaug1.a(dg.c.o)
                                                  /home/pacl/Documents/Repository/sca-2026/lib/crypto_kem/smaug1.a(indcpa.c.o)
shake256_absorb                                   /home/pacl/Documents/Repository/sca-2026/lib/crypto_kem/smaug1.a(fips202.c.o)
shake256_ctx_clone                                /home/pacl/Documents/Repository/sca-2026/lib/crypto_kem/smaug1.a(fips202.c.o)
shake256_ctx_release                              /home/pacl/Documents/Repository/sca-2026/lib/crypto_kem/smaug1.a(fips202.c.o)
shake256_inc_absorb                               /home/pacl/Documents/Repository/sca-2026/lib/crypto_kem/smaug1.a(fips202.c.o)
                                                  /home/pacl/Documents/Repository/sca-2026/lib/crypto_kem/smaug1.a(hwt.c.o)
                                                  /home/pacl/Documents/Repository/sca-2026/lib/crypto_kem/smaug1.a(hash.c.o)
shake256_inc_ctx_clone                            /home/pacl/Documents/Repository/sca-2026/lib/crypto_kem/smaug1.a(fips202.c.o)